[2025-02-07T09:34:45.025+0000][75][info][gc,init] CardTable entry size: 512
[2025-02-07T09:34:45.025+0000][75][info][gc     ] Using G1
[2025-02-07T09:34:45.066+0000][75][info][gc,init] Version: 23+37-2369 (release)
[2025-02-07T09:34:45.066+0000][75][info][gc,init] CPUs: 16 total, 16 available
[2025-02-07T09:34:45.066+0000][75][info][gc,init] Memory: 15866M
[2025-02-07T09:34:45.067+0000][75][info][gc,init] Large Page Support: Disabled
[2025-02-07T09:34:45.067+0000][75][info][gc,init] NUMA Support: Disabled
[2025-02-07T09:34:45.067+0000][75][info][gc,init] Compressed Oops: Enabled (Zero based)
[2025-02-07T09:34:45.067+0000][75][info][gc,init] Heap Region Size: 8M
[2025-02-07T09:34:45.068+0000][75][info][gc,init] Heap Min Capacity: 512M
[2025-02-07T09:34:45.068+0000][75][info][gc,init] Heap Initial Capacity: 512M
[2025-02-07T09:34:45.068+0000][75][info][gc,init] Heap Max Capacity: 15G
[2025-02-07T09:34:45.068+0000][75][info][gc,init] Pre-touch: Enabled
[2025-02-07T09:34:45.069+0000][75][info][gc,init] Parallel Workers: 13
[2025-02-07T09:34:45.069+0000][75][info][gc,init] Concurrent Workers: 3
[2025-02-07T09:34:45.069+0000][75][info][gc,init] Concurrent Refinement Workers: 13
[2025-02-07T09:34:45.070+0000][75][info][gc,init] Periodic GC: Disabled
[2025-02-07T09:34:45.078+0000][75][info][gc,metaspace] CDS archive(s) mapped at: [0x00007fcece000000-0x00007fceced8e000-0x00007fceced8e000), size 14213120, SharedBaseAddress: 0x00007fcece000000, ArchiveRelocationMode: 1.
[2025-02-07T09:34:45.079+0000][75][info][gc,metaspace] Compressed class space mapped at: 0x00007fcecf000000-0x00007fcf0f000000, reserved size: 1073741824
[2025-02-07T09:34:45.079+0000][75][info][gc,metaspace] Narrow klass base: 0x00007fcece000000, Narrow klass shift: 0, Narrow klass range: 0x100000000
[2025-02-07T09:34:45.284+0000][75][info][gc,start    ] GC(0) Pause Young (Normal) (G1 Evacuation Pause)
[2025-02-07T09:34:45.284+0000][75][info][gc,task     ] GC(0) Using 12 workers of 13 for evacuation
[2025-02-07T09:34:45.285+0000][75][debug][gc,age      ] GC(0) Desired survivor size 4194304 bytes, new threshold 15 (max threshold 15)
[2025-02-07T09:34:45.287+0000][75][info ][gc,phases   ] GC(0)   Pre Evacuate Collection Set: 0.50ms
[2025-02-07T09:34:45.287+0000][75][info ][gc,phases   ] GC(0)   Merge Heap Roots: 0.50ms
[2025-02-07T09:34:45.287+0000][75][info ][gc,phases   ] GC(0)   Evacuate Collection Set: 0.81ms
[2025-02-07T09:34:45.288+0000][75][info ][gc,phases   ] GC(0)   Post Evacuate Collection Set: 0.43ms
[2025-02-07T09:34:45.288+0000][75][info ][gc,phases   ] GC(0)   Other: 0.78ms
[2025-02-07T09:34:45.288+0000][75][trace][gc,age      ] GC(0) Age table:
[2025-02-07T09:34:45.288+0000][75][trace][gc,age      ] GC(0) - age   1:     797568 bytes,     797568 total
[2025-02-07T09:34:45.288+0000][75][info ][gc,heap     ] GC(0) Eden regions: 3->0(3)
[2025-02-07T09:34:45.288+0000][75][info ][gc,heap     ] GC(0) Survivor regions: 0->1(1)
[2025-02-07T09:34:45.288+0000][75][info ][gc,heap     ] GC(0) Old regions: 1->1
[2025-02-07T09:34:45.288+0000][75][info ][gc,heap     ] GC(0) Humongous regions: 0->0
[2025-02-07T09:34:45.288+0000][75][info ][gc,metaspace] GC(0) Metaspace: 875K(1024K)->875K(1024K) NonClass: 818K(896K)->818K(896K) Class: 56K(128K)->56K(128K)
[2025-02-07T09:34:45.288+0000][75][info ][gc          ] GC(0) Pause Young (Normal) (G1 Evacuation Pause) 25M->2M(520M) 4.839ms
[2025-02-07T09:34:45.288+0000][75][info ][gc,cpu      ] GC(0) User=0.01s Sys=0.00s Real=0.00s
[2025-02-07T09:34:45.289+0000][75][info ][safepoint   ] Safepoint "G1CollectForAllocation", Time since last: 200201524 ns, Reaching safepoint: 6359 ns, At safepoint: 5117130 ns, Total: 5123489 ns
[2025-02-07T09:34:45.641+0000][75][info ][gc,start    ] GC(1) Pause Young (Normal) (G1 Evacuation Pause)
[2025-02-07T09:34:45.641+0000][75][info ][gc,task     ] GC(1) Using 12 workers of 13 for evacuation
[2025-02-07T09:34:45.641+0000][75][debug][gc,age      ] GC(1) Desired survivor size 4194304 bytes, new threshold 15 (max threshold 15)
[2025-02-07T09:34:45.643+0000][75][info ][gc,phases   ] GC(1)   Pre Evacuate Collection Set: 0.26ms
[2025-02-07T09:34:45.643+0000][75][info ][gc,phases   ] GC(1)   Merge Heap Roots: 0.14ms
[2025-02-07T09:34:45.644+0000][75][info ][gc,phases   ] GC(1)   Evacuate Collection Set: 1.40ms
[2025-02-07T09:34:45.644+0000][75][info ][gc,phases   ] GC(1)   Post Evacuate Collection Set: 0.47ms
[2025-02-07T09:34:45.644+0000][75][info ][gc,phases   ] GC(1)   Other: 0.20ms
[2025-02-07T09:34:45.644+0000][75][trace][gc,age      ] GC(1) Age table:
[2025-02-07T09:34:45.644+0000][75][trace][gc,age      ] GC(1) - age   1:    3760552 bytes,    3760552 total
[2025-02-07T09:34:45.644+0000][75][trace][gc,age      ] GC(1) - age   2:     766576 bytes,    4527128 total
[2025-02-07T09:34:45.644+0000][75][info ][gc,heap     ] GC(1) Eden regions: 3->0(7)
[2025-02-07T09:34:45.644+0000][75][info ][gc,heap     ] GC(1) Survivor regions: 1->1(1)
[2025-02-07T09:34:45.644+0000][75][info ][gc,heap     ] GC(1) Old regions: 1->1
[2025-02-07T09:34:45.644+0000][75][info ][gc,heap     ] GC(1) Humongous regions: 0->0
[2025-02-07T09:34:45.644+0000][75][info ][gc,metaspace] GC(1) Metaspace: 7265K(7488K)->7265K(7488K) NonClass: 6410K(6528K)->6410K(6528K) Class: 854K(960K)->854K(960K)
[2025-02-07T09:34:45.644+0000][75][info ][gc          ] GC(1) Pause Young (Normal) (G1 Evacuation Pause) 26M->5M(520M) 3.887ms
[2025-02-07T09:34:45.644+0000][75][info ][gc,cpu      ] GC(1) User=0.01s Sys=0.00s Real=0.01s
[2025-02-07T09:34:45.645+0000][75][info ][safepoint   ] Safepoint "G1CollectForAllocation", Time since last: 351877619 ns, Reaching safepoint: 2582 ns, At safepoint: 4046524 ns, Total: 4049106 ns
[2025-02-07T09:34:46.496+0000][75][info ][gc,start    ] GC(2) Pause Young (Normal) (G1 Evacuation Pause)
[2025-02-07T09:34:46.497+0000][75][info ][gc,task     ] GC(2) Using 12 workers of 13 for evacuation
[2025-02-07T09:34:46.497+0000][75][debug][gc,age      ] GC(2) Desired survivor size 4194304 bytes, new threshold 2 (max threshold 15)
[2025-02-07T09:34:46.503+0000][75][info ][gc,phases   ] GC(2)   Pre Evacuate Collection Set: 0.28ms
[2025-02-07T09:34:46.503+0000][75][info ][gc,phases   ] GC(2)   Merge Heap Roots: 0.14ms
[2025-02-07T09:34:46.503+0000][75][info ][gc,phases   ] GC(2)   Evacuate Collection Set: 4.51ms
[2025-02-07T09:34:46.503+0000][75][info ][gc,phases   ] GC(2)   Post Evacuate Collection Set: 0.90ms
[2025-02-07T09:34:46.504+0000][75][info ][gc,phases   ] GC(2)   Other: 0.46ms
[2025-02-07T09:34:46.504+0000][75][trace][gc,age      ] GC(2) Age table:
[2025-02-07T09:34:46.504+0000][75][trace][gc,age      ] GC(2) - age   1:    4669600 bytes,    4669600 total
[2025-02-07T09:34:46.504+0000][75][trace][gc,age      ] GC(2) - age   2:    3576680 bytes,    8246280 total
[2025-02-07T09:34:46.504+0000][75][info ][gc,heap     ] GC(2) Eden regions: 7->0(8)
[2025-02-07T09:34:46.505+0000][75][info ][gc,heap     ] GC(2) Survivor regions: 1->1(1)
[2025-02-07T09:34:46.505+0000][75][info ][gc,heap     ] GC(2) Old regions: 1->2
[2025-02-07T09:34:46.505+0000][75][info ][gc,heap     ] GC(2) Humongous regions: 0->0
[2025-02-07T09:34:46.505+0000][75][info ][gc,metaspace] GC(2) Metaspace: 17603K(18368K)->17603K(18368K) NonClass: 15583K(16000K)->15583K(16000K) Class: 2019K(2368K)->2019K(2368K)
[2025-02-07T09:34:46.505+0000][75][info ][gc          ] GC(2) Pause Young (Normal) (G1 Evacuation Pause) 61M->12M(520M) 9.212ms
[2025-02-07T09:34:46.506+0000][75][info ][gc,cpu      ] GC(2) User=0.02s Sys=0.01s Real=0.01s
[2025-02-07T09:34:46.506+0000][75][info ][safepoint   ] Safepoint "G1CollectForAllocation", Time since last: 851590368 ns, Reaching safepoint: 3179 ns, At safepoint: 9715268 ns, Total: 9718447 ns
[2025-02-07T09:34:47.055+0000][75][info ][gc,start    ] GC(3) Pause Young (Normal) (G1 Evacuation Pause)
[2025-02-07T09:34:47.055+0000][75][info ][gc,task     ] GC(3) Using 12 workers of 13 for evacuation
[2025-02-07T09:34:47.055+0000][75][debug][gc,age      ] GC(3) Desired survivor size 8388608 bytes, new threshold 15 (max threshold 15)
[2025-02-07T09:34:47.060+0000][75][info ][gc,phases   ] GC(3)   Pre Evacuate Collection Set: 0.28ms
[2025-02-07T09:34:47.060+0000][75][info ][gc,phases   ] GC(3)   Merge Heap Roots: 0.23ms
[2025-02-07T09:34:47.061+0000][75][info ][gc,phases   ] GC(3)   Evacuate Collection Set: 3.02ms
[2025-02-07T09:34:47.061+0000][75][info ][gc,phases   ] GC(3)   Post Evacuate Collection Set: 1.15ms
[2025-02-07T09:34:47.061+0000][75][info ][gc,phases   ] GC(3)   Other: 0.34ms
[2025-02-07T09:34:47.061+0000][75][trace][gc,age      ] GC(3) Age table:
[2025-02-07T09:34:47.061+0000][75][trace][gc,age      ] GC(3) - age   1:    2156448 bytes,    2156448 total
[2025-02-07T09:34:47.061+0000][75][trace][gc,age      ] GC(3) - age   2:    4576208 bytes,    6732656 total
[2025-02-07T09:34:47.061+0000][75][trace][gc,age      ] GC(3) - age   3:    3575568 bytes,   10308224 total
[2025-02-07T09:34:47.062+0000][75][info ][gc,heap     ] GC(3) Eden regions: 8->0(10)
[2025-02-07T09:34:47.062+0000][75][info ][gc,heap     ] GC(3) Survivor regions: 1->2(2)
[2025-02-07T09:34:47.062+0000][75][info ][gc,heap     ] GC(3) Old regions: 2->2
[2025-02-07T09:34:47.062+0000][75][info ][gc,heap     ] GC(3) Humongous regions: 0->0
[2025-02-07T09:34:47.062+0000][75][info ][gc,metaspace] GC(3) Metaspace: 19391K(20224K)->19391K(20224K) NonClass: 17198K(17664K)->17198K(17664K) Class: 2192K(2560K)->2192K(2560K)
[2025-02-07T09:34:47.062+0000][75][info ][gc          ] GC(3) Pause Young (Normal) (G1 Evacuation Pause) 76M->15M(520M) 7.254ms
[2025-02-07T09:34:47.062+0000][75][info ][gc,cpu      ] GC(3) User=0.05s Sys=0.02s Real=0.01s
[2025-02-07T09:34:47.062+0000][75][info ][safepoint   ] Safepoint "G1CollectForAllocation", Time since last: 550239608 ns, Reaching safepoint: 93631 ns, At safepoint: 7595586 ns, Total: 7689217 ns
[2025-02-07T09:34:47.117+0000][75][info ][gc,start    ] GC(4) Pause Young (Concurrent Start) (Metadata GC Threshold)
[2025-02-07T09:34:47.117+0000][75][info ][gc,task     ] GC(4) Using 12 workers of 13 for evacuation
[2025-02-07T09:34:47.118+0000][75][debug][gc,age      ] GC(4) Desired survivor size 8388608 bytes, new threshold 3 (max threshold 15)
[2025-02-07T09:34:47.124+0000][75][info ][gc,phases   ] GC(4)   Pre Evacuate Collection Set: 0.49ms
[2025-02-07T09:34:47.124+0000][75][info ][gc,phases   ] GC(4)   Merge Heap Roots: 0.19ms
[2025-02-07T09:34:47.124+0000][75][info ][gc,phases   ] GC(4)   Evacuate Collection Set: 3.90ms
[2025-02-07T09:34:47.124+0000][75][info ][gc,phases   ] GC(4)   Post Evacuate Collection Set: 1.41ms
[2025-02-07T09:34:47.124+0000][75][info ][gc,phases   ] GC(4)   Other: 0.78ms
[2025-02-07T09:34:47.124+0000][75][trace][gc,age      ] GC(4) Age table:
[2025-02-07T09:34:47.125+0000][75][trace][gc,age      ] GC(4) - age   1:     183648 bytes,     183648 total
[2025-02-07T09:34:47.125+0000][75][trace][gc,age      ] GC(4) - age   2:    1288152 bytes,    1471800 total
[2025-02-07T09:34:47.125+0000][75][trace][gc,age      ] GC(4) - age   3:    4575400 bytes,    6047200 total
[2025-02-07T09:34:47.125+0000][75][info ][gc,heap     ] GC(4) Eden regions: 1->0(21)
[2025-02-07T09:34:47.125+0000][75][info ][gc,heap     ] GC(4) Survivor regions: 2->1(2)
[2025-02-07T09:34:47.125+0000][75][info ][gc,heap     ] GC(4) Old regions: 2->2
[2025-02-07T09:34:47.125+0000][75][info ][gc,heap     ] GC(4) Humongous regions: 0->0
[2025-02-07T09:34:47.125+0000][75][info ][gc,metaspace] GC(4) Metaspace: 20672K(21504K)->20672K(21504K) NonClass: 18354K(18816K)->18354K(18816K) Class: 2317K(2688K)->2317K(2688K)
[2025-02-07T09:34:47.125+0000][75][info ][gc          ] GC(4) Pause Young (Concurrent Start) (Metadata GC Threshold) 22M->15M(520M) 8.438ms
[2025-02-07T09:34:47.125+0000][75][info ][gc,cpu      ] GC(4) User=0.06s Sys=0.00s Real=0.01s
[2025-02-07T09:34:47.125+0000][75][info ][gc          ] GC(5) Concurrent Mark Cycle
[2025-02-07T09:34:47.126+0000][75][info ][gc,marking  ] GC(5) Concurrent Scan Root Regions
[2025-02-07T09:34:47.126+0000][75][info ][safepoint   ] Safepoint "CollectForMetadataAllocation", Time since last: 54187745 ns, Reaching safepoint: 7128 ns, At safepoint: 8919590 ns, Total: 8926718 ns
[2025-02-07T09:34:47.130+0000][75][info ][gc,marking  ] GC(5) Concurrent Scan Root Regions 4.479ms
[2025-02-07T09:34:47.130+0000][75][info ][gc,marking  ] GC(5) Concurrent Mark
[2025-02-07T09:34:47.131+0000][75][info ][gc,marking  ] GC(5) Concurrent Mark From Roots
[2025-02-07T09:34:47.131+0000][75][info ][gc,task     ] GC(5) Using 3 workers of 3 for marking
[2025-02-07T09:34:47.136+0000][75][info ][gc,marking  ] GC(5) Concurrent Mark From Roots 5.785ms
[2025-02-07T09:34:47.137+0000][75][info ][gc,marking  ] GC(5) Concurrent Preclean
[2025-02-07T09:34:47.137+0000][75][info ][gc,marking  ] GC(5) Concurrent Preclean 0.219ms
[2025-02-07T09:34:47.138+0000][75][info ][gc,start    ] GC(5) Pause Remark
[2025-02-07T09:34:47.141+0000][75][info ][gc          ] GC(5) Pause Remark 17M->17M(512M) 3.349ms
[2025-02-07T09:34:47.141+0000][75][info ][gc,cpu      ] GC(5) User=0.03s Sys=0.00s Real=0.01s
[2025-02-07T09:34:47.141+0000][75][info ][safepoint   ] Safepoint "G1PauseRemark", Time since last: 11961098 ns, Reaching safepoint: 3646 ns, At safepoint: 3833055 ns, Total: 3836701 ns
[2025-02-07T09:34:47.141+0000][75][info ][gc,marking  ] GC(5) Concurrent Mark 11.264ms
[2025-02-07T09:34:47.142+0000][75][info ][gc,marking  ] GC(5) Concurrent Rebuild Remembered Sets and Scrub Regions
[2025-02-07T09:34:47.145+0000][75][info ][gc,marking  ] GC(5) Concurrent Rebuild Remembered Sets and Scrub Regions 3.734ms
[2025-02-07T09:34:47.146+0000][75][info ][gc,start    ] GC(5) Pause Cleanup
[2025-02-07T09:34:47.146+0000][75][info ][gc          ] GC(5) Pause Cleanup 17M->17M(512M) 0.266ms
[2025-02-07T09:34:47.146+0000][75][info ][gc,cpu      ] GC(5) User=0.01s Sys=0.00s Real=0.00s
[2025-02-07T09:34:47.147+0000][75][info ][safepoint   ] Safepoint "G1PauseCleanup", Time since last: 4406170 ns, Reaching safepoint: 92532 ns, At safepoint: 867894 ns, Total: 960426 ns
[2025-02-07T09:34:47.147+0000][75][info ][gc,marking  ] GC(5) Concurrent Clear Claimed Marks
[2025-02-07T09:34:47.147+0000][75][info ][gc,marking  ] GC(5) Concurrent Clear Claimed Marks 0.220ms
[2025-02-07T09:34:47.147+0000][75][info ][gc,marking  ] GC(5) Concurrent Cleanup for Next Mark
[2025-02-07T09:34:47.148+0000][75][info ][gc,marking  ] GC(5) Concurrent Cleanup for Next Mark 0.540ms
[2025-02-07T09:34:47.148+0000][75][info ][gc          ] GC(5) Concurrent Mark Cycle 22.952ms
[2025-02-07T09:34:47.771+0000][75][info ][gc,start    ] GC(6) Pause Young (Prepare Mixed) (G1 Evacuation Pause)
[2025-02-07T09:34:47.772+0000][75][info ][gc,task     ] GC(6) Using 12 workers of 13 for evacuation
[2025-02-07T09:34:47.772+0000][75][debug][gc,age      ] GC(6) Desired survivor size 12582912 bytes, new threshold 15 (max threshold 15)
[2025-02-07T09:34:47.779+0000][75][info ][gc,phases   ] GC(6)   Pre Evacuate Collection Set: 0.53ms
[2025-02-07T09:34:47.780+0000][75][info ][gc,phases   ] GC(6)   Merge Heap Roots: 0.22ms
[2025-02-07T09:34:47.780+0000][75][info ][gc,phases   ] GC(6)   Evacuate Collection Set: 5.22ms
[2025-02-07T09:34:47.780+0000][75][info ][gc,phases   ] GC(6)   Post Evacuate Collection Set: 1.13ms
[2025-02-07T09:34:47.781+0000][75][info ][gc,phases   ] GC(6)   Other: 0.67ms
[2025-02-07T09:34:47.781+0000][75][trace][gc,age      ] GC(6) Age table:
[2025-02-07T09:34:47.781+0000][75][trace][gc,age      ] GC(6) - age   1:    4788112 bytes,    4788112 total
[2025-02-07T09:34:47.781+0000][75][trace][gc,age      ] GC(6) - age   2:     172392 bytes,    4960504 total
[2025-02-07T09:34:47.782+0000][75][trace][gc,age      ] GC(6) - age   3:    1171912 bytes,    6132416 total
[2025-02-07T09:34:47.782+0000][75][trace][gc,age      ] GC(6) - age   4:    4554296 bytes,   10686712 total
[2025-02-07T09:34:47.782+0000][75][info ][gc,heap     ] GC(6) Eden regions: 19->0(18)
[2025-02-07T09:34:47.782+0000][75][info ][gc,heap     ] GC(6) Survivor regions: 1->2(3)
[2025-02-07T09:34:47.783+0000][75][info ][gc,heap     ] GC(6) Old regions: 2->2
[2025-02-07T09:34:47.783+0000][75][info ][gc,heap     ] GC(6) Humongous regions: 0->0
[2025-02-07T09:34:47.783+0000][75][info ][gc,metaspace] GC(6) Metaspace: 23837K(24704K)->23837K(24704K) NonClass: 21148K(21632K)->21148K(21632K) Class: 2688K(3072K)->2688K(3072K)
[2025-02-07T09:34:47.783+0000][75][info ][gc          ] GC(6) Pause Young (Prepare Mixed) (G1 Evacuation Pause) 167M->19M(512M) 12.213ms
[2025-02-07T09:34:47.784+0000][75][info ][gc,cpu      ] GC(6) User=0.03s Sys=0.00s Real=0.01s
[2025-02-07T09:34:47.784+0000][75][info ][safepoint   ] Safepoint "G1CollectForAllocation", Time since last: 624500118 ns, Reaching safepoint: 3946 ns, At safepoint: 12612182 ns, Total: 12616128 ns
[2025-02-07T09:34:48.293+0000][75][info ][gc,start    ] GC(7) Pause Young (Mixed) (G1 Evacuation Pause)
[2025-02-07T09:34:48.293+0000][75][info ][gc,task     ] GC(7) Using 12 workers of 13 for evacuation
[2025-02-07T09:34:48.293+0000][75][debug][gc,age      ] GC(7) Desired survivor size 12582912 bytes, new threshold 15 (max threshold 15)
[2025-02-07T09:34:48.301+0000][75][info ][gc,phases   ] GC(7)   Pre Evacuate Collection Set: 0.22ms
[2025-02-07T09:34:48.302+0000][75][info ][gc,phases   ] GC(7)   Merge Heap Roots: 0.17ms
[2025-02-07T09:34:48.302+0000][75][info ][gc,phases   ] GC(7)   Evacuate Collection Set: 5.45ms
[2025-02-07T09:34:48.302+0000][75][info ][gc,phases   ] GC(7)   Post Evacuate Collection Set: 1.51ms
[2025-02-07T09:34:48.302+0000][75][info ][gc,phases   ] GC(7)   Other: 0.42ms
[2025-02-07T09:34:48.302+0000][75][trace][gc,age      ] GC(7) Age table:
[2025-02-07T09:34:48.303+0000][75][trace][gc,age      ] GC(7) - age   1:    3631272 bytes,    3631272 total
[2025-02-07T09:34:48.303+0000][75][trace][gc,age      ] GC(7) - age   2:    2224664 bytes,    5855936 total
[2025-02-07T09:34:48.303+0000][75][trace][gc,age      ] GC(7) - age   3:     167608 bytes,    6023544 total
[2025-02-07T09:34:48.303+0000][75][trace][gc,age      ] GC(7) - age   4:    1167592 bytes,    7191136 total
[2025-02-07T09:34:48.303+0000][75][trace][gc,age      ] GC(7) - age   5:    4553784 bytes,   11744920 total
[2025-02-07T09:34:48.303+0000][75][info ][gc,heap     ] GC(7) Eden regions: 18->0(23)
[2025-02-07T09:34:48.304+0000][75][info ][gc,heap     ] GC(7) Survivor regions: 2->2(3)
[2025-02-07T09:34:48.304+0000][75][info ][gc,heap     ] GC(7) Old regions: 2->2
[2025-02-07T09:34:48.304+0000][75][info ][gc,heap     ] GC(7) Humongous regions: 0->0
[2025-02-07T09:34:48.304+0000][75][info ][gc,metaspace] GC(7) Metaspace: 29254K(30272K)->29254K(30272K) NonClass: 25973K(26560K)->25973K(26560K) Class: 3280K(3712K)->3280K(3712K)
[2025-02-07T09:34:48.304+0000][75][info ][gc          ] GC(7) Pause Young (Mixed) (G1 Evacuation Pause) 163M->20M(512M) 11.031ms
[2025-02-07T09:34:48.304+0000][75][info ][gc,cpu      ] GC(7) User=0.05s Sys=0.01s Real=0.01s
[2025-02-07T09:34:48.304+0000][75][info ][safepoint   ] Safepoint "G1CollectForAllocation", Time since last: 509145609 ns, Reaching safepoint: 4784 ns, At safepoint: 11388917 ns, Total: 11393701 ns
[2025-02-07T09:34:48.721+0000][75][info ][gc,start    ] GC(8) Pause Young (Normal) (G1 Evacuation Pause)
[2025-02-07T09:34:48.721+0000][75][info ][gc,task     ] GC(8) Using 12 workers of 13 for evacuation
[2025-02-07T09:34:48.722+0000][75][debug][gc,age      ] GC(8) Desired survivor size 16777216 bytes, new threshold 15 (max threshold 15)
[2025-02-07T09:34:48.728+0000][75][info ][gc,phases   ] GC(8)   Pre Evacuate Collection Set: 0.42ms
[2025-02-07T09:34:48.728+0000][75][info ][gc,phases   ] GC(8)   Merge Heap Roots: 0.17ms
[2025-02-07T09:34:48.729+0000][75][info ][gc,phases   ] GC(8)   Evacuate Collection Set: 4.65ms
[2025-02-07T09:34:48.729+0000][75][info ][gc,phases   ] GC(8)   Post Evacuate Collection Set: 0.83ms
[2025-02-07T09:34:48.729+0000][75][info ][gc,phases   ] GC(8)   Other: 0.48ms
[2025-02-07T09:34:48.729+0000][75][trace][gc,age      ] GC(8) Age table:
[2025-02-07T09:34:48.729+0000][75][trace][gc,age      ] GC(8) - age   1:    4983416 bytes,    4983416 total
[2025-02-07T09:34:48.729+0000][75][trace][gc,age      ] GC(8) - age   2:    3005488 bytes,    7988904 total
[2025-02-07T09:34:48.730+0000][75][trace][gc,age      ] GC(8) - age   3:    2221776 bytes,   10210680 total
[2025-02-07T09:34:48.730+0000][75][trace][gc,age      ] GC(8) - age   4:     167608 bytes,   10378288 total
[2025-02-07T09:34:48.730+0000][75][trace][gc,age      ] GC(8) - age   5:    1165624 bytes,   11543912 total
[2025-02-07T09:34:48.730+0000][75][trace][gc,age      ] GC(8) - age   6:    4553688 bytes,   16097600 total
[2025-02-07T09:34:48.730+0000][75][info ][gc,heap     ] GC(8) Eden regions: 23->0(28)
[2025-02-07T09:34:48.731+0000][75][info ][gc,heap     ] GC(8) Survivor regions: 2->3(4)
[2025-02-07T09:34:48.731+0000][75][info ][gc,heap     ] GC(8) Old regions: 2->2
[2025-02-07T09:34:48.731+0000][75][info ][gc,heap     ] GC(8) Humongous regions: 0->0
[2025-02-07T09:34:48.731+0000][75][info ][gc,metaspace] GC(8) Metaspace: 30322K(31360K)->30322K(31360K) NonClass: 26866K(27456K)->26866K(27456K) Class: 3456K(3904K)->3456K(3904K)
[2025-02-07T09:34:48.731+0000][75][info ][gc          ] GC(8) Pause Young (Normal) (G1 Evacuation Pause) 204M->24M(512M) 10.121ms
[2025-02-07T09:34:48.732+0000][75][info ][gc,cpu      ] GC(8) User=0.03s Sys=0.01s Real=0.01s
[2025-02-07T09:34:48.732+0000][75][info ][safepoint   ] Safepoint "G1CollectForAllocation", Time since last: 416877969 ns, Reaching safepoint: 4284 ns, At safepoint: 10460869 ns, Total: 10465153 ns
[2025-02-07T09:34:49.133+0000][75][info ][gc,start    ] GC(9) Pause Young (Normal) (G1 Evacuation Pause)
[2025-02-07T09:34:49.133+0000][75][info ][gc,task     ] GC(9) Using 12 workers of 13 for evacuation
[2025-02-07T09:34:49.134+0000][75][debug][gc,age      ] GC(9) Desired survivor size 16777216 bytes, new threshold 15 (max threshold 15)
[2025-02-07T09:34:49.141+0000][75][info ][gc,phases   ] GC(9)   Pre Evacuate Collection Set: 0.25ms
[2025-02-07T09:34:49.141+0000][75][info ][gc,phases   ] GC(9)   Merge Heap Roots: 0.16ms
[2025-02-07T09:34:49.141+0000][75][info ][gc,phases   ] GC(9)   Evacuate Collection Set: 4.78ms
[2025-02-07T09:34:49.141+0000][75][info ][gc,phases   ] GC(9)   Post Evacuate Collection Set: 1.76ms
[2025-02-07T09:34:49.142+0000][75][info ][gc,phases   ] GC(9)   Other: 0.49ms
[2025-02-07T09:34:49.142+0000][75][trace][gc,age      ] GC(9) Age table:
[2025-02-07T09:34:49.142+0000][75][trace][gc,age      ] GC(9) - age   1:    2983376 bytes,    2983376 total
[2025-02-07T09:34:49.142+0000][75][trace][gc,age      ] GC(9) - age   2:    2836176 bytes,    5819552 total
[2025-02-07T09:34:49.142+0000][75][trace][gc,age      ] GC(9) - age   3:    3005136 bytes,    8824688 total
[2025-02-07T09:34:49.142+0000][75][trace][gc,age      ] GC(9) - age   4:    2221320 bytes,   11046008 total
[2025-02-07T09:34:49.142+0000][75][trace][gc,age      ] GC(9) - age   5:     167608 bytes,   11213616 total
[2025-02-07T09:34:49.142+0000][75][trace][gc,age      ] GC(9) - age   6:    1165624 bytes,   12379240 total
[2025-02-07T09:34:49.142+0000][75][trace][gc,age      ] GC(9) - age   7:    4553656 bytes,   16932896 total
[2025-02-07T09:34:49.143+0000][75][info ][gc,heap     ] GC(9) Eden regions: 29->0(35)
[2025-02-07T09:34:49.143+0000][75][info ][gc,heap     ] GC(9) Survivor regions: 3->3(4)
[2025-02-07T09:34:49.143+0000][75][info ][gc,heap     ] GC(9) Old regions: 2->2
[2025-02-07T09:34:49.143+0000][75][info ][gc,heap     ] GC(9) Humongous regions: 0->0
[2025-02-07T09:34:49.143+0000][75][info ][gc,metaspace] GC(9) Metaspace: 30974K(32000K)->30974K(32000K) NonClass: 27446K(28032K)->27446K(28032K) Class: 3528K(3968K)->3528K(3968K)
[2025-02-07T09:34:49.143+0000][75][info ][gc          ] GC(9) Pause Young (Normal) (G1 Evacuation Pause) 256M->26M(512M) 10.136ms
[2025-02-07T09:34:49.143+0000][75][info ][gc,cpu      ] GC(9) User=0.03s Sys=0.02s Real=0.01s
[2025-02-07T09:34:49.144+0000][75][info ][safepoint   ] Safepoint "G1CollectForAllocation", Time since last: 401447845 ns, Reaching safepoint: 3643 ns, At safepoint: 10518686 ns, Total: 10522329 ns
[2025-02-07T09:34:49.844+0000][75][info ][gc,start    ] GC(10) Pause Young (Concurrent Start) (Metadata GC Threshold)
[2025-02-07T09:34:49.844+0000][75][info ][gc,task     ] GC(10) Using 12 workers of 13 for evacuation
[2025-02-07T09:34:49.844+0000][75][debug][gc,age      ] GC(10) Desired survivor size 20971520 bytes, new threshold 15 (max threshold 15)
[2025-02-07T09:34:49.862+0000][75][info ][gc,phases   ] GC(10)   Pre Evacuate Collection Set: 0.31ms
[2025-02-07T09:34:49.863+0000][75][info ][gc,phases   ] GC(10)   Merge Heap Roots: 0.15ms
[2025-02-07T09:34:49.863+0000][75][info ][gc,phases   ] GC(10)   Evacuate Collection Set: 6.32ms
[2025-02-07T09:34:49.863+0000][75][info ][gc,phases   ] GC(10)   Post Evacuate Collection Set: 10.89ms
[2025-02-07T09:34:49.863+0000][75][info ][gc,phases   ] GC(10)   Other: 0.51ms
[2025-02-07T09:34:49.863+0000][75][trace][gc,age      ] GC(10) Age table:
[2025-02-07T09:34:49.863+0000][75][trace][gc,age      ] GC(10) - age   1:    4333416 bytes,    4333416 total
[2025-02-07T09:34:49.863+0000][75][trace][gc,age      ] GC(10) - age   2:    2649096 bytes,    6982512 total
[2025-02-07T09:34:49.863+0000][75][trace][gc,age      ] GC(10) - age   3:    2830080 bytes,    9812592 total
[2025-02-07T09:34:49.863+0000][75][trace][gc,age      ] GC(10) - age   4:    3004800 bytes,   12817392 total
[2025-02-07T09:34:49.864+0000][75][trace][gc,age      ] GC(10) - age   5:    2220088 bytes,   15037480 total
[2025-02-07T09:34:49.864+0000][75][trace][gc,age      ] GC(10) - age   6:     167608 bytes,   15205088 total
[2025-02-07T09:34:49.864+0000][75][trace][gc,age      ] GC(10) - age   7:    1165240 bytes,   16370328 total
[2025-02-07T09:34:49.864+0000][75][trace][gc,age      ] GC(10) - age   8:    4553656 bytes,   20923984 total
[2025-02-07T09:34:49.864+0000][75][info ][gc,heap     ] GC(10) Eden regions: 35->0(43)
[2025-02-07T09:34:49.864+0000][75][info ][gc,heap     ] GC(10) Survivor regions: 3->3(5)
[2025-02-07T09:34:49.864+0000][75][info ][gc,heap     ] GC(10) Old regions: 2->2
[2025-02-07T09:34:49.864+0000][75][info ][gc,heap     ] GC(10) Humongous regions: 0->0
[2025-02-07T09:34:49.864+0000][75][info ][gc,metaspace] GC(10) Metaspace: 35171K(36288K)->35171K(36288K) NonClass: 31200K(31872K)->31200K(31872K) Class: 3970K(4416K)->3970K(4416K)
[2025-02-07T09:34:49.864+0000][75][info ][gc          ] GC(10) Pause Young (Concurrent Start) (Metadata GC Threshold) 306M->30M(616M) 20.470ms
[2025-02-07T09:34:49.865+0000][75][info ][gc,cpu      ] GC(10) User=0.07s Sys=0.08s Real=0.02s
[2025-02-07T09:34:49.865+0000][75][info ][safepoint   ] Safepoint "CollectForMetadataAllocation", Time since last: 700301342 ns, Reaching safepoint: 2837 ns, At safepoint: 20753072 ns, Total: 20755909 ns
[2025-02-07T09:34:49.865+0000][75][info ][gc          ] GC(11) Concurrent Mark Cycle
[2025-02-07T09:34:49.865+0000][75][info ][gc,marking  ] GC(11) Concurrent Scan Root Regions
[2025-02-07T09:34:49.869+0000][75][info ][gc,marking  ] GC(11) Concurrent Scan Root Regions 3.711ms
[2025-02-07T09:34:49.869+0000][75][info ][gc,marking  ] GC(11) Concurrent Mark
[2025-02-07T09:34:49.870+0000][75][info ][gc,marking  ] GC(11) Concurrent Mark From Roots
[2025-02-07T09:34:49.870+0000][75][info ][gc,task     ] GC(11) Using 3 workers of 3 for marking
[2025-02-07T09:34:49.876+0000][75][info ][gc,marking  ] GC(11) Concurrent Mark From Roots 6.309ms
[2025-02-07T09:34:49.876+0000][75][info ][gc,marking  ] GC(11) Concurrent Preclean
[2025-02-07T09:34:49.876+0000][75][info ][gc,marking  ] GC(11) Concurrent Preclean 0.133ms
[2025-02-07T09:34:49.876+0000][75][info ][gc,start    ] GC(11) Pause Remark
[2025-02-07T09:34:49.880+0000][75][info ][gc          ] GC(11) Pause Remark 35M->35M(512M) 3.460ms
[2025-02-07T09:34:49.880+0000][75][info ][gc,cpu      ] GC(11) User=0.02s Sys=0.00s Real=0.00s
[2025-02-07T09:34:49.880+0000][75][info ][safepoint   ] Safepoint "G1PauseRemark", Time since last: 11550554 ns, Reaching safepoint: 2991 ns, At safepoint: 3775395 ns, Total: 3778386 ns
[2025-02-07T09:34:49.880+0000][75][info ][gc,marking  ] GC(11) Concurrent Mark 10.902ms
[2025-02-07T09:34:49.880+0000][75][info ][gc,marking  ] GC(11) Concurrent Rebuild Remembered Sets and Scrub Regions
[2025-02-07T09:34:49.883+0000][75][info ][gc,marking  ] GC(11) Concurrent Rebuild Remembered Sets and Scrub Regions 2.779ms
[2025-02-07T09:34:49.884+0000][75][info ][gc,start    ] GC(11) Pause Cleanup
[2025-02-07T09:34:49.884+0000][75][info ][gc          ] GC(11) Pause Cleanup 35M->35M(512M) 0.109ms
[2025-02-07T09:34:49.884+0000][75][info ][gc,cpu      ] GC(11) User=0.00s Sys=0.00s Real=0.00s
[2025-02-07T09:34:49.884+0000][75][info ][safepoint   ] Safepoint "G1PauseCleanup", Time since last: 3487823 ns, Reaching safepoint: 2294 ns, At safepoint: 266587 ns, Total: 268881 ns
[2025-02-07T09:34:49.884+0000][75][info ][gc,marking  ] GC(11) Concurrent Clear Claimed Marks
[2025-02-07T09:34:49.884+0000][75][info ][gc,marking  ] GC(11) Concurrent Clear Claimed Marks 0.231ms
[2025-02-07T09:34:49.884+0000][75][info ][gc,marking  ] GC(11) Concurrent Cleanup for Next Mark
[2025-02-07T09:34:49.885+0000][75][info ][gc,marking  ] GC(11) Concurrent Cleanup for Next Mark 0.469ms
[2025-02-07T09:34:49.885+0000][75][info ][gc          ] GC(11) Concurrent Mark Cycle 20.405ms
[2025-02-07T09:34:50.260+0000][75][info ][gc,start    ] GC(12) Pause Young (Normal) (G1 Evacuation Pause)
[2025-02-07T09:34:50.260+0000][75][info ][gc,task     ] GC(12) Using 12 workers of 13 for evacuation
[2025-02-07T09:34:50.261+0000][75][debug][gc,age      ] GC(12) Desired survivor size 20971520 bytes, new threshold 15 (max threshold 15)
[2025-02-07T09:34:50.269+0000][75][info ][gc,phases   ] GC(12)   Pre Evacuate Collection Set: 0.33ms
[2025-02-07T09:34:50.270+0000][75][info ][gc,phases   ] GC(12)   Merge Heap Roots: 0.21ms
[2025-02-07T09:34:50.270+0000][75][info ][gc,phases   ] GC(12)   Evacuate Collection Set: 6.87ms
[2025-02-07T09:34:50.270+0000][75][info ][gc,phases   ] GC(12)   Post Evacuate Collection Set: 0.93ms
[2025-02-07T09:34:50.270+0000][75][info ][gc,phases   ] GC(12)   Other: 0.57ms
[2025-02-07T09:34:50.270+0000][75][trace][gc,age      ] GC(12) Age table:
[2025-02-07T09:34:50.270+0000][75][trace][gc,age      ] GC(12) - age   1:    7276656 bytes,    7276656 total
[2025-02-07T09:34:50.271+0000][75][trace][gc,age      ] GC(12) - age   2:    4308824 bytes,   11585480 total
[2025-02-07T09:34:50.271+0000][75][trace][gc,age      ] GC(12) - age   3:    2648488 bytes,   14233968 total
[2025-02-07T09:34:50.271+0000][75][trace][gc,age      ] GC(12) - age   4:    2829328 bytes,   17063296 total
[2025-02-07T09:34:50.271+0000][75][trace][gc,age      ] GC(12) - age   5:    3004768 bytes,   20068064 total
[2025-02-07T09:34:50.271+0000][75][trace][gc,age      ] GC(12) - age   6:    2219592 bytes,   22287656 total
[2025-02-07T09:34:50.271+0000][75][trace][gc,age      ] GC(12) - age   7:     167576 bytes,   22455232 total
[2025-02-07T09:34:50.272+0000][75][trace][gc,age      ] GC(12) - age   8:    1165176 bytes,   23620408 total
[2025-02-07T09:34:50.272+0000][75][trace][gc,age      ] GC(12) - age   9:    4552760 bytes,   28173168 total
[2025-02-07T09:34:50.272+0000][75][info ][gc,heap     ] GC(12) Eden regions: 35->0(34)
[2025-02-07T09:34:50.272+0000][75][info ][gc,heap     ] GC(12) Survivor regions: 3->4(5)
[2025-02-07T09:34:50.272+0000][75][info ][gc,heap     ] GC(12) Old regions: 2->2
[2025-02-07T09:34:50.273+0000][75][info ][gc,heap     ] GC(12) Humongous regions: 0->0
[2025-02-07T09:34:50.273+0000][75][info ][gc,metaspace] GC(12) Metaspace: 37264K(38464K)->37264K(38464K) NonClass: 32982K(33664K)->32982K(33664K) Class: 4281K(4800K)->4281K(4800K)
[2025-02-07T09:34:50.273+0000][75][info ][gc          ] GC(12) Pause Young (Normal) (G1 Evacuation Pause) 310M->37M(512M) 13.100ms
[2025-02-07T09:34:50.273+0000][75][info ][gc,cpu      ] GC(12) User=0.04s Sys=0.01s Real=0.02s
[2025-02-07T09:34:50.274+0000][75][info ][safepoint   ] Safepoint "G1CollectForAllocation", Time since last: 376148196 ns, Reaching safepoint: 3109 ns, At safepoint: 13620180 ns, Total: 13623289 ns
[2025-02-07T09:34:50.762+0000][75][info ][gc,start    ] GC(13) Pause Young (Normal) (G1 Evacuation Pause)
[2025-02-07T09:34:50.762+0000][75][info ][gc,task     ] GC(13) Using 12 workers of 13 for evacuation
[2025-02-07T09:34:50.762+0000][75][debug][gc,age      ] GC(13) Desired survivor size 20971520 bytes, new threshold 6 (max threshold 15)
[2025-02-07T09:34:50.772+0000][75][info ][gc,phases   ] GC(13)   Pre Evacuate Collection Set: 0.26ms
[2025-02-07T09:34:50.772+0000][75][info ][gc,phases   ] GC(13)   Merge Heap Roots: 0.19ms
[2025-02-07T09:34:50.773+0000][75][info ][gc,phases   ] GC(13)   Evacuate Collection Set: 8.43ms
[2025-02-07T09:34:50.773+0000][75][info ][gc,phases   ] GC(13)   Post Evacuate Collection Set: 1.10ms
[2025-02-07T09:34:50.773+0000][75][info ][gc,phases   ] GC(13)   Other: 0.25ms
[2025-02-07T09:34:50.773+0000][75][trace][gc,age      ] GC(13) Age table:
[2025-02-07T09:34:50.773+0000][75][trace][gc,age      ] GC(13) - age   1:    3811432 bytes,    3811432 total
[2025-02-07T09:34:50.773+0000][75][trace][gc,age      ] GC(13) - age   2:    3145232 bytes,    6956664 total
[2025-02-07T09:34:50.773+0000][75][trace][gc,age      ] GC(13) - age   3:    4308728 bytes,   11265392 total
[2025-02-07T09:34:50.773+0000][75][trace][gc,age      ] GC(13) - age   4:    2646976 bytes,   13912368 total
[2025-02-07T09:34:50.773+0000][75][trace][gc,age      ] GC(13) - age   5:    2825568 bytes,   16737936 total
[2025-02-07T09:34:50.773+0000][75][trace][gc,age      ] GC(13) - age   6:    3004584 bytes,   19742520 total
[2025-02-07T09:34:50.773+0000][75][info ][gc,heap     ] GC(13) Eden regions: 34->0(35)
[2025-02-07T09:34:50.774+0000][75][info ][gc,heap     ] GC(13) Survivor regions: 4->3(5)
[2025-02-07T09:34:50.774+0000][75][info ][gc,heap     ] GC(13) Old regions: 2->4
[2025-02-07T09:34:50.774+0000][75][info ][gc,heap     ] GC(13) Humongous regions: 0->0
[2025-02-07T09:34:50.774+0000][75][info ][gc,metaspace] GC(13) Metaspace: 39309K(40576K)->39309K(40576K) NonClass: 34768K(35520K)->34768K(35520K) Class: 4541K(5056K)->4541K(5056K)
[2025-02-07T09:34:50.775+0000][75][info ][gc          ] GC(13) Pause Young (Normal) (G1 Evacuation Pause) 309M->39M(512M) 12.990ms
[2025-02-07T09:34:50.775+0000][75][info ][gc,cpu      ] GC(13) User=0.04s Sys=0.00s Real=0.01s
[2025-02-07T09:34:50.775+0000][75][info ][safepoint   ] Safepoint "G1CollectForAllocation", Time since last: 488083058 ns, Reaching safepoint: 3248 ns, At safepoint: 13680190 ns, Total: 13683438 ns
[2025-02-07T09:34:51.124+0000][75][info ][gc,start    ] GC(14) Pause Young (Normal) (G1 Evacuation Pause)
[2025-02-07T09:34:51.125+0000][75][info ][gc,task     ] GC(14) Using 12 workers of 13 for evacuation
[2025-02-07T09:34:51.125+0000][75][debug][gc,age      ] GC(14) Desired survivor size 20971520 bytes, new threshold 15 (max threshold 15)
[2025-02-07T09:34:51.132+0000][75][info ][gc,phases   ] GC(14)   Pre Evacuate Collection Set: 0.25ms
[2025-02-07T09:34:51.132+0000][75][info ][gc,phases   ] GC(14)   Merge Heap Roots: 0.24ms
[2025-02-07T09:34:51.132+0000][75][info ][gc,phases   ] GC(14)   Evacuate Collection Set: 5.54ms
[2025-02-07T09:34:51.132+0000][75][info ][gc,phases   ] GC(14)   Post Evacuate Collection Set: 1.14ms
[2025-02-07T09:34:51.133+0000][75][info ][gc,phases   ] GC(14)   Other: 0.30ms
[2025-02-07T09:34:51.133+0000][75][trace][gc,age      ] GC(14) Age table:
[2025-02-07T09:34:51.133+0000][75][trace][gc,age      ] GC(14) - age   1:    6347680 bytes,    6347680 total
[2025-02-07T09:34:51.133+0000][75][trace][gc,age      ] GC(14) - age   2:    3689688 bytes,   10037368 total
[2025-02-07T09:34:51.133+0000][75][trace][gc,age      ] GC(14) - age   3:    3144960 bytes,   13182328 total
[2025-02-07T09:34:51.133+0000][75][trace][gc,age      ] GC(14) - age   4:    4306664 bytes,   17488992 total
[2025-02-07T09:34:51.133+0000][75][trace][gc,age      ] GC(14) - age   5:    2646640 bytes,   20135632 total
[2025-02-07T09:34:51.133+0000][75][trace][gc,age      ] GC(14) - age   6:    2825472 bytes,   22961104 total
[2025-02-07T09:34:51.133+0000][75][trace][gc,age      ] GC(14) - age   7:    3004584 bytes,   25965688 total
[2025-02-07T09:34:51.134+0000][75][info ][gc,heap     ] GC(14) Eden regions: 35->0(34)
[2025-02-07T09:34:51.134+0000][75][info ][gc,heap     ] GC(14) Survivor regions: 3->4(5)
[2025-02-07T09:34:51.134+0000][75][info ][gc,heap     ] GC(14) Old regions: 4->4
[2025-02-07T09:34:51.134+0000][75][info ][gc,heap     ] GC(14) Humongous regions: 0->0
[2025-02-07T09:34:51.134+0000][75][info ][gc,metaspace] GC(14) Metaspace: 39549K(40832K)->39549K(40832K) NonClass: 34976K(35776K)->34976K(35776K) Class: 4573K(5056K)->4573K(5056K)
[2025-02-07T09:34:51.134+0000][75][info ][gc          ] GC(14) Pause Young (Normal) (G1 Evacuation Pause) 319M->43M(512M) 9.741ms
[2025-02-07T09:34:51.134+0000][75][info ][gc,cpu      ] GC(14) User=0.04s Sys=0.01s Real=0.01s
[2025-02-07T09:34:51.134+0000][75][info ][safepoint   ] Safepoint "G1CollectForAllocation", Time since last: 348995099 ns, Reaching safepoint: 3376 ns, At safepoint: 10014435 ns, Total: 10017811 ns
[2025-02-07T09:34:52.286+0000][75][info ][gc,start    ] GC(15) Pause Young (Normal) (G1 Evacuation Pause)
[2025-02-07T09:34:52.286+0000][75][info ][gc,task     ] GC(15) Using 12 workers of 13 for evacuation
[2025-02-07T09:34:52.286+0000][75][debug][gc,age      ] GC(15) Desired survivor size 20971520 bytes, new threshold 6 (max threshold 15)
[2025-02-07T09:34:52.295+0000][75][info ][gc,phases   ] GC(15)   Pre Evacuate Collection Set: 0.35ms
[2025-02-07T09:34:52.295+0000][75][info ][gc,phases   ] GC(15)   Merge Heap Roots: 0.17ms
[2025-02-07T09:34:52.295+0000][75][info ][gc,phases   ] GC(15)   Evacuate Collection Set: 6.14ms
[2025-02-07T09:34:52.295+0000][75][info ][gc,phases   ] GC(15)   Post Evacuate Collection Set: 1.23ms
[2025-02-07T09:34:52.295+0000][75][info ][gc,phases   ] GC(15)   Other: 0.53ms
[2025-02-07T09:34:52.295+0000][75][trace][gc,age      ] GC(15) Age table:
[2025-02-07T09:34:52.296+0000][75][trace][gc,age      ] GC(15) - age   1:    4431448 bytes,    4431448 total
[2025-02-07T09:34:52.296+0000][75][trace][gc,age      ] GC(15) - age   2:    6028904 bytes,   10460352 total
[2025-02-07T09:34:52.296+0000][75][trace][gc,age      ] GC(15) - age   3:    3669776 bytes,   14130128 total
[2025-02-07T09:34:52.296+0000][75][trace][gc,age      ] GC(15) - age   4:    3137816 bytes,   17267944 total
[2025-02-07T09:34:52.296+0000][75][trace][gc,age      ] GC(15) - age   5:    4299944 bytes,   21567888 total
[2025-02-07T09:34:52.296+0000][75][trace][gc,age      ] GC(15) - age   6:    2644136 bytes,   24212024 total
[2025-02-07T09:34:52.297+0000][75][info ][gc,heap     ] GC(15) Eden regions: 34->0(34)
[2025-02-07T09:34:52.297+0000][75][info ][gc,heap     ] GC(15) Survivor regions: 4->4(5)
[2025-02-07T09:34:52.297+0000][75][info ][gc,heap     ] GC(15) Old regions: 4->4
[2025-02-07T09:34:52.297+0000][75][info ][gc,heap     ] GC(15) Humongous regions: 0->0
[2025-02-07T09:34:52.297+0000][75][info ][gc,metaspace] GC(15) Metaspace: 45908K(47360K)->45908K(47360K) NonClass: 40402K(41216K)->40402K(41216K) Class: 5505K(6144K)->5505K(6144K)
[2025-02-07T09:34:52.298+0000][75][info ][gc          ] GC(15) Pause Young (Normal) (G1 Evacuation Pause) 315M->48M(512M) 11.807ms
[2025-02-07T09:34:52.298+0000][75][info ][gc,cpu      ] GC(15) User=0.07s Sys=0.00s Real=0.01s
[2025-02-07T09:34:52.298+0000][75][info ][safepoint   ] Safepoint "G1CollectForAllocation", Time since last: 1151399179 ns, Reaching safepoint: 5344 ns, At safepoint: 12403794 ns, Total: 12409138 ns
[2025-02-07T09:34:53.273+0000][75][info ][gc,start    ] GC(16) Pause Young (Concurrent Start) (Metadata GC Threshold)
[2025-02-07T09:34:53.274+0000][75][info ][gc,task     ] GC(16) Using 12 workers of 13 for evacuation
[2025-02-07T09:34:53.274+0000][75][debug][gc,age      ] GC(16) Desired survivor size 20971520 bytes, new threshold 5 (max threshold 15)
[2025-02-07T09:34:53.282+0000][75][info ][gc,phases   ] GC(16)   Pre Evacuate Collection Set: 0.31ms
[2025-02-07T09:34:53.282+0000][75][info ][gc,phases   ] GC(16)   Merge Heap Roots: 0.21ms
[2025-02-07T09:34:53.282+0000][75][info ][gc,phases   ] GC(16)   Evacuate Collection Set: 5.87ms
[2025-02-07T09:34:53.282+0000][75][info ][gc,phases   ] GC(16)   Post Evacuate Collection Set: 1.18ms
[2025-02-07T09:34:53.282+0000][75][info ][gc,phases   ] GC(16)   Other: 0.60ms
[2025-02-07T09:34:53.282+0000][75][trace][gc,age      ] GC(16) Age table:
[2025-02-07T09:34:53.283+0000][75][trace][gc,age      ] GC(16) - age   1:    3084024 bytes,    3084024 total
[2025-02-07T09:34:53.283+0000][75][trace][gc,age      ] GC(16) - age   2:    4257216 bytes,    7341240 total
[2025-02-07T09:34:53.283+0000][75][trace][gc,age      ] GC(16) - age   3:    6025672 bytes,   13366912 total
[2025-02-07T09:34:53.283+0000][75][trace][gc,age      ] GC(16) - age   4:    3665920 bytes,   17032832 total
[2025-02-07T09:34:53.283+0000][75][trace][gc,age      ] GC(16) - age   5:    3135920 bytes,   20168752 total
[2025-02-07T09:34:53.283+0000][75][info ][gc,heap     ] GC(16) Eden regions: 25->0(35)
[2025-02-07T09:34:53.283+0000][75][info ][gc,heap     ] GC(16) Survivor regions: 4->3(5)
[2025-02-07T09:34:53.284+0000][75][info ][gc,heap     ] GC(16) Old regions: 4->5
[2025-02-07T09:34:53.284+0000][75][info ][gc,heap     ] GC(16) Humongous regions: 0->0
[2025-02-07T09:34:53.284+0000][75][info ][gc,metaspace] GC(16) Metaspace: 59469K(61056K)->59469K(61056K) NonClass: 52133K(53120K)->52133K(53120K) Class: 7335K(7936K)->7335K(7936K)
[2025-02-07T09:34:53.284+0000][75][info ][gc          ] GC(16) Pause Young (Concurrent Start) (Metadata GC Threshold) 248M->51M(512M) 10.767ms
[2025-02-07T09:34:53.284+0000][75][info ][gc,cpu      ] GC(16) User=0.03s Sys=0.00s Real=0.01s
[2025-02-07T09:34:53.284+0000][75][info ][gc          ] GC(17) Concurrent Mark Cycle
[2025-02-07T09:34:53.284+0000][75][info ][gc,marking  ] GC(17) Concurrent Scan Root Regions
[2025-02-07T09:34:53.284+0000][75][info ][safepoint   ] Safepoint "CollectForMetadataAllocation", Time since last: 975015020 ns, Reaching safepoint: 2913 ns, At safepoint: 11204564 ns, Total: 11207477 ns
[2025-02-07T09:34:53.289+0000][75][info ][gc,marking  ] GC(17) Concurrent Scan Root Regions 4.612ms
[2025-02-07T09:34:53.289+0000][75][info ][gc,marking  ] GC(17) Concurrent Mark
[2025-02-07T09:34:53.290+0000][75][info ][gc,marking  ] GC(17) Concurrent Mark From Roots
[2025-02-07T09:34:53.290+0000][75][info ][gc,task     ] GC(17) Using 3 workers of 3 for marking
[2025-02-07T09:34:53.301+0000][75][info ][gc,marking  ] GC(17) Concurrent Mark From Roots 10.953ms
[2025-02-07T09:34:53.301+0000][75][info ][gc,marking  ] GC(17) Concurrent Preclean
[2025-02-07T09:34:53.301+0000][75][info ][gc,marking  ] GC(17) Concurrent Preclean 0.291ms
[2025-02-07T09:34:53.302+0000][75][info ][gc,start    ] GC(17) Pause Remark
[2025-02-07T09:34:53.309+0000][75][info ][gc          ] GC(17) Pause Remark 55M->55M(512M) 6.877ms
[2025-02-07T09:34:53.309+0000][75][info ][gc,cpu      ] GC(17) User=0.03s Sys=0.01s Real=0.00s
[2025-02-07T09:34:53.309+0000][75][info ][safepoint   ] Safepoint "G1PauseRemark", Time since last: 17290938 ns, Reaching safepoint: 88786 ns, At safepoint: 7499523 ns, Total: 7588309 ns
[2025-02-07T09:34:53.309+0000][75][info ][gc,marking  ] GC(17) Concurrent Mark 20.099ms
[2025-02-07T09:34:53.310+0000][75][info ][gc,marking  ] GC(17) Concurrent Rebuild Remembered Sets and Scrub Regions
[2025-02-07T09:34:53.315+0000][75][info ][gc,marking  ] GC(17) Concurrent Rebuild Remembered Sets and Scrub Regions 4.970ms
[2025-02-07T09:34:53.316+0000][75][info ][gc,start    ] GC(17) Pause Cleanup
[2025-02-07T09:34:53.316+0000][75][info ][gc          ] GC(17) Pause Cleanup 55M->55M(512M) 0.322ms
[2025-02-07T09:34:53.316+0000][75][info ][gc,cpu      ] GC(17) User=0.00s Sys=0.00s Real=0.00s
[2025-02-07T09:34:53.316+0000][75][info ][safepoint   ] Safepoint "G1PauseCleanup", Time since last: 5894584 ns, Reaching safepoint: 395231 ns, At safepoint: 798549 ns, Total: 1193780 ns
[2025-02-07T09:34:53.317+0000][75][info ][gc,marking  ] GC(17) Concurrent Clear Claimed Marks
[2025-02-07T09:34:53.317+0000][75][info ][gc,marking  ] GC(17) Concurrent Clear Claimed Marks 0.397ms
[2025-02-07T09:34:53.317+0000][75][info ][gc,marking  ] GC(17) Concurrent Cleanup for Next Mark
[2025-02-07T09:34:53.318+0000][75][info ][gc,marking  ] GC(17) Concurrent Cleanup for Next Mark 0.586ms
[2025-02-07T09:34:53.318+0000][75][info ][gc          ] GC(17) Concurrent Mark Cycle 34.137ms
[2025-02-07T09:34:54.996+0000][75][info ][gc,start    ] GC(18) Pause Young (Prepare Mixed) (G1 Evacuation Pause)
[2025-02-07T09:34:54.996+0000][75][info ][gc,task     ] GC(18) Using 12 workers of 13 for evacuation
[2025-02-07T09:34:54.997+0000][75][debug][gc,age      ] GC(18) Desired survivor size 20971520 bytes, new threshold 15 (max threshold 15)
[2025-02-07T09:34:55.007+0000][75][info ][gc,phases   ] GC(18)   Pre Evacuate Collection Set: 0.33ms
[2025-02-07T09:34:55.007+0000][75][info ][gc,phases   ] GC(18)   Merge Heap Roots: 0.26ms
[2025-02-07T09:34:55.008+0000][75][info ][gc,phases   ] GC(18)   Evacuate Collection Set: 7.59ms
[2025-02-07T09:34:55.008+0000][75][info ][gc,phases   ] GC(18)   Post Evacuate Collection Set: 1.90ms
[2025-02-07T09:34:55.008+0000][75][info ][gc,phases   ] GC(18)   Other: 0.47ms
[2025-02-07T09:34:55.008+0000][75][trace][gc,age      ] GC(18) Age table:
[2025-02-07T09:34:55.008+0000][75][trace][gc,age      ] GC(18) - age   1:    9764784 bytes,    9764784 total
[2025-02-07T09:34:55.009+0000][75][trace][gc,age      ] GC(18) - age   2:    2886040 bytes,   12650824 total
[2025-02-07T09:34:55.009+0000][75][trace][gc,age      ] GC(18) - age   3:    4149640 bytes,   16800464 total
[2025-02-07T09:34:55.009+0000][75][trace][gc,age      ] GC(18) - age   4:    6013176 bytes,   22813640 total
[2025-02-07T09:34:55.009+0000][75][trace][gc,age      ] GC(18) - age   5:    3654368 bytes,   26468008 total
[2025-02-07T09:34:55.009+0000][75][trace][gc,age      ] GC(18) - age   6:    3128184 bytes,   29596192 total
[2025-02-07T09:34:55.010+0000][75][info ][gc,heap     ] GC(18) Eden regions: 35->0(34)
[2025-02-07T09:34:55.010+0000][75][info ][gc,heap     ] GC(18) Survivor regions: 3->4(5)
[2025-02-07T09:34:55.010+0000][75][info ][gc,heap     ] GC(18) Old regions: 5->5
[2025-02-07T09:34:55.010+0000][75][info ][gc,heap     ] GC(18) Humongous regions: 0->0
[2025-02-07T09:34:55.010+0000][75][info ][gc,metaspace] GC(18) Metaspace: 73339K(75328K)->73339K(75328K) NonClass: 63614K(64768K)->63614K(64768K) Class: 9725K(10560K)->9725K(10560K)
[2025-02-07T09:34:55.011+0000][75][info ][gc          ] GC(18) Pause Young (Prepare Mixed) (G1 Evacuation Pause) 331M->61M(512M) 14.483ms
[2025-02-07T09:34:55.011+0000][75][info ][gc,cpu      ] GC(18) User=0.08s Sys=0.00s Real=0.02s
[2025-02-07T09:34:55.011+0000][75][info ][safepoint   ] Safepoint "G1CollectForAllocation", Time since last: 1679618096 ns, Reaching safepoint: 86093 ns, At safepoint: 14951030 ns, Total: 15037123 ns
[2025-02-07T09:34:55.949+0000][75][info ][gc,start    ] GC(19) Pause Young (Mixed) (G1 Evacuation Pause)
[2025-02-07T09:34:55.949+0000][75][info ][gc,task     ] GC(19) Using 12 workers of 13 for evacuation
[2025-02-07T09:34:55.949+0000][75][debug][gc,age      ] GC(19) Desired survivor size 20971520 bytes, new threshold 4 (max threshold 15)
[2025-02-07T09:34:55.960+0000][75][info ][gc,phases   ] GC(19)   Pre Evacuate Collection Set: 0.26ms
[2025-02-07T09:34:55.960+0000][75][info ][gc,phases   ] GC(19)   Merge Heap Roots: 0.24ms
[2025-02-07T09:34:55.960+0000][75][info ][gc,phases   ] GC(19)   Evacuate Collection Set: 7.67ms
[2025-02-07T09:34:55.960+0000][75][info ][gc,phases   ] GC(19)   Post Evacuate Collection Set: 1.85ms
[2025-02-07T09:34:55.960+0000][75][info ][gc,phases   ] GC(19)   Other: 0.27ms
[2025-02-07T09:34:55.960+0000][75][trace][gc,age      ] GC(19) Age table:
[2025-02-07T09:34:55.960+0000][75][trace][gc,age      ] GC(19) - age   1:    3886824 bytes,    3886824 total
[2025-02-07T09:34:55.961+0000][75][trace][gc,age      ] GC(19) - age   2:    7577112 bytes,   11463936 total
[2025-02-07T09:34:55.961+0000][75][trace][gc,age      ] GC(19) - age   3:    2859288 bytes,   14323224 total
[2025-02-07T09:34:55.961+0000][75][trace][gc,age      ] GC(19) - age   4:    4036216 bytes,   18359440 total
[2025-02-07T09:34:55.961+0000][75][info ][gc,heap     ] GC(19) Eden regions: 34->0(35)
[2025-02-07T09:34:55.961+0000][75][info ][gc,heap     ] GC(19) Survivor regions: 4->3(5)
[2025-02-07T09:34:55.961+0000][75][info ][gc,heap     ] GC(19) Old regions: 5->6
[2025-02-07T09:34:55.961+0000][75][info ][gc,heap     ] GC(19) Humongous regions: 0->0
[2025-02-07T09:34:55.961+0000][75][info ][gc,metaspace] GC(19) Metaspace: 77968K(80000K)->77968K(80000K) NonClass: 67496K(68672K)->67496K(68672K) Class: 10471K(11328K)->10471K(11328K)
[2025-02-07T09:34:55.962+0000][75][info ][gc          ] GC(19) Pause Young (Mixed) (G1 Evacuation Pause) 333M->62M(512M) 12.506ms
[2025-02-07T09:34:55.962+0000][75][info ][gc,cpu      ] GC(19) User=0.09s Sys=0.00s Real=0.02s
[2025-02-07T09:34:55.962+0000][75][info ][safepoint   ] Safepoint "G1CollectForAllocation", Time since last: 937955572 ns, Reaching safepoint: 5107 ns, At safepoint: 12869690 ns, Total: 12874797 ns
[2025-02-07T09:34:57.116+0000][75][info ][gc,start    ] GC(20) Pause Young (Normal) (G1 Evacuation Pause)
[2025-02-07T09:34:57.117+0000][75][info ][gc,task     ] GC(20) Using 12 workers of 13 for evacuation
[2025-02-07T09:34:57.117+0000][75][debug][gc,age      ] GC(20) Desired survivor size 20971520 bytes, new threshold 15 (max threshold 15)
[2025-02-07T09:34:57.136+0000][75][info ][gc,phases   ] GC(20)   Pre Evacuate Collection Set: 0.40ms
[2025-02-07T09:34:57.136+0000][75][info ][gc,phases   ] GC(20)   Merge Heap Roots: 0.15ms
[2025-02-07T09:34:57.136+0000][75][info ][gc,phases   ] GC(20)   Evacuate Collection Set: 8.22ms
[2025-02-07T09:34:57.136+0000][75][info ][gc,phases   ] GC(20)   Post Evacuate Collection Set: 9.43ms
[2025-02-07T09:34:57.137+0000][75][info ][gc,phases   ] GC(20)   Other: 0.61ms
[2025-02-07T09:34:57.137+0000][75][trace][gc,age      ] GC(20) Age table:
[2025-02-07T09:34:57.137+0000][75][trace][gc,age      ] GC(20) - age   1:    5575976 bytes,    5575976 total
[2025-02-07T09:34:57.137+0000][75][trace][gc,age      ] GC(20) - age   2:    3773024 bytes,    9349000 total
[2025-02-07T09:34:57.137+0000][75][trace][gc,age      ] GC(20) - age   3:    7556408 bytes,   16905408 total
[2025-02-07T09:34:57.138+0000][75][trace][gc,age      ] GC(20) - age   4:    2851456 bytes,   19756864 total
[2025-02-07T09:34:57.138+0000][75][trace][gc,age      ] GC(20) - age   5:    3975976 bytes,   23732840 total
[2025-02-07T09:34:57.138+0000][75][info ][gc,heap     ] GC(20) Eden regions: 35->0(42)
[2025-02-07T09:34:57.138+0000][75][info ][gc,heap     ] GC(20) Survivor regions: 3->4(5)
[2025-02-07T09:34:57.138+0000][75][info ][gc,heap     ] GC(20) Old regions: 6->6
[2025-02-07T09:34:57.139+0000][75][info ][gc,heap     ] GC(20) Humongous regions: 0->0
[2025-02-07T09:34:57.139+0000][75][info ][gc,metaspace] GC(20) Metaspace: 90887K(92992K)->90887K(92992K) NonClass: 78680K(79872K)->78680K(79872K) Class: 12206K(13120K)->12206K(13120K)
[2025-02-07T09:34:57.139+0000][75][info ][gc          ] GC(20) Pause Young (Normal) (G1 Evacuation Pause) 342M->68M(616M) 22.486ms
[2025-02-07T09:34:57.139+0000][75][info ][gc,cpu      ] GC(20) User=0.03s Sys=0.12s Real=0.02s
[2025-02-07T09:34:57.139+0000][75][info ][safepoint   ] Safepoint "G1CollectForAllocation", Time since last: 1154591476 ns, Reaching safepoint: 2577 ns, At safepoint: 23024307 ns, Total: 23026884 ns
[2025-02-07T09:34:57.791+0000][75][info ][gc,start    ] GC(21) Pause Young (Concurrent Start) (Metadata GC Threshold)
[2025-02-07T09:34:57.791+0000][75][info ][gc,task     ] GC(21) Using 13 workers of 13 for evacuation
[2025-02-07T09:34:57.792+0000][75][debug][gc,age      ] GC(21) Desired survivor size 25165824 bytes, new threshold 15 (max threshold 15)
[2025-02-07T09:34:57.807+0000][75][info ][gc,phases   ] GC(21)   Pre Evacuate Collection Set: 0.36ms
[2025-02-07T09:34:57.808+0000][75][info ][gc,phases   ] GC(21)   Merge Heap Roots: 0.20ms
[2025-02-07T09:34:57.808+0000][75][info ][gc,phases   ] GC(21)   Evacuate Collection Set: 11.35ms
[2025-02-07T09:34:57.808+0000][75][info ][gc,phases   ] GC(21)   Post Evacuate Collection Set: 3.19ms
[2025-02-07T09:34:57.808+0000][75][info ][gc,phases   ] GC(21)   Other: 0.62ms
[2025-02-07T09:34:57.808+0000][75][trace][gc,age      ] GC(21) Age table:
[2025-02-07T09:34:57.808+0000][75][trace][gc,age      ] GC(21) - age   1:    3255352 bytes,    3255352 total
[2025-02-07T09:34:57.808+0000][75][trace][gc,age      ] GC(21) - age   2:    5302136 bytes,    8557488 total
[2025-02-07T09:34:57.809+0000][75][trace][gc,age      ] GC(21) - age   3:    3765208 bytes,   12322696 total
[2025-02-07T09:34:57.809+0000][75][trace][gc,age      ] GC(21) - age   4:    7520368 bytes,   19843064 total
[2025-02-07T09:34:57.809+0000][75][trace][gc,age      ] GC(21) - age   5:    2842000 bytes,   22685064 total
[2025-02-07T09:34:57.809+0000][75][trace][gc,age      ] GC(21) - age   6:    3964936 bytes,   26650000 total
[2025-02-07T09:34:57.809+0000][75][info ][gc,heap     ] GC(21) Eden regions: 10->0(42)
[2025-02-07T09:34:57.810+0000][75][info ][gc,heap     ] GC(21) Survivor regions: 4->4(6)
[2025-02-07T09:34:57.810+0000][75][info ][gc,heap     ] GC(21) Old regions: 6->6
[2025-02-07T09:34:57.810+0000][75][info ][gc,heap     ] GC(21) Humongous regions: 0->0
[2025-02-07T09:34:57.810+0000][75][info ][gc,metaspace] GC(21) Metaspace: 99915K(102016K)->99915K(102016K) NonClass: 86369K(87552K)->86369K(87552K) Class: 13546K(14464K)->13546K(14464K)
[2025-02-07T09:34:57.810+0000][75][info ][gc          ] GC(21) Pause Young (Concurrent Start) (Metadata GC Threshold) 144M->71M(616M) 19.174ms
[2025-02-07T09:34:57.811+0000][75][info ][gc,cpu      ] GC(21) User=0.06s Sys=0.00s Real=0.02s
[2025-02-07T09:34:57.811+0000][75][info ][gc          ] GC(22) Concurrent Mark Cycle
[2025-02-07T09:34:57.811+0000][75][info ][gc,marking  ] GC(22) Concurrent Scan Root Regions
[2025-02-07T09:34:57.811+0000][75][info ][safepoint   ] Safepoint "CollectForMetadataAllocation", Time since last: 651642505 ns, Reaching safepoint: 17982 ns, At safepoint: 19769396 ns, Total: 19787378 ns
[2025-02-07T09:34:57.818+0000][75][info ][gc,marking  ] GC(22) Concurrent Scan Root Regions 7.003ms
[2025-02-07T09:34:57.818+0000][75][info ][gc,marking  ] GC(22) Concurrent Mark
[2025-02-07T09:34:57.819+0000][75][info ][gc,marking  ] GC(22) Concurrent Mark From Roots
[2025-02-07T09:34:57.819+0000][75][info ][gc,task     ] GC(22) Using 3 workers of 3 for marking
[2025-02-07T09:34:57.828+0000][75][info ][safepoint   ] Safepoint "CollectForMetadataAllocation", Time since last: 16625601 ns, Reaching safepoint: 179310 ns, At safepoint: 76578 ns, Total: 255888 ns
[2025-02-07T09:34:57.831+0000][75][info ][gc,marking  ] GC(22) Concurrent Mark From Roots 12.655ms
[2025-02-07T09:34:57.832+0000][75][info ][gc,marking  ] GC(22) Concurrent Preclean
[2025-02-07T09:34:57.832+0000][75][info ][gc,marking  ] GC(22) Concurrent Preclean 0.410ms
[2025-02-07T09:34:57.833+0000][75][info ][gc,start    ] GC(22) Pause Remark
[2025-02-07T09:34:57.837+0000][75][info ][gc          ] GC(22) Pause Remark 76M->76M(512M) 4.572ms
[2025-02-07T09:34:57.838+0000][75][info ][gc,cpu      ] GC(22) User=0.02s Sys=0.00s Real=0.00s
[2025-02-07T09:34:57.838+0000][75][info ][safepoint   ] Safepoint "G1PauseRemark", Time since last: 4804980 ns, Reaching safepoint: 153883 ns, At safepoint: 5184937 ns, Total: 5338820 ns
[2025-02-07T09:34:57.838+0000][75][info ][gc,marking  ] GC(22) Concurrent Mark 19.906ms
[2025-02-07T09:34:57.839+0000][75][info ][gc,marking  ] GC(22) Concurrent Rebuild Remembered Sets and Scrub Regions
[2025-02-07T09:34:57.843+0000][75][info ][gc,marking  ] GC(22) Concurrent Rebuild Remembered Sets and Scrub Regions 4.224ms
[2025-02-07T09:34:57.843+0000][75][info ][gc,start    ] GC(22) Pause Cleanup
[2025-02-07T09:34:57.844+0000][75][info ][gc          ] GC(22) Pause Cleanup 76M->76M(512M) 0.319ms
[2025-02-07T09:34:57.844+0000][75][info ][gc,cpu      ] GC(22) User=0.00s Sys=0.00s Real=0.00s
[2025-02-07T09:34:57.844+0000][75][info ][safepoint   ] Safepoint "G1PauseCleanup", Time since last: 5267702 ns, Reaching safepoint: 158267 ns, At safepoint: 915553 ns, Total: 1073820 ns
[2025-02-07T09:34:57.845+0000][75][info ][gc,marking  ] GC(22) Concurrent Clear Claimed Marks
[2025-02-07T09:34:57.845+0000][75][info ][gc,marking  ] GC(22) Concurrent Clear Claimed Marks 0.468ms
[2025-02-07T09:34:57.845+0000][75][info ][gc,marking  ] GC(22) Concurrent Cleanup for Next Mark
[2025-02-07T09:34:57.846+0000][75][info ][gc,marking  ] GC(22) Concurrent Cleanup for Next Mark 0.855ms
[2025-02-07T09:34:57.847+0000][75][info ][gc          ] GC(22) Concurrent Mark Cycle 36.175ms
[2025-02-07T09:35:00.161+0000][75][info ][gc,start    ] GC(23) Pause Young (Normal) (G1 Evacuation Pause)
[2025-02-07T09:35:00.161+0000][75][info ][gc,task     ] GC(23) Using 12 workers of 13 for evacuation
[2025-02-07T09:35:00.161+0000][75][debug][gc,age      ] GC(23) Desired survivor size 20971520 bytes, new threshold 5 (max threshold 15)
[2025-02-07T09:35:00.179+0000][75][info ][gc,phases   ] GC(23)   Pre Evacuate Collection Set: 0.22ms
[2025-02-07T09:35:00.179+0000][75][info ][gc,phases   ] GC(23)   Merge Heap Roots: 0.15ms
[2025-02-07T09:35:00.179+0000][75][info ][gc,phases   ] GC(23)   Evacuate Collection Set: 15.20ms
[2025-02-07T09:35:00.179+0000][75][info ][gc,phases   ] GC(23)   Post Evacuate Collection Set: 2.31ms
[2025-02-07T09:35:00.180+0000][75][info ][gc,phases   ] GC(23)   Other: 0.21ms
[2025-02-07T09:35:00.180+0000][75][trace][gc,age      ] GC(23) Age table:
[2025-02-07T09:35:00.180+0000][75][trace][gc,age      ] GC(23) - age   1:   16794088 bytes,   16794088 total
[2025-02-07T09:35:00.180+0000][75][trace][gc,age      ] GC(23) - age   2:    3032576 bytes,   19826664 total
[2025-02-07T09:35:00.180+0000][75][trace][gc,age      ] GC(23) - age   3:    5270752 bytes,   25097416 total
[2025-02-07T09:35:00.180+0000][75][trace][gc,age      ] GC(23) - age   4:    3750632 bytes,   28848048 total
[2025-02-07T09:35:00.180+0000][75][trace][gc,age      ] GC(23) - age   5:    7318072 bytes,   36166120 total
[2025-02-07T09:35:00.180+0000][75][info ][gc,heap     ] GC(23) Eden regions: 34->0(33)
[2025-02-07T09:35:00.180+0000][75][info ][gc,heap     ] GC(23) Survivor regions: 4->5(5)
[2025-02-07T09:35:00.180+0000][75][info ][gc,heap     ] GC(23) Old regions: 6->7
[2025-02-07T09:35:00.180+0000][75][info ][gc,heap     ] GC(23) Humongous regions: 0->0
[2025-02-07T09:35:00.180+0000][75][info ][gc,metaspace] GC(23) Metaspace: 132993K(137024K)->132993K(137024K) NonClass: 114080K(116288K)->114080K(116288K) Class: 18913K(20736K)->18913K(20736K)
[2025-02-07T09:35:00.180+0000][75][info ][gc          ] GC(23) Pause Young (Normal) (G1 Evacuation Pause) 343M->87M(512M) 19.678ms
[2025-02-07T09:35:00.181+0000][75][info ][gc,cpu      ] GC(23) User=0.13s Sys=0.01s Real=0.02s
[2025-02-07T09:35:00.181+0000][75][info ][safepoint   ] Safepoint "G1CollectForAllocation", Time since last: 2316506698 ns, Reaching safepoint: 5341 ns, At safepoint: 19923168 ns, Total: 19928509 ns
[2025-02-07T09:35:04.421+0000][75][info ][gc,heap,exit] Heap
[2025-02-07T09:35:04.422+0000][75][info ][gc,heap,exit]  garbage-first heap   total reserved 15728640K, committed 524288K, used 135238K [0x0000000440000000, 0x0000000800000000)
[2025-02-07T09:35:04.423+0000][75][info ][gc,heap,exit]   region size 8192K, 11 young (90112K), 5 survivors (40960K)
[2025-02-07T09:35:04.424+0000][75][info ][gc,heap,exit]  Metaspace       used 135726K, committed 139776K, reserved 1179648K
[2025-02-07T09:35:04.425+0000][75][info ][gc,heap,exit]   class space    used 19371K, committed 21248K, reserved 1048576K
