[2025-02-11T08:11:15.567+0000][76][info][gc,init] CardTable entry size: 512
[2025-02-11T08:11:15.567+0000][76][info][gc     ] Using G1
[2025-02-11T08:11:15.610+0000][76][info][gc,init] Version: 23+37-2369 (release)
[2025-02-11T08:11:15.611+0000][76][info][gc,init] CPUs: 16 total, 16 available
[2025-02-11T08:11:15.611+0000][76][info][gc,init] Memory: 15866M
[2025-02-11T08:11:15.611+0000][76][info][gc,init] Large Page Support: Disabled
[2025-02-11T08:11:15.612+0000][76][info][gc,init] NUMA Support: Disabled
[2025-02-11T08:11:15.612+0000][76][info][gc,init] Compressed Oops: Enabled (Zero based)
[2025-02-11T08:11:15.612+0000][76][info][gc,init] Heap Region Size: 8M
[2025-02-11T08:11:15.613+0000][76][info][gc,init] Heap Min Capacity: 512M
[2025-02-11T08:11:15.613+0000][76][info][gc,init] Heap Initial Capacity: 512M
[2025-02-11T08:11:15.613+0000][76][info][gc,init] Heap Max Capacity: 15G
[2025-02-11T08:11:15.613+0000][76][info][gc,init] Pre-touch: Enabled
[2025-02-11T08:11:15.614+0000][76][info][gc,init] Parallel Workers: 13
[2025-02-11T08:11:15.614+0000][76][info][gc,init] Concurrent Workers: 3
[2025-02-11T08:11:15.614+0000][76][info][gc,init] Concurrent Refinement Workers: 13
[2025-02-11T08:11:15.615+0000][76][info][gc,init] Periodic GC: Disabled
[2025-02-11T08:11:15.623+0000][76][info][gc,metaspace] CDS archive(s) mapped at: [0x00007f5b8a000000-0x00007f5b8ad8e000-0x00007f5b8ad8e000), size 14213120, SharedBaseAddress: 0x00007f5b8a000000, ArchiveRelocationMode: 1.
[2025-02-11T08:11:15.624+0000][76][info][gc,metaspace] Compressed class space mapped at: 0x00007f5b8b000000-0x00007f5bcb000000, reserved size: 1073741824
[2025-02-11T08:11:15.624+0000][76][info][gc,metaspace] Narrow klass base: 0x00007f5b8a000000, Narrow klass shift: 0, Narrow klass range: 0x100000000
[2025-02-11T08:11:15.847+0000][76][info][gc,start    ] GC(0) Pause Young (Normal) (G1 Evacuation Pause)
[2025-02-11T08:11:15.847+0000][76][info][gc,task     ] GC(0) Using 12 workers of 13 for evacuation
[2025-02-11T08:11:15.847+0000][76][debug][gc,age      ] GC(0) Desired survivor size 4194304 bytes, new threshold 15 (max threshold 15)
[2025-02-11T08:11:15.849+0000][76][info ][gc,phases   ] GC(0)   Pre Evacuate Collection Set: 0.21ms
[2025-02-11T08:11:15.850+0000][76][info ][gc,phases   ] GC(0)   Merge Heap Roots: 0.29ms
[2025-02-11T08:11:15.850+0000][76][info ][gc,phases   ] GC(0)   Evacuate Collection Set: 0.85ms
[2025-02-11T08:11:15.851+0000][76][info ][gc,phases   ] GC(0)   Post Evacuate Collection Set: 0.45ms
[2025-02-11T08:11:15.851+0000][76][info ][gc,phases   ] GC(0)   Other: 0.43ms
[2025-02-11T08:11:15.851+0000][76][trace][gc,age      ] GC(0) Age table:
[2025-02-11T08:11:15.851+0000][76][trace][gc,age      ] GC(0) - age   1:     611992 bytes,     611992 total
[2025-02-11T08:11:15.852+0000][76][info ][gc,heap     ] GC(0) Eden regions: 3->0(3)
[2025-02-11T08:11:15.852+0000][76][info ][gc,heap     ] GC(0) Survivor regions: 0->1(1)
[2025-02-11T08:11:15.852+0000][76][info ][gc,heap     ] GC(0) Old regions: 1->1
[2025-02-11T08:11:15.852+0000][76][info ][gc,heap     ] GC(0) Humongous regions: 0->0
[2025-02-11T08:11:15.852+0000][76][info ][gc,metaspace] GC(0) Metaspace: 853K(1024K)->853K(1024K) NonClass: 798K(896K)->798K(896K) Class: 55K(128K)->55K(128K)
[2025-02-11T08:11:15.853+0000][76][info ][gc          ] GC(0) Pause Young (Normal) (G1 Evacuation Pause) 25M->1M(520M) 5.846ms
[2025-02-11T08:11:15.853+0000][76][info ][gc,cpu      ] GC(0) User=0.02s Sys=0.02s Real=0.01s
[2025-02-11T08:11:15.853+0000][76][info ][safepoint   ] Safepoint "G1CollectForAllocation", Time since last: 218473020 ns, Reaching safepoint: 4131 ns, At safepoint: 6333955 ns, Total: 6338086 ns
[2025-02-11T08:11:16.228+0000][76][info ][gc,start    ] GC(1) Pause Young (Normal) (G1 Evacuation Pause)
[2025-02-11T08:11:16.229+0000][76][info ][gc,task     ] GC(1) Using 12 workers of 13 for evacuation
[2025-02-11T08:11:16.229+0000][76][debug][gc,age      ] GC(1) Desired survivor size 4194304 bytes, new threshold 15 (max threshold 15)
[2025-02-11T08:11:16.231+0000][76][info ][gc,phases   ] GC(1)   Pre Evacuate Collection Set: 0.21ms
[2025-02-11T08:11:16.231+0000][76][info ][gc,phases   ] GC(1)   Merge Heap Roots: 0.14ms
[2025-02-11T08:11:16.232+0000][76][info ][gc,phases   ] GC(1)   Evacuate Collection Set: 1.47ms
[2025-02-11T08:11:16.232+0000][76][info ][gc,phases   ] GC(1)   Post Evacuate Collection Set: 0.49ms
[2025-02-11T08:11:16.232+0000][76][info ][gc,phases   ] GC(1)   Other: 0.31ms
[2025-02-11T08:11:16.232+0000][76][trace][gc,age      ] GC(1) Age table:
[2025-02-11T08:11:16.232+0000][76][trace][gc,age      ] GC(1) - age   1:    3937008 bytes,    3937008 total
[2025-02-11T08:11:16.232+0000][76][trace][gc,age      ] GC(1) - age   2:     578928 bytes,    4515936 total
[2025-02-11T08:11:16.232+0000][76][info ][gc,heap     ] GC(1) Eden regions: 3->0(7)
[2025-02-11T08:11:16.232+0000][76][info ][gc,heap     ] GC(1) Survivor regions: 1->1(1)
[2025-02-11T08:11:16.232+0000][76][info ][gc,heap     ] GC(1) Old regions: 1->1
[2025-02-11T08:11:16.233+0000][76][info ][gc,heap     ] GC(1) Humongous regions: 0->0
[2025-02-11T08:11:16.233+0000][76][info ][gc,metaspace] GC(1) Metaspace: 7240K(7488K)->7240K(7488K) NonClass: 6391K(6528K)->6391K(6528K) Class: 848K(960K)->848K(960K)
[2025-02-11T08:11:16.233+0000][76][info ][gc          ] GC(1) Pause Young (Normal) (G1 Evacuation Pause) 25M->5M(520M) 4.471ms
[2025-02-11T08:11:16.233+0000][76][info ][gc,cpu      ] GC(1) User=0.01s Sys=0.01s Real=0.01s
[2025-02-11T08:11:16.233+0000][76][info ][safepoint   ] Safepoint "G1CollectForAllocation", Time since last: 375178727 ns, Reaching safepoint: 4328 ns, At safepoint: 4779596 ns, Total: 4783924 ns
[2025-02-11T08:11:17.101+0000][76][info ][gc,start    ] GC(2) Pause Young (Normal) (G1 Evacuation Pause)
[2025-02-11T08:11:17.101+0000][76][info ][gc,task     ] GC(2) Using 12 workers of 13 for evacuation
[2025-02-11T08:11:17.101+0000][76][debug][gc,age      ] GC(2) Desired survivor size 4194304 bytes, new threshold 2 (max threshold 15)
[2025-02-11T08:11:17.109+0000][76][info ][gc,phases   ] GC(2)   Pre Evacuate Collection Set: 0.24ms
[2025-02-11T08:11:17.109+0000][76][info ][gc,phases   ] GC(2)   Merge Heap Roots: 0.14ms
[2025-02-11T08:11:17.109+0000][76][info ][gc,phases   ] GC(2)   Evacuate Collection Set: 5.70ms
[2025-02-11T08:11:17.109+0000][76][info ][gc,phases   ] GC(2)   Post Evacuate Collection Set: 0.91ms
[2025-02-11T08:11:17.110+0000][76][info ][gc,phases   ] GC(2)   Other: 0.24ms
[2025-02-11T08:11:17.110+0000][76][trace][gc,age      ] GC(2) Age table:
[2025-02-11T08:11:17.110+0000][76][trace][gc,age      ] GC(2) - age   1:    4616664 bytes,    4616664 total
[2025-02-11T08:11:17.110+0000][76][trace][gc,age      ] GC(2) - age   2:    3739184 bytes,    8355848 total
[2025-02-11T08:11:17.110+0000][76][info ][gc,heap     ] GC(2) Eden regions: 7->0(8)
[2025-02-11T08:11:17.110+0000][76][info ][gc,heap     ] GC(2) Survivor regions: 1->1(1)
[2025-02-11T08:11:17.110+0000][76][info ][gc,heap     ] GC(2) Old regions: 1->2
[2025-02-11T08:11:17.111+0000][76][info ][gc,heap     ] GC(2) Humongous regions: 0->0
[2025-02-11T08:11:17.111+0000][76][info ][gc,metaspace] GC(2) Metaspace: 17290K(18112K)->17290K(18112K) NonClass: 15311K(15744K)->15311K(15744K) Class: 1979K(2368K)->1979K(2368K)
[2025-02-11T08:11:17.111+0000][76][info ][gc          ] GC(2) Pause Young (Normal) (G1 Evacuation Pause) 61M->12M(520M) 9.869ms
[2025-02-11T08:11:17.111+0000][76][info ][gc,cpu      ] GC(2) User=0.01s Sys=0.01s Real=0.01s
[2025-02-11T08:11:17.112+0000][76][info ][safepoint   ] Safepoint "G1CollectForAllocation", Time since last: 868033206 ns, Reaching safepoint: 2741 ns, At safepoint: 10440045 ns, Total: 10442786 ns
[2025-02-11T08:11:17.755+0000][76][info ][gc,start    ] GC(3) Pause Young (Normal) (G1 Evacuation Pause)
[2025-02-11T08:11:17.756+0000][76][info ][gc,task     ] GC(3) Using 12 workers of 13 for evacuation
[2025-02-11T08:11:17.756+0000][76][debug][gc,age      ] GC(3) Desired survivor size 8388608 bytes, new threshold 15 (max threshold 15)
[2025-02-11T08:11:17.761+0000][76][info ][gc,phases   ] GC(3)   Pre Evacuate Collection Set: 0.23ms
[2025-02-11T08:11:17.761+0000][76][info ][gc,phases   ] GC(3)   Merge Heap Roots: 0.16ms
[2025-02-11T08:11:17.762+0000][76][info ][gc,phases   ] GC(3)   Evacuate Collection Set: 3.68ms
[2025-02-11T08:11:17.762+0000][76][info ][gc,phases   ] GC(3)   Post Evacuate Collection Set: 1.19ms
[2025-02-11T08:11:17.762+0000][76][info ][gc,phases   ] GC(3)   Other: 0.33ms
[2025-02-11T08:11:17.762+0000][76][trace][gc,age      ] GC(3) Age table:
[2025-02-11T08:11:17.762+0000][76][trace][gc,age      ] GC(3) - age   1:    2286640 bytes,    2286640 total
[2025-02-11T08:11:17.763+0000][76][trace][gc,age      ] GC(3) - age   2:    4537904 bytes,    6824544 total
[2025-02-11T08:11:17.763+0000][76][trace][gc,age      ] GC(3) - age   3:    3738016 bytes,   10562560 total
[2025-02-11T08:11:17.763+0000][76][info ][gc,heap     ] GC(3) Eden regions: 8->0(10)
[2025-02-11T08:11:17.763+0000][76][info ][gc,heap     ] GC(3) Survivor regions: 1->2(2)
[2025-02-11T08:11:17.764+0000][76][info ][gc,heap     ] GC(3) Old regions: 2->2
[2025-02-11T08:11:17.764+0000][76][info ][gc,heap     ] GC(3) Humongous regions: 0->0
[2025-02-11T08:11:17.764+0000][76][info ][gc,metaspace] GC(3) Metaspace: 19362K(20224K)->19362K(20224K) NonClass: 17175K(17664K)->17175K(17664K) Class: 2187K(2560K)->2187K(2560K)
[2025-02-11T08:11:17.764+0000][76][info ][gc          ] GC(3) Pause Young (Normal) (G1 Evacuation Pause) 76M->15M(520M) 9.116ms
[2025-02-11T08:11:17.765+0000][76][info ][gc,cpu      ] GC(3) User=0.06s Sys=0.01s Real=0.01s
[2025-02-11T08:11:17.765+0000][76][info ][safepoint   ] Safepoint "G1CollectForAllocation", Time since last: 643593954 ns, Reaching safepoint: 4463 ns, At safepoint: 10063248 ns, Total: 10067711 ns
[2025-02-11T08:11:17.827+0000][76][info ][gc,start    ] GC(4) Pause Young (Concurrent Start) (Metadata GC Threshold)
[2025-02-11T08:11:17.827+0000][76][info ][gc,task     ] GC(4) Using 12 workers of 13 for evacuation
[2025-02-11T08:11:17.827+0000][76][debug][gc,age      ] GC(4) Desired survivor size 8388608 bytes, new threshold 3 (max threshold 15)
[2025-02-11T08:11:17.834+0000][76][info ][gc,phases   ] GC(4)   Pre Evacuate Collection Set: 0.41ms
[2025-02-11T08:11:17.834+0000][76][info ][gc,phases   ] GC(4)   Merge Heap Roots: 0.19ms
[2025-02-11T08:11:17.834+0000][76][info ][gc,phases   ] GC(4)   Evacuate Collection Set: 3.92ms
[2025-02-11T08:11:17.834+0000][76][info ][gc,phases   ] GC(4)   Post Evacuate Collection Set: 1.27ms
[2025-02-11T08:11:17.835+0000][76][info ][gc,phases   ] GC(4)   Other: 0.82ms
[2025-02-11T08:11:17.835+0000][76][trace][gc,age      ] GC(4) Age table:
[2025-02-11T08:11:17.835+0000][76][trace][gc,age      ] GC(4) - age   1:     204024 bytes,     204024 total
[2025-02-11T08:11:17.835+0000][76][trace][gc,age      ] GC(4) - age   2:    1418664 bytes,    1622688 total
[2025-02-11T08:11:17.835+0000][76][trace][gc,age      ] GC(4) - age   3:    4537096 bytes,    6159784 total
[2025-02-11T08:11:17.835+0000][76][info ][gc,heap     ] GC(4) Eden regions: 1->0(20)
[2025-02-11T08:11:17.836+0000][76][info ][gc,heap     ] GC(4) Survivor regions: 2->1(2)
[2025-02-11T08:11:17.836+0000][76][info ][gc,heap     ] GC(4) Old regions: 2->2
[2025-02-11T08:11:17.836+0000][76][info ][gc,heap     ] GC(4) Humongous regions: 0->0
[2025-02-11T08:11:17.836+0000][76][info ][gc,metaspace] GC(4) Metaspace: 20666K(21504K)->20666K(21504K) NonClass: 18348K(18816K)->18348K(18816K) Class: 2317K(2688K)->2317K(2688K)
[2025-02-11T08:11:17.836+0000][76][info ][gc          ] GC(4) Pause Young (Concurrent Start) (Metadata GC Threshold) 22M->14M(520M) 9.791ms
[2025-02-11T08:11:17.837+0000][76][info ][gc,cpu      ] GC(4) User=0.07s Sys=0.00s Real=0.01s
[2025-02-11T08:11:17.837+0000][76][info ][gc          ] GC(5) Concurrent Mark Cycle
[2025-02-11T08:11:17.837+0000][76][info ][safepoint   ] Safepoint "CollectForMetadataAllocation", Time since last: 61267707 ns, Reaching safepoint: 3811 ns, At safepoint: 10240730 ns, Total: 10244541 ns
[2025-02-11T08:11:17.837+0000][76][info ][gc,marking  ] GC(5) Concurrent Scan Root Regions
[2025-02-11T08:11:17.841+0000][76][info ][gc,marking  ] GC(5) Concurrent Scan Root Regions 4.098ms
[2025-02-11T08:11:17.841+0000][76][info ][gc,marking  ] GC(5) Concurrent Mark
[2025-02-11T08:11:17.841+0000][76][info ][gc,marking  ] GC(5) Concurrent Mark From Roots
[2025-02-11T08:11:17.842+0000][76][info ][gc,task     ] GC(5) Using 3 workers of 3 for marking
[2025-02-11T08:11:17.847+0000][76][info ][gc,marking  ] GC(5) Concurrent Mark From Roots 5.942ms
[2025-02-11T08:11:17.848+0000][76][info ][gc,marking  ] GC(5) Concurrent Preclean
[2025-02-11T08:11:17.848+0000][76][info ][gc,marking  ] GC(5) Concurrent Preclean 0.136ms
[2025-02-11T08:11:17.848+0000][76][info ][gc,start    ] GC(5) Pause Remark
[2025-02-11T08:11:17.851+0000][76][info ][gc          ] GC(5) Pause Remark 16M->16M(512M) 3.319ms
[2025-02-11T08:11:17.852+0000][76][info ][gc,cpu      ] GC(5) User=0.04s Sys=0.00s Real=0.01s
[2025-02-11T08:11:17.852+0000][76][info ][safepoint   ] Safepoint "G1PauseRemark", Time since last: 11187857 ns, Reaching safepoint: 89361 ns, At safepoint: 3876096 ns, Total: 3965457 ns
[2025-02-11T08:11:17.852+0000][76][info ][gc,marking  ] GC(5) Concurrent Mark 10.810ms
[2025-02-11T08:11:17.852+0000][76][info ][gc,marking  ] GC(5) Concurrent Rebuild Remembered Sets and Scrub Regions
[2025-02-11T08:11:17.855+0000][76][info ][gc,marking  ] GC(5) Concurrent Rebuild Remembered Sets and Scrub Regions 3.259ms
[2025-02-11T08:11:17.856+0000][76][info ][gc,start    ] GC(5) Pause Cleanup
[2025-02-11T08:11:17.856+0000][76][info ][gc          ] GC(5) Pause Cleanup 16M->16M(512M) 0.165ms
[2025-02-11T08:11:17.856+0000][76][info ][gc,cpu      ] GC(5) User=0.00s Sys=0.00s Real=0.00s
[2025-02-11T08:11:17.856+0000][76][info ][safepoint   ] Safepoint "G1PauseCleanup", Time since last: 3717244 ns, Reaching safepoint: 85938 ns, At safepoint: 517330 ns, Total: 603268 ns
[2025-02-11T08:11:17.856+0000][76][info ][gc,marking  ] GC(5) Concurrent Clear Claimed Marks
[2025-02-11T08:11:17.857+0000][76][info ][gc,marking  ] GC(5) Concurrent Clear Claimed Marks 0.255ms
[2025-02-11T08:11:17.857+0000][76][info ][gc,marking  ] GC(5) Concurrent Cleanup for Next Mark
[2025-02-11T08:11:17.858+0000][76][info ][gc,marking  ] GC(5) Concurrent Cleanup for Next Mark 0.724ms
[2025-02-11T08:11:17.858+0000][76][info ][gc          ] GC(5) Concurrent Mark Cycle 21.332ms
[2025-02-11T08:11:18.584+0000][76][info ][gc,start    ] GC(6) Pause Young (Prepare Mixed) (G1 Evacuation Pause)
[2025-02-11T08:11:18.584+0000][76][info ][gc,task     ] GC(6) Using 12 workers of 13 for evacuation
[2025-02-11T08:11:18.584+0000][76][debug][gc,age      ] GC(6) Desired survivor size 12582912 bytes, new threshold 15 (max threshold 15)
[2025-02-11T08:11:18.589+0000][76][info ][gc,phases   ] GC(6)   Pre Evacuate Collection Set: 0.23ms
[2025-02-11T08:11:18.589+0000][76][info ][gc,phases   ] GC(6)   Merge Heap Roots: 0.17ms
[2025-02-11T08:11:18.590+0000][76][info ][gc,phases   ] GC(6)   Evacuate Collection Set: 3.25ms
[2025-02-11T08:11:18.590+0000][76][info ][gc,phases   ] GC(6)   Post Evacuate Collection Set: 0.97ms
[2025-02-11T08:11:18.590+0000][76][info ][gc,phases   ] GC(6)   Other: 0.42ms
[2025-02-11T08:11:18.590+0000][76][trace][gc,age      ] GC(6) Age table:
[2025-02-11T08:11:18.590+0000][76][trace][gc,age      ] GC(6) - age   1:    2847944 bytes,    2847944 total
[2025-02-11T08:11:18.590+0000][76][trace][gc,age      ] GC(6) - age   2:     193768 bytes,    3041712 total
[2025-02-11T08:11:18.591+0000][76][trace][gc,age      ] GC(6) - age   3:    1300032 bytes,    4341744 total
[2025-02-11T08:11:18.591+0000][76][trace][gc,age      ] GC(6) - age   4:    4511208 bytes,    8852952 total
[2025-02-11T08:11:18.591+0000][76][info ][gc,heap     ] GC(6) Eden regions: 18->0(18)
[2025-02-11T08:11:18.591+0000][76][info ][gc,heap     ] GC(6) Survivor regions: 1->2(3)
[2025-02-11T08:11:18.591+0000][76][info ][gc,heap     ] GC(6) Old regions: 2->2
[2025-02-11T08:11:18.591+0000][76][info ][gc,heap     ] GC(6) Humongous regions: 0->0
[2025-02-11T08:11:18.591+0000][76][info ][gc,metaspace] GC(6) Metaspace: 23828K(24704K)->23828K(24704K) NonClass: 21140K(21632K)->21140K(21632K) Class: 2688K(3072K)->2688K(3072K)
[2025-02-11T08:11:18.592+0000][76][info ][gc          ] GC(6) Pause Young (Prepare Mixed) (G1 Evacuation Pause) 158M->17M(512M) 7.836ms
[2025-02-11T08:11:18.592+0000][76][info ][gc,cpu      ] GC(6) User=0.02s Sys=0.01s Real=0.01s
[2025-02-11T08:11:18.592+0000][76][info ][safepoint   ] Safepoint "G1CollectForAllocation", Time since last: 727431319 ns, Reaching safepoint: 4682 ns, At safepoint: 8356887 ns, Total: 8361569 ns
[2025-02-11T08:11:19.081+0000][76][info ][gc,start    ] GC(7) Pause Young (Mixed) (G1 Evacuation Pause)
[2025-02-11T08:11:19.081+0000][76][info ][gc,task     ] GC(7) Using 12 workers of 13 for evacuation
[2025-02-11T08:11:19.081+0000][76][debug][gc,age      ] GC(7) Desired survivor size 12582912 bytes, new threshold 15 (max threshold 15)
[2025-02-11T08:11:19.090+0000][76][info ][gc,phases   ] GC(7)   Pre Evacuate Collection Set: 0.28ms
[2025-02-11T08:11:19.090+0000][76][info ][gc,phases   ] GC(7)   Merge Heap Roots: 0.43ms
[2025-02-11T08:11:19.091+0000][76][info ][gc,phases   ] GC(7)   Evacuate Collection Set: 6.59ms
[2025-02-11T08:11:19.091+0000][76][info ][gc,phases   ] GC(7)   Post Evacuate Collection Set: 1.14ms
[2025-02-11T08:11:19.091+0000][76][info ][gc,phases   ] GC(7)   Other: 0.43ms
[2025-02-11T08:11:19.091+0000][76][trace][gc,age      ] GC(7) Age table:
[2025-02-11T08:11:19.091+0000][76][trace][gc,age      ] GC(7) - age   1:    3448608 bytes,    3448608 total
[2025-02-11T08:11:19.091+0000][76][trace][gc,age      ] GC(7) - age   2:    2218368 bytes,    5666976 total
[2025-02-11T08:11:19.091+0000][76][trace][gc,age      ] GC(7) - age   3:     188984 bytes,    5855960 total
[2025-02-11T08:11:19.091+0000][76][trace][gc,age      ] GC(7) - age   4:    1295712 bytes,    7151672 total
[2025-02-11T08:11:19.091+0000][76][trace][gc,age      ] GC(7) - age   5:    4510696 bytes,   11662368 total
[2025-02-11T08:11:19.091+0000][76][info ][gc,heap     ] GC(7) Eden regions: 18->0(26)
[2025-02-11T08:11:19.091+0000][76][info ][gc,heap     ] GC(7) Survivor regions: 2->2(3)
[2025-02-11T08:11:19.092+0000][76][info ][gc,heap     ] GC(7) Old regions: 2->2
[2025-02-11T08:11:19.092+0000][76][info ][gc,heap     ] GC(7) Humongous regions: 0->0
[2025-02-11T08:11:19.092+0000][76][info ][gc,metaspace] GC(7) Metaspace: 29248K(30272K)->29248K(30272K) NonClass: 25967K(26560K)->25967K(26560K) Class: 3281K(3712K)->3281K(3712K)
[2025-02-11T08:11:19.092+0000][76][info ][gc          ] GC(7) Pause Young (Mixed) (G1 Evacuation Pause) 161M->20M(512M) 11.073ms
[2025-02-11T08:11:19.092+0000][76][info ][gc,cpu      ] GC(7) User=0.07s Sys=0.01s Real=0.02s
[2025-02-11T08:11:19.092+0000][76][info ][safepoint   ] Safepoint "G1CollectForAllocation", Time since last: 488775740 ns, Reaching safepoint: 4428 ns, At safepoint: 11335052 ns, Total: 11339480 ns
[2025-02-11T08:11:19.563+0000][76][info ][gc,start    ] GC(8) Pause Young (Normal) (G1 Evacuation Pause)
[2025-02-11T08:11:19.563+0000][76][info ][gc,task     ] GC(8) Using 12 workers of 13 for evacuation
[2025-02-11T08:11:19.564+0000][76][debug][gc,age      ] GC(8) Desired survivor size 16777216 bytes, new threshold 15 (max threshold 15)
[2025-02-11T08:11:19.570+0000][76][info ][gc,phases   ] GC(8)   Pre Evacuate Collection Set: 0.47ms
[2025-02-11T08:11:19.571+0000][76][info ][gc,phases   ] GC(8)   Merge Heap Roots: 0.26ms
[2025-02-11T08:11:19.571+0000][76][info ][gc,phases   ] GC(8)   Evacuate Collection Set: 4.60ms
[2025-02-11T08:11:19.571+0000][76][info ][gc,phases   ] GC(8)   Post Evacuate Collection Set: 0.84ms
[2025-02-11T08:11:19.572+0000][76][info ][gc,phases   ] GC(8)   Other: 0.81ms
[2025-02-11T08:11:19.572+0000][76][trace][gc,age      ] GC(8) Age table:
[2025-02-11T08:11:19.572+0000][76][trace][gc,age      ] GC(8) - age   1:    5438520 bytes,    5438520 total
[2025-02-11T08:11:19.572+0000][76][trace][gc,age      ] GC(8) - age   2:    3006112 bytes,    8444632 total
[2025-02-11T08:11:19.573+0000][76][trace][gc,age      ] GC(8) - age   3:    2215480 bytes,   10660112 total
[2025-02-11T08:11:19.573+0000][76][trace][gc,age      ] GC(8) - age   4:     188984 bytes,   10849096 total
[2025-02-11T08:11:19.573+0000][76][trace][gc,age      ] GC(8) - age   5:    1293808 bytes,   12142904 total
[2025-02-11T08:11:19.574+0000][76][trace][gc,age      ] GC(8) - age   6:    4510600 bytes,   16653504 total
[2025-02-11T08:11:19.574+0000][76][info ][gc,heap     ] GC(8) Eden regions: 26->0(28)
[2025-02-11T08:11:19.574+0000][76][info ][gc,heap     ] GC(8) Survivor regions: 2->3(4)
[2025-02-11T08:11:19.574+0000][76][info ][gc,heap     ] GC(8) Old regions: 2->2
[2025-02-11T08:11:19.574+0000][76][info ][gc,heap     ] GC(8) Humongous regions: 0->0
[2025-02-11T08:11:19.574+0000][76][info ][gc,metaspace] GC(8) Metaspace: 30329K(31360K)->30329K(31360K) NonClass: 26871K(27456K)->26871K(27456K) Class: 3457K(3904K)->3457K(3904K)
[2025-02-11T08:11:19.574+0000][76][info ][gc          ] GC(8) Pause Young (Normal) (G1 Evacuation Pause) 228M->25M(512M) 11.758ms
[2025-02-11T08:11:19.575+0000][76][info ][gc,cpu      ] GC(8) User=0.03s Sys=0.01s Real=0.01s
[2025-02-11T08:11:19.575+0000][76][info ][safepoint   ] Safepoint "G1CollectForAllocation", Time since last: 470487702 ns, Reaching safepoint: 3559 ns, At safepoint: 12184892 ns, Total: 12188451 ns
[2025-02-11T08:11:19.907+0000][76][info ][gc,start    ] GC(9) Pause Young (Normal) (G1 Evacuation Pause)
[2025-02-11T08:11:19.907+0000][76][info ][gc,task     ] GC(9) Using 12 workers of 13 for evacuation
[2025-02-11T08:11:19.908+0000][76][debug][gc,age      ] GC(9) Desired survivor size 16777216 bytes, new threshold 15 (max threshold 15)
[2025-02-11T08:11:19.914+0000][76][info ][gc,phases   ] GC(9)   Pre Evacuate Collection Set: 0.22ms
[2025-02-11T08:11:19.914+0000][76][info ][gc,phases   ] GC(9)   Merge Heap Roots: 0.15ms
[2025-02-11T08:11:19.915+0000][76][info ][gc,phases   ] GC(9)   Evacuate Collection Set: 4.91ms
[2025-02-11T08:11:19.915+0000][76][info ][gc,phases   ] GC(9)   Post Evacuate Collection Set: 0.87ms
[2025-02-11T08:11:19.915+0000][76][info ][gc,phases   ] GC(9)   Other: 0.65ms
[2025-02-11T08:11:19.915+0000][76][trace][gc,age      ] GC(9) Age table:
[2025-02-11T08:11:19.915+0000][76][trace][gc,age      ] GC(9) - age   1:    4361416 bytes,    4361416 total
[2025-02-11T08:11:19.916+0000][76][trace][gc,age      ] GC(9) - age   2:    2881384 bytes,    7242800 total
[2025-02-11T08:11:19.916+0000][76][trace][gc,age      ] GC(9) - age   3:    3005792 bytes,   10248592 total
[2025-02-11T08:11:19.916+0000][76][trace][gc,age      ] GC(9) - age   4:    2214896 bytes,   12463488 total
[2025-02-11T08:11:19.916+0000][76][trace][gc,age      ] GC(9) - age   5:     188984 bytes,   12652472 total
[2025-02-11T08:11:19.917+0000][76][trace][gc,age      ] GC(9) - age   6:    1293808 bytes,   13946280 total
[2025-02-11T08:11:19.917+0000][76][trace][gc,age      ] GC(9) - age   7:    4510600 bytes,   18456880 total
[2025-02-11T08:11:19.917+0000][76][info ][gc,heap     ] GC(9) Eden regions: 28->0(35)
[2025-02-11T08:11:19.917+0000][76][info ][gc,heap     ] GC(9) Survivor regions: 3->3(4)
[2025-02-11T08:11:19.917+0000][76][info ][gc,heap     ] GC(9) Old regions: 2->2
[2025-02-11T08:11:19.917+0000][76][info ][gc,heap     ] GC(9) Humongous regions: 0->0
[2025-02-11T08:11:19.917+0000][76][info ][gc,metaspace] GC(9) Metaspace: 30968K(32000K)->30968K(32000K) NonClass: 27439K(28032K)->27439K(28032K) Class: 3528K(3968K)->3528K(3968K)
[2025-02-11T08:11:19.917+0000][76][info ][gc          ] GC(9) Pause Young (Normal) (G1 Evacuation Pause) 249M->27M(512M) 10.528ms
[2025-02-11T08:11:19.917+0000][76][info ][gc,cpu      ] GC(9) User=0.05s Sys=0.00s Real=0.01s
[2025-02-11T08:11:19.918+0000][76][info ][safepoint   ] Safepoint "G1CollectForAllocation", Time since last: 332029059 ns, Reaching safepoint: 3566 ns, At safepoint: 10768477 ns, Total: 10772043 ns
[2025-02-11T08:11:20.632+0000][76][info ][gc,start    ] GC(10) Pause Young (Concurrent Start) (Metadata GC Threshold)
[2025-02-11T08:11:20.633+0000][76][info ][gc,task     ] GC(10) Using 12 workers of 13 for evacuation
[2025-02-11T08:11:20.633+0000][76][debug][gc,age      ] GC(10) Desired survivor size 20971520 bytes, new threshold 15 (max threshold 15)
[2025-02-11T08:11:20.641+0000][76][info ][gc,phases   ] GC(10)   Pre Evacuate Collection Set: 0.25ms
[2025-02-11T08:11:20.641+0000][76][info ][gc,phases   ] GC(10)   Merge Heap Roots: 0.16ms
[2025-02-11T08:11:20.641+0000][76][info ][gc,phases   ] GC(10)   Evacuate Collection Set: 6.33ms
[2025-02-11T08:11:20.642+0000][76][info ][gc,phases   ] GC(10)   Post Evacuate Collection Set: 1.18ms
[2025-02-11T08:11:20.642+0000][76][info ][gc,phases   ] GC(10)   Other: 0.42ms
[2025-02-11T08:11:20.642+0000][76][trace][gc,age      ] GC(10) Age table:
[2025-02-11T08:11:20.642+0000][76][trace][gc,age      ] GC(10) - age   1:    4356280 bytes,    4356280 total
[2025-02-11T08:11:20.642+0000][76][trace][gc,age      ] GC(10) - age   2:    2604376 bytes,    6960656 total
[2025-02-11T08:11:20.643+0000][76][trace][gc,age      ] GC(10) - age   3:    2875288 bytes,    9835944 total
[2025-02-11T08:11:20.643+0000][76][trace][gc,age      ] GC(10) - age   4:    3005456 bytes,   12841400 total
[2025-02-11T08:11:20.643+0000][76][trace][gc,age      ] GC(10) - age   5:    2213664 bytes,   15055064 total
[2025-02-11T08:11:20.643+0000][76][trace][gc,age      ] GC(10) - age   6:     188984 bytes,   15244048 total
[2025-02-11T08:11:20.644+0000][76][trace][gc,age      ] GC(10) - age   7:    1293168 bytes,   16537216 total
[2025-02-11T08:11:20.644+0000][76][trace][gc,age      ] GC(10) - age   8:    4510600 bytes,   21047816 total
[2025-02-11T08:11:20.644+0000][76][info ][gc,heap     ] GC(10) Eden regions: 35->0(35)
[2025-02-11T08:11:20.644+0000][76][info ][gc,heap     ] GC(10) Survivor regions: 3->3(5)
[2025-02-11T08:11:20.644+0000][76][info ][gc,heap     ] GC(10) Old regions: 2->2
[2025-02-11T08:11:20.644+0000][76][info ][gc,heap     ] GC(10) Humongous regions: 0->0
[2025-02-11T08:11:20.645+0000][76][info ][gc,metaspace] GC(10) Metaspace: 35220K(36288K)->35220K(36288K) NonClass: 31240K(31872K)->31240K(31872K) Class: 3979K(4416K)->3979K(4416K)
[2025-02-11T08:11:20.645+0000][76][info ][gc          ] GC(10) Pause Young (Concurrent Start) (Metadata GC Threshold) 303M->32M(512M) 12.559ms
[2025-02-11T08:11:20.645+0000][76][info ][gc,cpu      ] GC(10) User=0.02s Sys=0.00s Real=0.01s
[2025-02-11T08:11:20.645+0000][76][info ][gc          ] GC(11) Concurrent Mark Cycle
[2025-02-11T08:11:20.646+0000][76][info ][gc,marking  ] GC(11) Concurrent Scan Root Regions
[2025-02-11T08:11:20.646+0000][76][info ][safepoint   ] Safepoint "CollectForMetadataAllocation", Time since last: 714689791 ns, Reaching safepoint: 2252 ns, At safepoint: 13235106 ns, Total: 13237358 ns
[2025-02-11T08:11:20.649+0000][76][info ][gc,marking  ] GC(11) Concurrent Scan Root Regions 3.174ms
[2025-02-11T08:11:20.649+0000][76][info ][gc,marking  ] GC(11) Concurrent Mark
[2025-02-11T08:11:20.649+0000][76][info ][gc,marking  ] GC(11) Concurrent Mark From Roots
[2025-02-11T08:11:20.650+0000][76][info ][gc,task     ] GC(11) Using 3 workers of 3 for marking
[2025-02-11T08:11:20.656+0000][76][info ][gc,marking  ] GC(11) Concurrent Mark From Roots 6.807ms
[2025-02-11T08:11:20.657+0000][76][info ][gc,marking  ] GC(11) Concurrent Preclean
[2025-02-11T08:11:20.657+0000][76][info ][gc,marking  ] GC(11) Concurrent Preclean 0.137ms
[2025-02-11T08:11:20.657+0000][76][info ][gc,start    ] GC(11) Pause Remark
[2025-02-11T08:11:20.662+0000][76][info ][gc          ] GC(11) Pause Remark 36M->36M(512M) 4.661ms
[2025-02-11T08:11:20.662+0000][76][info ][gc,cpu      ] GC(11) User=0.02s Sys=0.02s Real=0.01s
[2025-02-11T08:11:20.663+0000][76][info ][safepoint   ] Safepoint "G1PauseRemark", Time since last: 11463377 ns, Reaching safepoint: 104970 ns, At safepoint: 5419795 ns, Total: 5524765 ns
[2025-02-11T08:11:20.663+0000][76][info ][gc,marking  ] GC(11) Concurrent Mark 13.643ms
[2025-02-11T08:11:20.663+0000][76][info ][gc,marking  ] GC(11) Concurrent Rebuild Remembered Sets and Scrub Regions
[2025-02-11T08:11:20.667+0000][76][info ][gc,marking  ] GC(11) Concurrent Rebuild Remembered Sets and Scrub Regions 4.153ms
[2025-02-11T08:11:20.668+0000][76][info ][gc,start    ] GC(11) Pause Cleanup
[2025-02-11T08:11:20.668+0000][76][info ][gc          ] GC(11) Pause Cleanup 36M->36M(512M) 0.302ms
[2025-02-11T08:11:20.668+0000][76][info ][gc,cpu      ] GC(11) User=0.00s Sys=0.00s Real=0.00s
[2025-02-11T08:11:20.669+0000][76][info ][safepoint   ] Safepoint "G1PauseCleanup", Time since last: 5120935 ns, Reaching safepoint: 22221 ns, At safepoint: 1003230 ns, Total: 1025451 ns
[2025-02-11T08:11:20.669+0000][76][info ][gc,marking  ] GC(11) Concurrent Clear Claimed Marks
[2025-02-11T08:11:20.669+0000][76][info ][gc,marking  ] GC(11) Concurrent Clear Claimed Marks 0.414ms
[2025-02-11T08:11:20.670+0000][76][info ][gc,marking  ] GC(11) Concurrent Cleanup for Next Mark
[2025-02-11T08:11:20.670+0000][76][info ][gc,marking  ] GC(11) Concurrent Cleanup for Next Mark 0.599ms
[2025-02-11T08:11:20.670+0000][76][info ][gc          ] GC(11) Concurrent Mark Cycle 25.085ms
[2025-02-11T08:11:21.047+0000][76][info ][gc,start    ] GC(12) Pause Young (Normal) (G1 Evacuation Pause)
[2025-02-11T08:11:21.048+0000][76][info ][gc,task     ] GC(12) Using 12 workers of 13 for evacuation
[2025-02-11T08:11:21.048+0000][76][debug][gc,age      ] GC(12) Desired survivor size 20971520 bytes, new threshold 8 (max threshold 15)
[2025-02-11T08:11:21.057+0000][76][info ][gc,phases   ] GC(12)   Pre Evacuate Collection Set: 0.32ms
[2025-02-11T08:11:21.058+0000][76][info ][gc,phases   ] GC(12)   Merge Heap Roots: 1.59ms
[2025-02-11T08:11:21.058+0000][76][info ][gc,phases   ] GC(12)   Evacuate Collection Set: 6.06ms
[2025-02-11T08:11:21.058+0000][76][info ][gc,phases   ] GC(12)   Post Evacuate Collection Set: 0.98ms
[2025-02-11T08:11:21.058+0000][76][info ][gc,phases   ] GC(12)   Other: 0.77ms
[2025-02-11T08:11:21.058+0000][76][trace][gc,age      ] GC(12) Age table:
[2025-02-11T08:11:21.058+0000][76][trace][gc,age      ] GC(12) - age   1:    7320616 bytes,    7320616 total
[2025-02-11T08:11:21.058+0000][76][trace][gc,age      ] GC(12) - age   2:    4311992 bytes,   11632608 total
[2025-02-11T08:11:21.058+0000][76][trace][gc,age      ] GC(12) - age   3:    2603768 bytes,   14236376 total
[2025-02-11T08:11:21.059+0000][76][trace][gc,age      ] GC(12) - age   4:    2874568 bytes,   17110944 total
[2025-02-11T08:11:21.059+0000][76][trace][gc,age      ] GC(12) - age   5:    3005424 bytes,   20116368 total
[2025-02-11T08:11:21.059+0000][76][trace][gc,age      ] GC(12) - age   6:    2213264 bytes,   22329632 total
[2025-02-11T08:11:21.059+0000][76][trace][gc,age      ] GC(12) - age   7:     188952 bytes,   22518584 total
[2025-02-11T08:11:21.059+0000][76][trace][gc,age      ] GC(12) - age   8:    1293136 bytes,   23811720 total
[2025-02-11T08:11:21.059+0000][76][info ][gc,heap     ] GC(12) Eden regions: 35->0(34)
[2025-02-11T08:11:21.059+0000][76][info ][gc,heap     ] GC(12) Survivor regions: 3->4(5)
[2025-02-11T08:11:21.059+0000][76][info ][gc,heap     ] GC(12) Old regions: 2->2
[2025-02-11T08:11:21.059+0000][76][info ][gc,heap     ] GC(12) Humongous regions: 0->0
[2025-02-11T08:11:21.060+0000][76][info ][gc,metaspace] GC(12) Metaspace: 37251K(38400K)->37251K(38400K) NonClass: 32971K(33664K)->32971K(33664K) Class: 4280K(4736K)->4280K(4736K)
[2025-02-11T08:11:21.060+0000][76][info ][gc          ] GC(12) Pause Young (Normal) (G1 Evacuation Pause) 312M->38M(512M) 12.515ms
[2025-02-11T08:11:21.060+0000][76][info ][gc,cpu      ] GC(12) User=0.04s Sys=0.00s Real=0.01s
[2025-02-11T08:11:21.060+0000][76][info ][safepoint   ] Safepoint "G1CollectForAllocation", Time since last: 378511355 ns, Reaching safepoint: 3213 ns, At safepoint: 12787207 ns, Total: 12790420 ns
[2025-02-11T08:11:21.581+0000][76][info ][gc,start    ] GC(13) Pause Young (Normal) (G1 Evacuation Pause)
[2025-02-11T08:11:21.582+0000][76][info ][gc,task     ] GC(13) Using 12 workers of 13 for evacuation
[2025-02-11T08:11:21.582+0000][76][debug][gc,age      ] GC(13) Desired survivor size 20971520 bytes, new threshold 6 (max threshold 15)
[2025-02-11T08:11:21.601+0000][76][info ][gc,phases   ] GC(13)   Pre Evacuate Collection Set: 0.37ms
[2025-02-11T08:11:21.601+0000][76][info ][gc,phases   ] GC(13)   Merge Heap Roots: 0.16ms
[2025-02-11T08:11:21.602+0000][76][info ][gc,phases   ] GC(13)   Evacuate Collection Set: 5.42ms
[2025-02-11T08:11:21.602+0000][76][info ][gc,phases   ] GC(13)   Post Evacuate Collection Set: 12.55ms
[2025-02-11T08:11:21.602+0000][76][info ][gc,phases   ] GC(13)   Other: 0.60ms
[2025-02-11T08:11:21.603+0000][76][trace][gc,age      ] GC(13) Age table:
[2025-02-11T08:11:21.603+0000][76][trace][gc,age      ] GC(13) - age   1:    3931032 bytes,    3931032 total
[2025-02-11T08:11:21.603+0000][76][trace][gc,age      ] GC(13) - age   2:    3142064 bytes,    7073096 total
[2025-02-11T08:11:21.604+0000][76][trace][gc,age      ] GC(13) - age   3:    4311832 bytes,   11384928 total
[2025-02-11T08:11:21.604+0000][76][trace][gc,age      ] GC(13) - age   4:    2602192 bytes,   13987120 total
[2025-02-11T08:11:21.604+0000][76][trace][gc,age      ] GC(13) - age   5:    2870872 bytes,   16857992 total
[2025-02-11T08:11:21.605+0000][76][trace][gc,age      ] GC(13) - age   6:    3005240 bytes,   19863232 total
[2025-02-11T08:11:21.605+0000][76][info ][gc,heap     ] GC(13) Eden regions: 34->0(43)
[2025-02-11T08:11:21.605+0000][76][info ][gc,heap     ] GC(13) Survivor regions: 4->3(5)
[2025-02-11T08:11:21.605+0000][76][info ][gc,heap     ] GC(13) Old regions: 2->3
[2025-02-11T08:11:21.605+0000][76][info ][gc,heap     ] GC(13) Humongous regions: 0->0
[2025-02-11T08:11:21.606+0000][76][info ][gc,metaspace] GC(13) Metaspace: 39312K(40448K)->39312K(40448K) NonClass: 34770K(35456K)->34770K(35456K) Class: 4542K(4992K)->4542K(4992K)
[2025-02-11T08:11:21.606+0000][76][info ][gc          ] GC(13) Pause Young (Normal) (G1 Evacuation Pause) 310M->37M(616M) 24.679ms
[2025-02-11T08:11:21.606+0000][76][info ][gc,cpu      ] GC(13) User=0.00s Sys=0.12s Real=0.03s
[2025-02-11T08:11:21.606+0000][76][info ][safepoint   ] Safepoint "G1CollectForAllocation", Time since last: 521002369 ns, Reaching safepoint: 88992 ns, At safepoint: 25189896 ns, Total: 25278888 ns
[2025-02-11T08:11:21.991+0000][76][info ][gc,start    ] GC(14) Pause Young (Normal) (G1 Evacuation Pause)
[2025-02-11T08:11:21.992+0000][76][info ][gc,task     ] GC(14) Using 13 workers of 13 for evacuation
[2025-02-11T08:11:21.992+0000][76][debug][gc,age      ] GC(14) Desired survivor size 25165824 bytes, new threshold 15 (max threshold 15)
[2025-02-11T08:11:21.999+0000][76][info ][gc,phases   ] GC(14)   Pre Evacuate Collection Set: 0.35ms
[2025-02-11T08:11:21.999+0000][76][info ][gc,phases   ] GC(14)   Merge Heap Roots: 0.21ms
[2025-02-11T08:11:21.999+0000][76][info ][gc,phases   ] GC(14)   Evacuate Collection Set: 4.56ms
[2025-02-11T08:11:22.000+0000][76][info ][gc,phases   ] GC(14)   Post Evacuate Collection Set: 1.32ms
[2025-02-11T08:11:22.000+0000][76][info ][gc,phases   ] GC(14)   Other: 0.46ms
[2025-02-11T08:11:22.000+0000][76][trace][gc,age      ] GC(14) Age table:
[2025-02-11T08:11:22.001+0000][76][trace][gc,age      ] GC(14) - age   1:    6249576 bytes,    6249576 total
[2025-02-11T08:11:22.001+0000][76][trace][gc,age      ] GC(14) - age   2:    3699184 bytes,    9948760 total
[2025-02-11T08:11:22.001+0000][76][trace][gc,age      ] GC(14) - age   3:    3141824 bytes,   13090584 total
[2025-02-11T08:11:22.002+0000][76][trace][gc,age      ] GC(14) - age   4:    4309768 bytes,   17400352 total
[2025-02-11T08:11:22.002+0000][76][trace][gc,age      ] GC(14) - age   5:    2601888 bytes,   20002240 total
[2025-02-11T08:11:22.002+0000][76][trace][gc,age      ] GC(14) - age   6:    2870872 bytes,   22873112 total
[2025-02-11T08:11:22.002+0000][76][trace][gc,age      ] GC(14) - age   7:    3005208 bytes,   25878320 total
[2025-02-11T08:11:22.003+0000][76][info ][gc,heap     ] GC(14) Eden regions: 43->0(42)
[2025-02-11T08:11:22.003+0000][76][info ][gc,heap     ] GC(14) Survivor regions: 3->4(6)
[2025-02-11T08:11:22.003+0000][76][info ][gc,heap     ] GC(14) Old regions: 3->3
[2025-02-11T08:11:22.003+0000][76][info ][gc,heap     ] GC(14) Humongous regions: 0->0
[2025-02-11T08:11:22.004+0000][76][info ][gc,metaspace] GC(14) Metaspace: 39589K(40832K)->39589K(40832K) NonClass: 35007K(35776K)->35007K(35776K) Class: 4582K(5056K)->4582K(5056K)
[2025-02-11T08:11:22.004+0000][76][info ][gc          ] GC(14) Pause Young (Normal) (G1 Evacuation Pause) 381M->44M(616M) 12.400ms
[2025-02-11T08:11:22.004+0000][76][info ][gc,cpu      ] GC(14) User=0.04s Sys=0.01s Real=0.02s
[2025-02-11T08:11:22.004+0000][76][info ][safepoint   ] Safepoint "G1CollectForAllocation", Time since last: 385109398 ns, Reaching safepoint: 4068 ns, At safepoint: 12926988 ns, Total: 12931056 ns
[2025-02-11T08:11:23.483+0000][76][info ][gc,start    ] GC(15) Pause Young (Normal) (G1 Evacuation Pause)
[2025-02-11T08:11:23.484+0000][76][info ][gc,task     ] GC(15) Using 13 workers of 13 for evacuation
[2025-02-11T08:11:23.484+0000][76][debug][gc,age      ] GC(15) Desired survivor size 25165824 bytes, new threshold 7 (max threshold 15)
[2025-02-11T08:11:23.493+0000][76][info ][gc,phases   ] GC(15)   Pre Evacuate Collection Set: 0.28ms
[2025-02-11T08:11:23.494+0000][76][info ][gc,phases   ] GC(15)   Merge Heap Roots: 0.19ms
[2025-02-11T08:11:23.494+0000][76][info ][gc,phases   ] GC(15)   Evacuate Collection Set: 6.98ms
[2025-02-11T08:11:23.494+0000][76][info ][gc,phases   ] GC(15)   Post Evacuate Collection Set: 1.52ms
[2025-02-11T08:11:23.494+0000][76][info ][gc,phases   ] GC(15)   Other: 0.54ms
[2025-02-11T08:11:23.494+0000][76][trace][gc,age      ] GC(15) Age table:
[2025-02-11T08:11:23.494+0000][76][trace][gc,age      ] GC(15) - age   1:    5650912 bytes,    5650912 total
[2025-02-11T08:11:23.494+0000][76][trace][gc,age      ] GC(15) - age   2:    6235768 bytes,   11886680 total
[2025-02-11T08:11:23.495+0000][76][trace][gc,age      ] GC(15) - age   3:    3675512 bytes,   15562192 total
[2025-02-11T08:11:23.495+0000][76][trace][gc,age      ] GC(15) - age   4:    3134616 bytes,   18696808 total
[2025-02-11T08:11:23.495+0000][76][trace][gc,age      ] GC(15) - age   5:    4302920 bytes,   22999728 total
[2025-02-11T08:11:23.495+0000][76][trace][gc,age      ] GC(15) - age   6:    2599200 bytes,   25598928 total
[2025-02-11T08:11:23.496+0000][76][trace][gc,age      ] GC(15) - age   7:    2863264 bytes,   28462192 total
[2025-02-11T08:11:23.496+0000][76][info ][gc,heap     ] GC(15) Eden regions: 42->0(42)
[2025-02-11T08:11:23.496+0000][76][info ][gc,heap     ] GC(15) Survivor regions: 4->4(6)
[2025-02-11T08:11:23.496+0000][76][info ][gc,heap     ] GC(15) Old regions: 3->3
[2025-02-11T08:11:23.496+0000][76][info ][gc,heap     ] GC(15) Humongous regions: 0->0
[2025-02-11T08:11:23.497+0000][76][info ][gc,metaspace] GC(15) Metaspace: 51468K(52992K)->51468K(52992K) NonClass: 45313K(46208K)->45313K(46208K) Class: 6154K(6784K)->6154K(6784K)
[2025-02-11T08:11:23.497+0000][76][info ][gc          ] GC(15) Pause Young (Normal) (G1 Evacuation Pause) 380M->50M(616M) 13.794ms
[2025-02-11T08:11:23.497+0000][76][info ][gc,cpu      ] GC(15) User=0.06s Sys=0.01s Real=0.01s
[2025-02-11T08:11:23.498+0000][76][info ][safepoint   ] Safepoint "G1CollectForAllocation", Time since last: 1478868057 ns, Reaching safepoint: 3253 ns, At safepoint: 14323247 ns, Total: 14326500 ns
[2025-02-11T08:11:23.993+0000][76][info ][gc,start    ] GC(16) Pause Young (Concurrent Start) (Metadata GC Threshold)
[2025-02-11T08:11:23.993+0000][76][info ][gc,task     ] GC(16) Using 13 workers of 13 for evacuation
[2025-02-11T08:11:23.993+0000][76][debug][gc,age      ] GC(16) Desired survivor size 25165824 bytes, new threshold 6 (max threshold 15)
[2025-02-11T08:11:24.001+0000][76][info ][gc,phases   ] GC(16)   Pre Evacuate Collection Set: 0.44ms
[2025-02-11T08:11:24.001+0000][76][info ][gc,phases   ] GC(16)   Merge Heap Roots: 0.17ms
[2025-02-11T08:11:24.002+0000][76][info ][gc,phases   ] GC(16)   Evacuate Collection Set: 5.79ms
[2025-02-11T08:11:24.002+0000][76][info ][gc,phases   ] GC(16)   Post Evacuate Collection Set: 1.13ms
[2025-02-11T08:11:24.002+0000][76][info ][gc,phases   ] GC(16)   Other: 0.59ms
[2025-02-11T08:11:24.003+0000][76][trace][gc,age      ] GC(16) Age table:
[2025-02-11T08:11:24.003+0000][76][trace][gc,age      ] GC(16) - age   1:    1622144 bytes,    1622144 total
[2025-02-11T08:11:24.003+0000][76][trace][gc,age      ] GC(16) - age   2:    5459944 bytes,    7082088 total
[2025-02-11T08:11:24.004+0000][76][trace][gc,age      ] GC(16) - age   3:    6234064 bytes,   13316152 total
[2025-02-11T08:11:24.004+0000][76][trace][gc,age      ] GC(16) - age   4:    3675352 bytes,   16991504 total
[2025-02-11T08:11:24.005+0000][76][trace][gc,age      ] GC(16) - age   5:    3132720 bytes,   20124224 total
[2025-02-11T08:11:24.005+0000][76][trace][gc,age      ] GC(16) - age   6:    4302432 bytes,   24426656 total
[2025-02-11T08:11:24.005+0000][76][info ][gc,heap     ] GC(16) Eden regions: 9->0(42)
[2025-02-11T08:11:24.006+0000][76][info ][gc,heap     ] GC(16) Survivor regions: 4->4(6)
[2025-02-11T08:11:24.006+0000][76][info ][gc,heap     ] GC(16) Old regions: 3->4
[2025-02-11T08:11:24.006+0000][76][info ][gc,heap     ] GC(16) Humongous regions: 0->0
[2025-02-11T08:11:24.007+0000][76][info ][gc,metaspace] GC(16) Metaspace: 59490K(61056K)->59490K(61056K) NonClass: 52148K(53120K)->52148K(53120K) Class: 7342K(7936K)->7342K(7936K)
[2025-02-11T08:11:24.007+0000][76][info ][gc          ] GC(16) Pause Young (Concurrent Start) (Metadata GC Threshold) 122M->52M(616M) 14.605ms
[2025-02-11T08:11:24.008+0000][76][info ][gc,cpu      ] GC(16) User=0.03s Sys=0.00s Real=0.01s
[2025-02-11T08:11:24.008+0000][76][info ][gc          ] GC(17) Concurrent Mark Cycle
[2025-02-11T08:11:24.008+0000][76][info ][gc,marking  ] GC(17) Concurrent Scan Root Regions
[2025-02-11T08:11:24.008+0000][76][info ][safepoint   ] Safepoint "CollectForMetadataAllocation", Time since last: 494977126 ns, Reaching safepoint: 2446 ns, At safepoint: 15510785 ns, Total: 15513231 ns
[2025-02-11T08:11:24.012+0000][76][info ][gc,marking  ] GC(17) Concurrent Scan Root Regions 4.109ms
[2025-02-11T08:11:24.013+0000][76][info ][gc,marking  ] GC(17) Concurrent Mark
[2025-02-11T08:11:24.013+0000][76][info ][gc,marking  ] GC(17) Concurrent Mark From Roots
[2025-02-11T08:11:24.013+0000][76][info ][gc,task     ] GC(17) Using 3 workers of 3 for marking
[2025-02-11T08:11:24.023+0000][76][info ][gc,marking  ] GC(17) Concurrent Mark From Roots 10.169ms
[2025-02-11T08:11:24.024+0000][76][info ][gc,marking  ] GC(17) Concurrent Preclean
[2025-02-11T08:11:24.024+0000][76][info ][gc,marking  ] GC(17) Concurrent Preclean 0.333ms
[2025-02-11T08:11:24.024+0000][76][info ][gc,start    ] GC(17) Pause Remark
[2025-02-11T08:11:24.032+0000][76][info ][gc          ] GC(17) Pause Remark 56M->56M(512M) 7.259ms
[2025-02-11T08:11:24.032+0000][76][info ][gc,cpu      ] GC(17) User=0.03s Sys=0.01s Real=0.01s
[2025-02-11T08:11:24.033+0000][76][info ][safepoint   ] Safepoint "G1PauseRemark", Time since last: 16419725 ns, Reaching safepoint: 2176 ns, At safepoint: 8133655 ns, Total: 8135831 ns
[2025-02-11T08:11:24.033+0000][76][info ][gc,marking  ] GC(17) Concurrent Mark 20.287ms
[2025-02-11T08:11:24.033+0000][76][info ][gc,marking  ] GC(17) Concurrent Rebuild Remembered Sets and Scrub Regions
[2025-02-11T08:11:24.038+0000][76][info ][gc,marking  ] GC(17) Concurrent Rebuild Remembered Sets and Scrub Regions 4.186ms
[2025-02-11T08:11:24.038+0000][76][info ][gc,start    ] GC(17) Pause Cleanup
[2025-02-11T08:11:24.038+0000][76][info ][gc          ] GC(17) Pause Cleanup 56M->56M(512M) 0.399ms
[2025-02-11T08:11:24.039+0000][76][info ][gc,cpu      ] GC(17) User=0.00s Sys=0.00s Real=0.00s
[2025-02-11T08:11:24.039+0000][76][info ][safepoint   ] Safepoint "G1PauseCleanup", Time since last: 5503607 ns, Reaching safepoint: 3565 ns, At safepoint: 1169694 ns, Total: 1173259 ns
[2025-02-11T08:11:24.040+0000][76][info ][gc,marking  ] GC(17) Concurrent Clear Claimed Marks
[2025-02-11T08:11:24.040+0000][76][info ][gc,marking  ] GC(17) Concurrent Clear Claimed Marks 0.404ms
[2025-02-11T08:11:24.040+0000][76][info ][gc,marking  ] GC(17) Concurrent Cleanup for Next Mark
[2025-02-11T08:11:24.041+0000][76][info ][gc,marking  ] GC(17) Concurrent Cleanup for Next Mark 0.752ms
[2025-02-11T08:11:24.042+0000][76][info ][gc          ] GC(17) Concurrent Mark Cycle 33.913ms
[2025-02-11T08:11:25.801+0000][76][info ][gc,start    ] GC(18) Pause Young (Normal) (G1 Evacuation Pause)
[2025-02-11T08:11:25.801+0000][76][info ][gc,task     ] GC(18) Using 12 workers of 13 for evacuation
[2025-02-11T08:11:25.802+0000][76][debug][gc,age      ] GC(18) Desired survivor size 20971520 bytes, new threshold 6 (max threshold 15)
[2025-02-11T08:11:25.813+0000][76][info ][gc,phases   ] GC(18)   Pre Evacuate Collection Set: 0.31ms
[2025-02-11T08:11:25.813+0000][76][info ][gc,phases   ] GC(18)   Merge Heap Roots: 0.20ms
[2025-02-11T08:11:25.813+0000][76][info ][gc,phases   ] GC(18)   Evacuate Collection Set: 8.44ms
[2025-02-11T08:11:25.814+0000][76][info ][gc,phases   ] GC(18)   Post Evacuate Collection Set: 2.03ms
[2025-02-11T08:11:25.814+0000][76][info ][gc,phases   ] GC(18)   Other: 0.57ms
[2025-02-11T08:11:25.814+0000][76][trace][gc,age      ] GC(18) Age table:
[2025-02-11T08:11:25.814+0000][76][trace][gc,age      ] GC(18) - age   1:    9518560 bytes,    9518560 total
[2025-02-11T08:11:25.814+0000][76][trace][gc,age      ] GC(18) - age   2:    1488200 bytes,   11006760 total
[2025-02-11T08:11:25.815+0000][76][trace][gc,age      ] GC(18) - age   3:    5333080 bytes,   16339840 total
[2025-02-11T08:11:25.815+0000][76][trace][gc,age      ] GC(18) - age   4:    6219056 bytes,   22558896 total
[2025-02-11T08:11:25.815+0000][76][trace][gc,age      ] GC(18) - age   5:    3663416 bytes,   26222312 total
[2025-02-11T08:11:25.815+0000][76][trace][gc,age      ] GC(18) - age   6:    3125176 bytes,   29347488 total
[2025-02-11T08:11:25.815+0000][76][info ][gc,heap     ] GC(18) Eden regions: 34->0(34)
[2025-02-11T08:11:25.815+0000][76][info ][gc,heap     ] GC(18) Survivor regions: 4->4(5)
[2025-02-11T08:11:25.815+0000][76][info ][gc,heap     ] GC(18) Old regions: 4->5
[2025-02-11T08:11:25.816+0000][76][info ][gc,heap     ] GC(18) Humongous regions: 0->0
[2025-02-11T08:11:25.816+0000][76][info ][gc,metaspace] GC(18) Metaspace: 73336K(75328K)->73336K(75328K) NonClass: 63610K(64768K)->63610K(64768K) Class: 9726K(10560K)->9726K(10560K)
[2025-02-11T08:11:25.816+0000][76][info ][gc          ] GC(18) Pause Young (Normal) (G1 Evacuation Pause) 324M->60M(512M) 15.314ms
[2025-02-11T08:11:25.816+0000][76][info ][gc,cpu      ] GC(18) User=0.09s Sys=0.01s Real=0.02s
[2025-02-11T08:11:25.817+0000][76][info ][safepoint   ] Safepoint "G1CollectForAllocation", Time since last: 1761548587 ns, Reaching safepoint: 5782 ns, At safepoint: 15717922 ns, Total: 15723704 ns
[2025-02-11T08:11:26.824+0000][76][info ][gc,start    ] GC(19) Pause Young (Normal) (G1 Evacuation Pause)
[2025-02-11T08:11:26.824+0000][76][info ][gc,task     ] GC(19) Using 12 workers of 13 for evacuation
[2025-02-11T08:11:26.824+0000][76][debug][gc,age      ] GC(19) Desired survivor size 20971520 bytes, new threshold 4 (max threshold 15)
[2025-02-11T08:11:26.834+0000][76][info ][gc,phases   ] GC(19)   Pre Evacuate Collection Set: 0.27ms
[2025-02-11T08:11:26.834+0000][76][info ][gc,phases   ] GC(19)   Merge Heap Roots: 0.16ms
[2025-02-11T08:11:26.834+0000][76][info ][gc,phases   ] GC(19)   Evacuate Collection Set: 7.66ms
[2025-02-11T08:11:26.834+0000][76][info ][gc,phases   ] GC(19)   Post Evacuate Collection Set: 1.45ms
[2025-02-11T08:11:26.834+0000][76][info ][gc,phases   ] GC(19)   Other: 0.30ms
[2025-02-11T08:11:26.834+0000][76][trace][gc,age      ] GC(19) Age table:
[2025-02-11T08:11:26.835+0000][76][trace][gc,age      ] GC(19) - age   1:    3924456 bytes,    3924456 total
[2025-02-11T08:11:26.835+0000][76][trace][gc,age      ] GC(19) - age   2:    7510576 bytes,   11435032 total
[2025-02-11T08:11:26.835+0000][76][trace][gc,age      ] GC(19) - age   3:    1480424 bytes,   12915456 total
[2025-02-11T08:11:26.835+0000][76][trace][gc,age      ] GC(19) - age   4:    5200256 bytes,   18115712 total
[2025-02-11T08:11:26.835+0000][76][info ][gc,heap     ] GC(19) Eden regions: 34->0(35)
[2025-02-11T08:11:26.835+0000][76][info ][gc,heap     ] GC(19) Survivor regions: 4->3(5)
[2025-02-11T08:11:26.835+0000][76][info ][gc,heap     ] GC(19) Old regions: 5->7
[2025-02-11T08:11:26.835+0000][76][info ][gc,heap     ] GC(19) Humongous regions: 0->0
[2025-02-11T08:11:26.835+0000][76][info ][gc,metaspace] GC(19) Metaspace: 77963K(80000K)->77963K(80000K) NonClass: 67489K(68672K)->67489K(68672K) Class: 10473K(11328K)->10473K(11328K)
[2025-02-11T08:11:26.836+0000][76][info ][gc          ] GC(19) Pause Young (Normal) (G1 Evacuation Pause) 332M->63M(512M) 12.003ms
[2025-02-11T08:11:26.836+0000][76][info ][gc,cpu      ] GC(19) User=0.07s Sys=0.00s Real=0.01s
[2025-02-11T08:11:26.836+0000][76][info ][safepoint   ] Safepoint "G1CollectForAllocation", Time since last: 1009061612 ns, Reaching safepoint: 4419 ns, At safepoint: 12258035 ns, Total: 12262454 ns
[2025-02-11T08:11:27.888+0000][76][info ][gc,start    ] GC(20) Pause Young (Normal) (G1 Evacuation Pause)
[2025-02-11T08:11:27.888+0000][76][info ][gc,task     ] GC(20) Using 12 workers of 13 for evacuation
[2025-02-11T08:11:27.889+0000][76][debug][gc,age      ] GC(20) Desired survivor size 20971520 bytes, new threshold 15 (max threshold 15)
[2025-02-11T08:11:27.900+0000][76][info ][gc,phases   ] GC(20)   Pre Evacuate Collection Set: 0.32ms
[2025-02-11T08:11:27.900+0000][76][info ][gc,phases   ] GC(20)   Merge Heap Roots: 0.18ms
[2025-02-11T08:11:27.901+0000][76][info ][gc,phases   ] GC(20)   Evacuate Collection Set: 8.04ms
[2025-02-11T08:11:27.901+0000][76][info ][gc,phases   ] GC(20)   Post Evacuate Collection Set: 2.06ms
[2025-02-11T08:11:27.901+0000][76][info ][gc,phases   ] GC(20)   Other: 0.91ms
[2025-02-11T08:11:27.902+0000][76][trace][gc,age      ] GC(20) Age table:
[2025-02-11T08:11:27.902+0000][76][trace][gc,age      ] GC(20) - age   1:    5363496 bytes,    5363496 total
[2025-02-11T08:11:27.903+0000][76][trace][gc,age      ] GC(20) - age   2:    3834040 bytes,    9197536 total
[2025-02-11T08:11:27.903+0000][76][trace][gc,age      ] GC(20) - age   3:    7489744 bytes,   16687280 total
[2025-02-11T08:11:27.903+0000][76][trace][gc,age      ] GC(20) - age   4:    1477576 bytes,   18164856 total
[2025-02-11T08:11:27.903+0000][76][trace][gc,age      ] GC(20) - age   5:    5138296 bytes,   23303152 total
[2025-02-11T08:11:27.904+0000][76][info ][gc,heap     ] GC(20) Eden regions: 35->0(34)
[2025-02-11T08:11:27.904+0000][76][info ][gc,heap     ] GC(20) Survivor regions: 3->4(5)
[2025-02-11T08:11:27.905+0000][76][info ][gc,heap     ] GC(20) Old regions: 7->7
[2025-02-11T08:11:27.905+0000][76][info ][gc,heap     ] GC(20) Humongous regions: 0->0
[2025-02-11T08:11:27.905+0000][76][info ][gc,metaspace] GC(20) Metaspace: 90206K(92416K)->90206K(92416K) NonClass: 78083K(79360K)->78083K(79360K) Class: 12123K(13056K)->12123K(13056K)
[2025-02-11T08:11:27.906+0000][76][info ][gc          ] GC(20) Pause Young (Normal) (G1 Evacuation Pause) 343M->67M(512M) 18.032ms
[2025-02-11T08:11:27.906+0000][76][info ][gc,cpu      ] GC(20) User=0.09s Sys=0.02s Real=0.02s
[2025-02-11T08:11:27.907+0000][76][info ][safepoint   ] Safepoint "G1CollectForAllocation", Time since last: 1051883372 ns, Reaching safepoint: 78163 ns, At safepoint: 18893883 ns, Total: 18972046 ns
[2025-02-11T08:11:28.577+0000][76][info ][gc,start    ] GC(21) Pause Young (Concurrent Start) (Metadata GC Threshold)
[2025-02-11T08:11:28.578+0000][76][info ][gc,task     ] GC(21) Using 12 workers of 13 for evacuation
[2025-02-11T08:11:28.578+0000][76][debug][gc,age      ] GC(21) Desired survivor size 20971520 bytes, new threshold 5 (max threshold 15)
[2025-02-11T08:11:28.593+0000][76][info ][gc,phases   ] GC(21)   Pre Evacuate Collection Set: 0.41ms
[2025-02-11T08:11:28.593+0000][76][info ][gc,phases   ] GC(21)   Merge Heap Roots: 0.20ms
[2025-02-11T08:11:28.594+0000][76][info ][gc,phases   ] GC(21)   Evacuate Collection Set: 12.65ms
[2025-02-11T08:11:28.594+0000][76][info ][gc,phases   ] GC(21)   Post Evacuate Collection Set: 1.64ms
[2025-02-11T08:11:28.595+0000][76][info ][gc,phases   ] GC(21)   Other: 0.55ms
[2025-02-11T08:11:28.595+0000][76][trace][gc,age      ] GC(21) Age table:
[2025-02-11T08:11:28.595+0000][76][trace][gc,age      ] GC(21) - age   1:    3449800 bytes,    3449800 total
[2025-02-11T08:11:28.596+0000][76][trace][gc,age      ] GC(21) - age   2:    5115504 bytes,    8565304 total
[2025-02-11T08:11:28.596+0000][76][trace][gc,age      ] GC(21) - age   3:    3826176 bytes,   12391480 total
[2025-02-11T08:11:28.596+0000][76][trace][gc,age      ] GC(21) - age   4:    7453480 bytes,   19844960 total
[2025-02-11T08:11:28.597+0000][76][trace][gc,age      ] GC(21) - age   5:    1476376 bytes,   21321336 total
[2025-02-11T08:11:28.597+0000][76][info ][gc,heap     ] GC(21) Eden regions: 10->0(35)
[2025-02-11T08:11:28.597+0000][76][info ][gc,heap     ] GC(21) Survivor regions: 4->3(5)
[2025-02-11T08:11:28.597+0000][76][info ][gc,heap     ] GC(21) Old regions: 7->7
[2025-02-11T08:11:28.597+0000][76][info ][gc,heap     ] GC(21) Humongous regions: 0->0
[2025-02-11T08:11:28.598+0000][76][info ][gc,metaspace] GC(21) Metaspace: 99930K(102080K)->99930K(102080K) NonClass: 86378K(87616K)->86378K(87616K) Class: 13552K(14464K)->13552K(14464K)
[2025-02-11T08:11:28.598+0000][76][info ][gc          ] GC(21) Pause Young (Concurrent Start) (Metadata GC Threshold) 147M->72M(512M) 20.458ms
[2025-02-11T08:11:28.598+0000][76][info ][gc          ] GC(22) Concurrent Mark Cycle
[2025-02-11T08:11:28.598+0000][76][info ][gc,marking  ] GC(22) Concurrent Scan Root Regions
[2025-02-11T08:11:28.598+0000][76][info ][gc,cpu      ] GC(21) User=0.07s Sys=0.01s Real=0.02s
[2025-02-11T08:11:28.599+0000][76][info ][safepoint   ] Safepoint "CollectForMetadataAllocation", Time since last: 670613772 ns, Reaching safepoint: 3375 ns, At safepoint: 21396237 ns, Total: 21399612 ns
[2025-02-11T08:11:28.606+0000][76][info ][gc,marking  ] GC(22) Concurrent Scan Root Regions 7.986ms
[2025-02-11T08:11:28.607+0000][76][info ][gc,marking  ] GC(22) Concurrent Mark
[2025-02-11T08:11:28.607+0000][76][info ][gc,marking  ] GC(22) Concurrent Mark From Roots
[2025-02-11T08:11:28.607+0000][76][info ][gc,task     ] GC(22) Using 3 workers of 3 for marking
[2025-02-11T08:11:28.612+0000][76][info ][safepoint   ] Safepoint "CollectForMetadataAllocation", Time since last: 12628724 ns, Reaching safepoint: 111962 ns, At safepoint: 79228 ns, Total: 191190 ns
[2025-02-11T08:11:28.621+0000][76][info ][gc,marking  ] GC(22) Concurrent Mark From Roots 13.690ms
[2025-02-11T08:11:28.621+0000][76][info ][gc,marking  ] GC(22) Concurrent Preclean
[2025-02-11T08:11:28.621+0000][76][info ][gc,marking  ] GC(22) Concurrent Preclean 0.312ms
[2025-02-11T08:11:28.622+0000][76][info ][gc,start    ] GC(22) Pause Remark
[2025-02-11T08:11:28.627+0000][76][info ][gc          ] GC(22) Pause Remark 76M->76M(512M) 5.151ms
[2025-02-11T08:11:28.627+0000][76][info ][gc,cpu      ] GC(22) User=0.01s Sys=0.00s Real=0.00s
[2025-02-11T08:11:28.627+0000][76][info ][safepoint   ] Safepoint "G1PauseRemark", Time since last: 9928427 ns, Reaching safepoint: 15490 ns, At safepoint: 5719024 ns, Total: 5734514 ns
[2025-02-11T08:11:28.628+0000][76][info ][gc,marking  ] GC(22) Concurrent Mark 20.962ms
[2025-02-11T08:11:28.628+0000][76][info ][gc,marking  ] GC(22) Concurrent Rebuild Remembered Sets and Scrub Regions
[2025-02-11T08:11:28.633+0000][76][info ][gc,marking  ] GC(22) Concurrent Rebuild Remembered Sets and Scrub Regions 5.311ms
[2025-02-11T08:11:28.634+0000][76][info ][gc,start    ] GC(22) Pause Cleanup
[2025-02-11T08:11:28.634+0000][76][info ][gc          ] GC(22) Pause Cleanup 76M->76M(512M) 0.145ms
[2025-02-11T08:11:28.634+0000][76][info ][gc,cpu      ] GC(22) User=0.00s Sys=0.00s Real=0.00s
[2025-02-11T08:11:28.634+0000][76][info ][safepoint   ] Safepoint "G1PauseCleanup", Time since last: 6220021 ns, Reaching safepoint: 254167 ns, At safepoint: 735177 ns, Total: 989344 ns
[2025-02-11T08:11:28.635+0000][76][info ][gc,marking  ] GC(22) Concurrent Clear Claimed Marks
[2025-02-11T08:11:28.635+0000][76][info ][gc,marking  ] GC(22) Concurrent Clear Claimed Marks 0.386ms
[2025-02-11T08:11:28.635+0000][76][info ][gc,marking  ] GC(22) Concurrent Cleanup for Next Mark
[2025-02-11T08:11:28.636+0000][76][info ][gc,marking  ] GC(22) Concurrent Cleanup for Next Mark 0.511ms
[2025-02-11T08:11:28.636+0000][76][info ][gc          ] GC(22) Concurrent Mark Cycle 37.919ms
[2025-02-11T08:11:30.974+0000][76][info ][gc,start    ] GC(23) Pause Young (Prepare Mixed) (G1 Evacuation Pause)
[2025-02-11T08:11:30.974+0000][76][info ][gc,task     ] GC(23) Using 12 workers of 13 for evacuation
[2025-02-11T08:11:30.974+0000][76][debug][gc,age      ] GC(23) Desired survivor size 20971520 bytes, new threshold 5 (max threshold 15)
[2025-02-11T08:11:30.993+0000][76][info ][gc,phases   ] GC(23)   Pre Evacuate Collection Set: 0.29ms
[2025-02-11T08:11:30.993+0000][76][info ][gc,phases   ] GC(23)   Merge Heap Roots: 0.17ms
[2025-02-11T08:11:30.993+0000][76][info ][gc,phases   ] GC(23)   Evacuate Collection Set: 14.83ms
[2025-02-11T08:11:30.993+0000][76][info ][gc,phases   ] GC(23)   Post Evacuate Collection Set: 3.24ms
[2025-02-11T08:11:30.993+0000][76][info ][gc,phases   ] GC(23)   Other: 0.41ms
[2025-02-11T08:11:30.993+0000][76][trace][gc,age      ] GC(23) Age table:
[2025-02-11T08:11:30.994+0000][76][trace][gc,age      ] GC(23) - age   1:   18520672 bytes,   18520672 total
[2025-02-11T08:11:30.994+0000][76][trace][gc,age      ] GC(23) - age   2:    3217616 bytes,   21738288 total
[2025-02-11T08:11:30.994+0000][76][trace][gc,age      ] GC(23) - age   3:    5087744 bytes,   26826032 total
[2025-02-11T08:11:30.994+0000][76][trace][gc,age      ] GC(23) - age   4:    3809784 bytes,   30635816 total
[2025-02-11T08:11:30.994+0000][76][trace][gc,age      ] GC(23) - age   5:    7255032 bytes,   37890848 total
[2025-02-11T08:11:30.994+0000][76][info ][gc,heap     ] GC(23) Eden regions: 35->0(33)
[2025-02-11T08:11:30.994+0000][76][info ][gc,heap     ] GC(23) Survivor regions: 3->5(5)
[2025-02-11T08:11:30.994+0000][76][info ][gc,heap     ] GC(23) Old regions: 7->8
[2025-02-11T08:11:30.995+0000][76][info ][gc,heap     ] GC(23) Humongous regions: 0->0
[2025-02-11T08:11:30.995+0000][76][info ][gc,metaspace] GC(23) Metaspace: 133955K(137984K)->133955K(137984K) NonClass: 114896K(117056K)->114896K(117056K) Class: 19058K(20928K)->19058K(20928K)
[2025-02-11T08:11:30.995+0000][76][info ][gc          ] GC(23) Pause Young (Prepare Mixed) (G1 Evacuation Pause) 352M->89M(512M) 21.308ms
[2025-02-11T08:11:30.995+0000][76][info ][gc,cpu      ] GC(23) User=0.15s Sys=0.01s Real=0.02s
[2025-02-11T08:11:30.995+0000][76][info ][safepoint   ] Safepoint "G1CollectForAllocation", Time since last: 2339064645 ns, Reaching safepoint: 10782 ns, At safepoint: 21638697 ns, Total: 21649479 ns
[2025-02-11T08:46:57.784+0000][76][info ][gc,start    ] GC(24) Pause Young (Mixed) (G1 Evacuation Pause)
[2025-02-11T08:46:57.785+0000][76][info ][gc,task     ] GC(24) Using 12 workers of 13 for evacuation
[2025-02-11T08:46:57.786+0000][76][debug][gc,age      ] GC(24) Desired survivor size 20971520 bytes, new threshold 2 (max threshold 15)
[2025-02-11T08:46:57.812+0000][76][info ][gc,phases   ] GC(24)   Pre Evacuate Collection Set: 0.68ms
[2025-02-11T08:46:57.812+0000][76][info ][gc,phases   ] GC(24)   Merge Heap Roots: 0.46ms
[2025-02-11T08:46:57.812+0000][76][info ][gc,phases   ] GC(24)   Evacuate Collection Set: 20.78ms
[2025-02-11T08:46:57.812+0000][76][info ][gc,phases   ] GC(24)   Post Evacuate Collection Set: 3.23ms
[2025-02-11T08:46:57.813+0000][76][info ][gc,phases   ] GC(24)   Other: 1.00ms
[2025-02-11T08:46:57.813+0000][76][trace][gc,age      ] GC(24) Age table:
[2025-02-11T08:46:57.813+0000][76][trace][gc,age      ] GC(24) - age   1:   22716936 bytes,   22716936 total
[2025-02-11T08:46:57.813+0000][76][trace][gc,age      ] GC(24) - age   2:   16525136 bytes,   39242072 total
[2025-02-11T08:46:57.813+0000][76][info ][gc,heap     ] GC(24) Eden regions: 33->0(31)
[2025-02-11T08:46:57.814+0000][76][info ][gc,heap     ] GC(24) Survivor regions: 5->5(5)
[2025-02-11T08:46:57.814+0000][76][info ][gc,heap     ] GC(24) Old regions: 8->10
[2025-02-11T08:46:57.814+0000][76][info ][gc,heap     ] GC(24) Humongous regions: 0->0
[2025-02-11T08:46:57.814+0000][76][info ][gc,metaspace] GC(24) Metaspace: 141683K(145792K)->141683K(145792K) NonClass: 121634K(123840K)->121634K(123840K) Class: 20048K(21952K)->20048K(21952K)
[2025-02-11T08:46:57.815+0000][76][info ][gc          ] GC(24) Pause Young (Mixed) (G1 Evacuation Pause) 353M->111M(512M) 30.298ms
[2025-02-11T08:46:57.815+0000][76][info ][gc,cpu      ] GC(24) User=0.23s Sys=0.00s Real=0.03s
[2025-02-11T08:46:57.815+0000][76][info ][safepoint   ] Safepoint "G1CollectForAllocation", Time since last: 2126930309447 ns, Reaching safepoint: 11643 ns, At safepoint: 30906450 ns, Total: 30918093 ns
[2025-02-11T09:00:29.972+0000][76][info ][gc,heap,exit] Heap
[2025-02-11T09:00:29.973+0000][76][info ][gc,heap,exit]  garbage-first heap   total reserved 15728640K, committed 524288K, used 189228K [0x0000000440000000, 0x0000000800000000)
[2025-02-11T09:00:29.974+0000][76][info ][gc,heap,exit]   region size 8192K, 15 young (122880K), 5 survivors (40960K)
[2025-02-11T09:00:29.974+0000][76][info ][gc,heap,exit]  Metaspace       used 142384K, committed 146560K, reserved 1179648K
[2025-02-11T09:00:29.974+0000][76][info ][gc,heap,exit]   class space    used 20150K, committed 22016K, reserved 1048576K
