[2025-02-07T08:11:21.506+0000][75][info][gc,init] CardTable entry size: 512
[2025-02-07T08:11:21.507+0000][75][info][gc     ] Using G1
[2025-02-07T08:11:21.557+0000][75][info][gc,init] Version: 23+37-2369 (release)
[2025-02-07T08:11:21.557+0000][75][info][gc,init] CPUs: 20 total, 20 available
[2025-02-07T08:11:21.558+0000][75][info][gc,init] Memory: 15774M
[2025-02-07T08:11:21.558+0000][75][info][gc,init] Large Page Support: Disabled
[2025-02-07T08:11:21.559+0000][75][info][gc,init] NUMA Support: Disabled
[2025-02-07T08:11:21.559+0000][75][info][gc,init] Compressed Oops: Enabled (Zero based)
[2025-02-07T08:11:21.559+0000][75][info][gc,init] Heap Region Size: 8M
[2025-02-07T08:11:21.561+0000][75][info][gc,init] Heap Min Capacity: 512M
[2025-02-07T08:11:21.561+0000][75][info][gc,init] Heap Initial Capacity: 512M
[2025-02-07T08:11:21.562+0000][75][info][gc,init] Heap Max Capacity: 15G
[2025-02-07T08:11:21.562+0000][75][info][gc,init] Pre-touch: Enabled
[2025-02-07T08:11:21.562+0000][75][info][gc,init] Parallel Workers: 15
[2025-02-07T08:11:21.563+0000][75][info][gc,init] Concurrent Workers: 4
[2025-02-07T08:11:21.563+0000][75][info][gc,init] Concurrent Refinement Workers: 15
[2025-02-07T08:11:21.563+0000][75][info][gc,init] Periodic GC: Disabled
[2025-02-07T08:11:21.573+0000][75][info][gc,metaspace] CDS archive(s) mapped at: [0x00007f4556000000-0x00007f4556d8e000-0x00007f4556d8e000), size 14213120, SharedBaseAddress: 0x00007f4556000000, ArchiveRelocationMode: 1.
[2025-02-07T08:11:21.574+0000][75][info][gc,metaspace] Compressed class space mapped at: 0x00007f4557000000-0x00007f4597000000, reserved size: 1073741824
[2025-02-07T08:11:21.574+0000][75][info][gc,metaspace] Narrow klass base: 0x00007f4556000000, Narrow klass shift: 0, Narrow klass range: 0x100000000
[2025-02-07T08:11:21.768+0000][75][info][gc,start    ] GC(0) Pause Young (Normal) (G1 Evacuation Pause)
[2025-02-07T08:11:21.768+0000][75][info][gc,task     ] GC(0) Using 12 workers of 15 for evacuation
[2025-02-07T08:11:21.769+0000][75][debug][gc,age      ] GC(0) Desired survivor size 4194304 bytes, new threshold 15 (max threshold 15)
[2025-02-07T08:11:21.772+0000][75][info ][gc,phases   ] GC(0)   Pre Evacuate Collection Set: 0.59ms
[2025-02-07T08:11:21.773+0000][75][info ][gc,phases   ] GC(0)   Merge Heap Roots: 1.04ms
[2025-02-07T08:11:21.773+0000][75][info ][gc,phases   ] GC(0)   Evacuate Collection Set: 1.07ms
[2025-02-07T08:11:21.773+0000][75][info ][gc,phases   ] GC(0)   Post Evacuate Collection Set: 0.47ms
[2025-02-07T08:11:21.773+0000][75][info ][gc,phases   ] GC(0)   Other: 0.63ms
[2025-02-07T08:11:21.774+0000][75][trace][gc,age      ] GC(0) Age table:
[2025-02-07T08:11:21.774+0000][75][trace][gc,age      ] GC(0) - age   1:     758432 bytes,     758432 total
[2025-02-07T08:11:21.774+0000][75][info ][gc,heap     ] GC(0) Eden regions: 3->0(3)
[2025-02-07T08:11:21.774+0000][75][info ][gc,heap     ] GC(0) Survivor regions: 0->1(1)
[2025-02-07T08:11:21.774+0000][75][info ][gc,heap     ] GC(0) Old regions: 1->1
[2025-02-07T08:11:21.775+0000][75][info ][gc,heap     ] GC(0) Humongous regions: 0->0
[2025-02-07T08:11:21.775+0000][75][info ][gc,metaspace] GC(0) Metaspace: 875K(1024K)->875K(1024K) NonClass: 818K(896K)->818K(896K) Class: 56K(128K)->56K(128K)
[2025-02-07T08:11:21.775+0000][75][info ][gc          ] GC(0) Pause Young (Normal) (G1 Evacuation Pause) 25M->2M(520M) 7.087ms
[2025-02-07T08:11:21.775+0000][75][info ][gc,cpu      ] GC(0) User=0.03s Sys=0.01s Real=0.01s
[2025-02-07T08:11:21.775+0000][75][info ][safepoint   ] Safepoint "G1CollectForAllocation", Time since last: 189599061 ns, Reaching safepoint: 5792 ns, At safepoint: 7576382 ns, Total: 7582174 ns
[2025-02-07T08:11:22.139+0000][75][info ][gc,start    ] GC(1) Pause Young (Normal) (G1 Evacuation Pause)
[2025-02-07T08:11:22.140+0000][75][info ][gc,task     ] GC(1) Using 12 workers of 15 for evacuation
[2025-02-07T08:11:22.140+0000][75][debug][gc,age      ] GC(1) Desired survivor size 4194304 bytes, new threshold 15 (max threshold 15)
[2025-02-07T08:11:22.143+0000][75][info ][gc,phases   ] GC(1)   Pre Evacuate Collection Set: 0.30ms
[2025-02-07T08:11:22.143+0000][75][info ][gc,phases   ] GC(1)   Merge Heap Roots: 0.16ms
[2025-02-07T08:11:22.144+0000][75][info ][gc,phases   ] GC(1)   Evacuate Collection Set: 1.53ms
[2025-02-07T08:11:22.144+0000][75][info ][gc,phases   ] GC(1)   Post Evacuate Collection Set: 0.56ms
[2025-02-07T08:11:22.144+0000][75][info ][gc,phases   ] GC(1)   Other: 0.49ms
[2025-02-07T08:11:22.144+0000][75][trace][gc,age      ] GC(1) Age table:
[2025-02-07T08:11:22.144+0000][75][trace][gc,age      ] GC(1) - age   1:    3769632 bytes,    3769632 total
[2025-02-07T08:11:22.145+0000][75][trace][gc,age      ] GC(1) - age   2:     726872 bytes,    4496504 total
[2025-02-07T08:11:22.145+0000][75][info ][gc,heap     ] GC(1) Eden regions: 3->0(7)
[2025-02-07T08:11:22.145+0000][75][info ][gc,heap     ] GC(1) Survivor regions: 1->1(1)
[2025-02-07T08:11:22.145+0000][75][info ][gc,heap     ] GC(1) Old regions: 1->1
[2025-02-07T08:11:22.146+0000][75][info ][gc,heap     ] GC(1) Humongous regions: 0->0
[2025-02-07T08:11:22.146+0000][75][info ][gc,metaspace] GC(1) Metaspace: 7226K(7488K)->7226K(7488K) NonClass: 6378K(6528K)->6378K(6528K) Class: 848K(960K)->848K(960K)
[2025-02-07T08:11:22.146+0000][75][info ][gc          ] GC(1) Pause Young (Normal) (G1 Evacuation Pause) 26M->5M(520M) 6.656ms
[2025-02-07T08:11:22.146+0000][75][info ][gc,cpu      ] GC(1) User=0.00s Sys=0.01s Real=0.01s
[2025-02-07T08:11:22.146+0000][75][info ][safepoint   ] Safepoint "G1CollectForAllocation", Time since last: 363740365 ns, Reaching safepoint: 87786 ns, At safepoint: 7174765 ns, Total: 7262551 ns
[2025-02-07T08:11:22.935+0000][75][info ][gc,start    ] GC(2) Pause Young (Normal) (G1 Evacuation Pause)
[2025-02-07T08:11:22.936+0000][75][info ][gc,task     ] GC(2) Using 12 workers of 15 for evacuation
[2025-02-07T08:11:22.936+0000][75][debug][gc,age      ] GC(2) Desired survivor size 4194304 bytes, new threshold 2 (max threshold 15)
[2025-02-07T08:11:22.945+0000][75][info ][gc,phases   ] GC(2)   Pre Evacuate Collection Set: 0.48ms
[2025-02-07T08:11:22.945+0000][75][info ][gc,phases   ] GC(2)   Merge Heap Roots: 0.29ms
[2025-02-07T08:11:22.946+0000][75][info ][gc,phases   ] GC(2)   Evacuate Collection Set: 5.54ms
[2025-02-07T08:11:22.946+0000][75][info ][gc,phases   ] GC(2)   Post Evacuate Collection Set: 1.57ms
[2025-02-07T08:11:22.947+0000][75][info ][gc,phases   ] GC(2)   Other: 0.87ms
[2025-02-07T08:11:22.947+0000][75][trace][gc,age      ] GC(2) Age table:
[2025-02-07T08:11:22.947+0000][75][trace][gc,age      ] GC(2) - age   1:    4826792 bytes,    4826792 total
[2025-02-07T08:11:22.948+0000][75][trace][gc,age      ] GC(2) - age   2:    3522952 bytes,    8349744 total
[2025-02-07T08:11:22.948+0000][75][info ][gc,heap     ] GC(2) Eden regions: 7->0(8)
[2025-02-07T08:11:22.948+0000][75][info ][gc,heap     ] GC(2) Survivor regions: 1->1(1)
[2025-02-07T08:11:22.948+0000][75][info ][gc,heap     ] GC(2) Old regions: 1->2
[2025-02-07T08:11:22.949+0000][75][info ][gc,heap     ] GC(2) Humongous regions: 0->0
[2025-02-07T08:11:22.949+0000][75][info ][gc,metaspace] GC(2) Metaspace: 17660K(18432K)->17660K(18432K) NonClass: 15636K(16064K)->15636K(16064K) Class: 2024K(2368K)->2024K(2368K)
[2025-02-07T08:11:22.949+0000][75][info ][gc          ] GC(2) Pause Young (Normal) (G1 Evacuation Pause) 61M->12M(520M) 13.639ms
[2025-02-07T08:11:22.949+0000][75][info ][gc,cpu      ] GC(2) User=0.05s Sys=0.02s Real=0.01s
[2025-02-07T08:11:22.949+0000][75][info ][safepoint   ] Safepoint "G1CollectForAllocation", Time since last: 788763604 ns, Reaching safepoint: 8125 ns, At safepoint: 14125218 ns, Total: 14133343 ns
[2025-02-07T08:11:23.535+0000][75][info ][gc,start    ] GC(3) Pause Young (Normal) (G1 Evacuation Pause)
[2025-02-07T08:11:23.535+0000][75][info ][gc,task     ] GC(3) Using 12 workers of 15 for evacuation
[2025-02-07T08:11:23.535+0000][75][debug][gc,age      ] GC(3) Desired survivor size 8388608 bytes, new threshold 15 (max threshold 15)
[2025-02-07T08:11:23.540+0000][75][info ][gc,phases   ] GC(3)   Pre Evacuate Collection Set: 0.23ms
[2025-02-07T08:11:23.540+0000][75][info ][gc,phases   ] GC(3)   Merge Heap Roots: 0.16ms
[2025-02-07T08:11:23.541+0000][75][info ][gc,phases   ] GC(3)   Evacuate Collection Set: 2.54ms
[2025-02-07T08:11:23.541+0000][75][info ][gc,phases   ] GC(3)   Post Evacuate Collection Set: 1.03ms
[2025-02-07T08:11:23.541+0000][75][info ][gc,phases   ] GC(3)   Other: 0.68ms
[2025-02-07T08:11:23.541+0000][75][trace][gc,age      ] GC(3) Age table:
[2025-02-07T08:11:23.541+0000][75][trace][gc,age      ] GC(3) - age   1:    1934568 bytes,    1934568 total
[2025-02-07T08:11:23.541+0000][75][trace][gc,age      ] GC(3) - age   2:    4747696 bytes,    6682264 total
[2025-02-07T08:11:23.542+0000][75][trace][gc,age      ] GC(3) - age   3:    3521872 bytes,   10204136 total
[2025-02-07T08:11:23.542+0000][75][info ][gc,heap     ] GC(3) Eden regions: 8->0(10)
[2025-02-07T08:11:23.542+0000][75][info ][gc,heap     ] GC(3) Survivor regions: 1->2(2)
[2025-02-07T08:11:23.542+0000][75][info ][gc,heap     ] GC(3) Old regions: 2->2
[2025-02-07T08:11:23.543+0000][75][info ][gc,heap     ] GC(3) Humongous regions: 0->0
[2025-02-07T08:11:23.543+0000][75][info ][gc,metaspace] GC(3) Metaspace: 19470K(20352K)->19470K(20352K) NonClass: 17257K(17792K)->17257K(17792K) Class: 2212K(2560K)->2212K(2560K)
[2025-02-07T08:11:23.543+0000][75][info ][gc          ] GC(3) Pause Young (Normal) (G1 Evacuation Pause) 76M->15M(520M) 8.445ms
[2025-02-07T08:11:23.543+0000][75][info ][gc,cpu      ] GC(3) User=0.03s Sys=0.00s Real=0.01s
[2025-02-07T08:11:23.544+0000][75][info ][safepoint   ] Safepoint "G1CollectForAllocation", Time since last: 585193373 ns, Reaching safepoint: 3100 ns, At safepoint: 8932430 ns, Total: 8935530 ns
[2025-02-07T08:11:23.587+0000][75][info ][gc,start    ] GC(4) Pause Young (Concurrent Start) (Metadata GC Threshold)
[2025-02-07T08:11:23.588+0000][75][info ][gc,task     ] GC(4) Using 12 workers of 15 for evacuation
[2025-02-07T08:11:23.588+0000][75][debug][gc,age      ] GC(4) Desired survivor size 8388608 bytes, new threshold 3 (max threshold 15)
[2025-02-07T08:11:23.593+0000][75][info ][gc,phases   ] GC(4)   Pre Evacuate Collection Set: 0.27ms
[2025-02-07T08:11:23.594+0000][75][info ][gc,phases   ] GC(4)   Merge Heap Roots: 0.20ms
[2025-02-07T08:11:23.594+0000][75][info ][gc,phases   ] GC(4)   Evacuate Collection Set: 3.79ms
[2025-02-07T08:11:23.595+0000][75][info ][gc,phases   ] GC(4)   Post Evacuate Collection Set: 0.64ms
[2025-02-07T08:11:23.595+0000][75][info ][gc,phases   ] GC(4)   Other: 0.53ms
[2025-02-07T08:11:23.595+0000][75][trace][gc,age      ] GC(4) Age table:
[2025-02-07T08:11:23.596+0000][75][trace][gc,age      ] GC(4) - age   1:     137576 bytes,     137576 total
[2025-02-07T08:11:23.596+0000][75][trace][gc,age      ] GC(4) - age   2:    1121104 bytes,    1258680 total
[2025-02-07T08:11:23.596+0000][75][trace][gc,age      ] GC(4) - age   3:    4747024 bytes,    6005704 total
[2025-02-07T08:11:23.596+0000][75][info ][gc,heap     ] GC(4) Eden regions: 1->0(21)
[2025-02-07T08:11:23.596+0000][75][info ][gc,heap     ] GC(4) Survivor regions: 2->1(2)
[2025-02-07T08:11:23.597+0000][75][info ][gc,heap     ] GC(4) Old regions: 2->2
[2025-02-07T08:11:23.597+0000][75][info ][gc,heap     ] GC(4) Humongous regions: 0->0
[2025-02-07T08:11:23.597+0000][75][info ][gc,metaspace] GC(4) Metaspace: 20670K(21504K)->20670K(21504K) NonClass: 18353K(18816K)->18353K(18816K) Class: 2316K(2688K)->2316K(2688K)
[2025-02-07T08:11:23.597+0000][75][info ][gc          ] GC(4) Pause Young (Concurrent Start) (Metadata GC Threshold) 21M->14M(520M) 9.765ms
[2025-02-07T08:11:23.597+0000][75][info ][gc,cpu      ] GC(4) User=0.05s Sys=0.00s Real=0.01s
[2025-02-07T08:11:23.597+0000][75][info ][gc          ] GC(5) Concurrent Mark Cycle
[2025-02-07T08:11:23.598+0000][75][info ][gc,marking  ] GC(5) Concurrent Scan Root Regions
[2025-02-07T08:11:23.598+0000][75][info ][safepoint   ] Safepoint "CollectForMetadataAllocation", Time since last: 43849550 ns, Reaching safepoint: 82278 ns, At safepoint: 10321480 ns, Total: 10403758 ns
[2025-02-07T08:11:23.602+0000][75][info ][gc,marking  ] GC(5) Concurrent Scan Root Regions 3.568ms
[2025-02-07T08:11:23.602+0000][75][info ][gc,marking  ] GC(5) Concurrent Mark
[2025-02-07T08:11:23.602+0000][75][info ][gc,marking  ] GC(5) Concurrent Mark From Roots
[2025-02-07T08:11:23.603+0000][75][info ][gc,task     ] GC(5) Using 4 workers of 4 for marking
[2025-02-07T08:11:23.608+0000][75][info ][gc,marking  ] GC(5) Concurrent Mark From Roots 5.801ms
[2025-02-07T08:11:23.608+0000][75][info ][gc,marking  ] GC(5) Concurrent Preclean
[2025-02-07T08:11:23.609+0000][75][info ][gc,marking  ] GC(5) Concurrent Preclean 0.195ms
[2025-02-07T08:11:23.609+0000][75][info ][gc,start    ] GC(5) Pause Remark
[2025-02-07T08:11:23.612+0000][75][info ][gc          ] GC(5) Pause Remark 16M->16M(512M) 3.213ms
[2025-02-07T08:11:23.612+0000][75][info ][gc,cpu      ] GC(5) User=0.02s Sys=0.00s Real=0.00s
[2025-02-07T08:11:23.613+0000][75][info ][safepoint   ] Safepoint "G1PauseRemark", Time since last: 11064112 ns, Reaching safepoint: 79033 ns, At safepoint: 3886774 ns, Total: 3965807 ns
[2025-02-07T08:11:23.613+0000][75][info ][gc,marking  ] GC(5) Concurrent Mark 11.102ms
[2025-02-07T08:11:23.614+0000][75][info ][gc,marking  ] GC(5) Concurrent Rebuild Remembered Sets and Scrub Regions
[2025-02-07T08:11:23.618+0000][75][info ][gc,marking  ] GC(5) Concurrent Rebuild Remembered Sets and Scrub Regions 3.967ms
[2025-02-07T08:11:23.618+0000][75][info ][gc,start    ] GC(5) Pause Cleanup
[2025-02-07T08:11:23.619+0000][75][info ][gc          ] GC(5) Pause Cleanup 16M->16M(512M) 0.398ms
[2025-02-07T08:11:23.619+0000][75][info ][gc,cpu      ] GC(5) User=0.00s Sys=0.00s Real=0.00s
[2025-02-07T08:11:23.620+0000][75][info ][safepoint   ] Safepoint "G1PauseCleanup", Time since last: 5425098 ns, Reaching safepoint: 177725 ns, At safepoint: 1097706 ns, Total: 1275431 ns
[2025-02-07T08:11:23.620+0000][75][info ][gc,marking  ] GC(5) Concurrent Clear Claimed Marks
[2025-02-07T08:11:23.620+0000][75][info ][gc,marking  ] GC(5) Concurrent Clear Claimed Marks 0.377ms
[2025-02-07T08:11:23.621+0000][75][info ][gc,marking  ] GC(5) Concurrent Cleanup for Next Mark
[2025-02-07T08:11:23.622+0000][75][info ][gc,marking  ] GC(5) Concurrent Cleanup for Next Mark 0.794ms
[2025-02-07T08:11:23.622+0000][75][info ][gc          ] GC(5) Concurrent Mark Cycle 24.434ms
[2025-02-07T08:11:24.149+0000][75][info ][gc,start    ] GC(6) Pause Young (Prepare Mixed) (G1 Evacuation Pause)
[2025-02-07T08:11:24.149+0000][75][info ][gc,task     ] GC(6) Using 12 workers of 15 for evacuation
[2025-02-07T08:11:24.150+0000][75][debug][gc,age      ] GC(6) Desired survivor size 12582912 bytes, new threshold 15 (max threshold 15)
[2025-02-07T08:11:24.155+0000][75][info ][gc,phases   ] GC(6)   Pre Evacuate Collection Set: 0.29ms
[2025-02-07T08:11:24.156+0000][75][info ][gc,phases   ] GC(6)   Merge Heap Roots: 0.17ms
[2025-02-07T08:11:24.156+0000][75][info ][gc,phases   ] GC(6)   Evacuate Collection Set: 3.24ms
[2025-02-07T08:11:24.157+0000][75][info ][gc,phases   ] GC(6)   Post Evacuate Collection Set: 1.08ms
[2025-02-07T08:11:24.157+0000][75][info ][gc,phases   ] GC(6)   Other: 1.00ms
[2025-02-07T08:11:24.157+0000][75][trace][gc,age      ] GC(6) Age table:
[2025-02-07T08:11:24.158+0000][75][trace][gc,age      ] GC(6) - age   1:    2257216 bytes,    2257216 total
[2025-02-07T08:11:24.158+0000][75][trace][gc,age      ] GC(6) - age   2:     129016 bytes,    2386232 total
[2025-02-07T08:11:24.158+0000][75][trace][gc,age      ] GC(6) - age   3:    1120128 bytes,    3506360 total
[2025-02-07T08:11:24.158+0000][75][trace][gc,age      ] GC(6) - age   4:    4716592 bytes,    8222952 total
[2025-02-07T08:11:24.159+0000][75][info ][gc,heap     ] GC(6) Eden regions: 19->0(18)
[2025-02-07T08:11:24.159+0000][75][info ][gc,heap     ] GC(6) Survivor regions: 1->2(3)
[2025-02-07T08:11:24.159+0000][75][info ][gc,heap     ] GC(6) Old regions: 2->2
[2025-02-07T08:11:24.159+0000][75][info ][gc,heap     ] GC(6) Humongous regions: 0->0
[2025-02-07T08:11:24.160+0000][75][info ][gc,metaspace] GC(6) Metaspace: 23843K(24704K)->23843K(24704K) NonClass: 21152K(21632K)->21152K(21632K) Class: 2690K(3072K)->2690K(3072K)
[2025-02-07T08:11:24.160+0000][75][info ][gc          ] GC(6) Pause Young (Prepare Mixed) (G1 Evacuation Pause) 166M->17M(512M) 11.011ms
[2025-02-07T08:11:24.160+0000][75][info ][gc,cpu      ] GC(6) User=0.04s Sys=0.01s Real=0.01s
[2025-02-07T08:11:24.161+0000][75][info ][safepoint   ] Safepoint "G1CollectForAllocation", Time since last: 529396642 ns, Reaching safepoint: 4152 ns, At safepoint: 11666863 ns, Total: 11671015 ns
[2025-02-07T08:11:24.594+0000][75][info ][gc,start    ] GC(7) Pause Young (Mixed) (G1 Evacuation Pause)
[2025-02-07T08:11:24.594+0000][75][info ][gc,task     ] GC(7) Using 12 workers of 15 for evacuation
[2025-02-07T08:11:24.594+0000][75][debug][gc,age      ] GC(7) Desired survivor size 12582912 bytes, new threshold 15 (max threshold 15)
[2025-02-07T08:11:24.600+0000][75][info ][gc,phases   ] GC(7)   Pre Evacuate Collection Set: 0.24ms
[2025-02-07T08:11:24.601+0000][75][info ][gc,phases   ] GC(7)   Merge Heap Roots: 0.17ms
[2025-02-07T08:11:24.601+0000][75][info ][gc,phases   ] GC(7)   Evacuate Collection Set: 4.32ms
[2025-02-07T08:11:24.602+0000][75][info ][gc,phases   ] GC(7)   Post Evacuate Collection Set: 0.94ms
[2025-02-07T08:11:24.602+0000][75][info ][gc,phases   ] GC(7)   Other: 0.56ms
[2025-02-07T08:11:24.602+0000][75][trace][gc,age      ] GC(7) Age table:
[2025-02-07T08:11:24.603+0000][75][trace][gc,age      ] GC(7) - age   1:    3217480 bytes,    3217480 total
[2025-02-07T08:11:24.603+0000][75][trace][gc,age      ] GC(7) - age   2:    2229056 bytes,    5446536 total
[2025-02-07T08:11:24.603+0000][75][trace][gc,age      ] GC(7) - age   3:     124232 bytes,    5570768 total
[2025-02-07T08:11:24.603+0000][75][trace][gc,age      ] GC(7) - age   4:    1115888 bytes,    6686656 total
[2025-02-07T08:11:24.603+0000][75][trace][gc,age      ] GC(7) - age   5:    4716000 bytes,   11402656 total
[2025-02-07T08:11:24.604+0000][75][info ][gc,heap     ] GC(7) Eden regions: 18->0(23)
[2025-02-07T08:11:24.604+0000][75][info ][gc,heap     ] GC(7) Survivor regions: 2->2(3)
[2025-02-07T08:11:24.604+0000][75][info ][gc,heap     ] GC(7) Old regions: 2->2
[2025-02-07T08:11:24.604+0000][75][info ][gc,heap     ] GC(7) Humongous regions: 0->0
[2025-02-07T08:11:24.604+0000][75][info ][gc,metaspace] GC(7) Metaspace: 29259K(30272K)->29259K(30272K) NonClass: 25978K(26560K)->25978K(26560K) Class: 3280K(3712K)->3280K(3712K)
[2025-02-07T08:11:24.605+0000][75][info ][gc          ] GC(7) Pause Young (Mixed) (G1 Evacuation Pause) 161M->20M(512M) 10.885ms
[2025-02-07T08:11:24.605+0000][75][info ][gc,cpu      ] GC(7) User=0.06s Sys=0.01s Real=0.02s
[2025-02-07T08:11:24.605+0000][75][info ][safepoint   ] Safepoint "G1CollectForAllocation", Time since last: 433207828 ns, Reaching safepoint: 3620 ns, At safepoint: 11354678 ns, Total: 11358298 ns
[2025-02-07T08:11:24.976+0000][75][info ][gc,start    ] GC(8) Pause Young (Normal) (G1 Evacuation Pause)
[2025-02-07T08:11:24.977+0000][75][info ][gc,task     ] GC(8) Using 12 workers of 15 for evacuation
[2025-02-07T08:11:24.978+0000][75][debug][gc,age      ] GC(8) Desired survivor size 16777216 bytes, new threshold 15 (max threshold 15)
[2025-02-07T08:11:24.987+0000][75][info ][gc,phases   ] GC(8)   Pre Evacuate Collection Set: 0.47ms
[2025-02-07T08:11:24.987+0000][75][info ][gc,phases   ] GC(8)   Merge Heap Roots: 0.28ms
[2025-02-07T08:11:24.987+0000][75][info ][gc,phases   ] GC(8)   Evacuate Collection Set: 7.26ms
[2025-02-07T08:11:24.988+0000][75][info ][gc,phases   ] GC(8)   Post Evacuate Collection Set: 0.77ms
[2025-02-07T08:11:24.988+0000][75][info ][gc,phases   ] GC(8)   Other: 1.26ms
[2025-02-07T08:11:24.988+0000][75][trace][gc,age      ] GC(8) Age table:
[2025-02-07T08:11:24.988+0000][75][trace][gc,age      ] GC(8) - age   1:    4383120 bytes,    4383120 total
[2025-02-07T08:11:24.989+0000][75][trace][gc,age      ] GC(8) - age   2:    3002944 bytes,    7386064 total
[2025-02-07T08:11:24.989+0000][75][trace][gc,age      ] GC(8) - age   3:    2226168 bytes,    9612232 total
[2025-02-07T08:11:24.989+0000][75][trace][gc,age      ] GC(8) - age   4:     124232 bytes,    9736464 total
[2025-02-07T08:11:24.989+0000][75][trace][gc,age      ] GC(8) - age   5:    1113984 bytes,   10850448 total
[2025-02-07T08:11:24.989+0000][75][trace][gc,age      ] GC(8) - age   6:    4715904 bytes,   15566352 total
[2025-02-07T08:11:24.989+0000][75][info ][gc,heap     ] GC(8) Eden regions: 23->0(28)
[2025-02-07T08:11:24.989+0000][75][info ][gc,heap     ] GC(8) Survivor regions: 2->3(4)
[2025-02-07T08:11:24.990+0000][75][info ][gc,heap     ] GC(8) Old regions: 2->2
[2025-02-07T08:11:24.990+0000][75][info ][gc,heap     ] GC(8) Humongous regions: 0->0
[2025-02-07T08:11:24.990+0000][75][info ][gc,metaspace] GC(8) Metaspace: 30321K(31360K)->30321K(31360K) NonClass: 26865K(27456K)->26865K(27456K) Class: 3456K(3904K)->3456K(3904K)
[2025-02-07T08:11:24.990+0000][75][info ][gc          ] GC(8) Pause Young (Normal) (G1 Evacuation Pause) 204M->24M(512M) 13.765ms
[2025-02-07T08:11:24.990+0000][75][info ][gc,cpu      ] GC(8) User=0.04s Sys=0.00s Real=0.01s
[2025-02-07T08:11:24.990+0000][75][info ][safepoint   ] Safepoint "G1CollectForAllocation", Time since last: 373640218 ns, Reaching safepoint: 7705 ns, At safepoint: 14087076 ns, Total: 14094781 ns
[2025-02-07T08:11:25.256+0000][75][info ][gc,start    ] GC(9) Pause Young (Normal) (G1 Evacuation Pause)
[2025-02-07T08:11:25.256+0000][75][info ][gc,task     ] GC(9) Using 12 workers of 15 for evacuation
[2025-02-07T08:11:25.257+0000][75][debug][gc,age      ] GC(9) Desired survivor size 16777216 bytes, new threshold 15 (max threshold 15)
[2025-02-07T08:11:25.279+0000][75][info ][gc,phases   ] GC(9)   Pre Evacuate Collection Set: 0.25ms
[2025-02-07T08:11:25.288+0000][75][info ][gc,phases   ] GC(9)   Merge Heap Roots: 0.16ms
[2025-02-07T08:11:25.290+0000][75][info ][gc,phases   ] GC(9)   Evacuate Collection Set: 4.75ms
[2025-02-07T08:11:25.292+0000][75][info ][gc,phases   ] GC(9)   Post Evacuate Collection Set: 16.63ms
[2025-02-07T08:11:25.293+0000][75][info ][gc,phases   ] GC(9)   Other: 0.47ms
[2025-02-07T08:11:25.294+0000][75][trace][gc,age      ] GC(9) Age table:
[2025-02-07T08:11:25.294+0000][75][trace][gc,age      ] GC(9) - age   1:    3188272 bytes,    3188272 total
[2025-02-07T08:11:25.295+0000][75][trace][gc,age      ] GC(9) - age   2:    2836016 bytes,    6024288 total
[2025-02-07T08:11:25.295+0000][75][trace][gc,age      ] GC(9) - age   3:    3002624 bytes,    9026912 total
[2025-02-07T08:11:25.296+0000][75][trace][gc,age      ] GC(9) - age   4:    2225584 bytes,   11252496 total
[2025-02-07T08:11:25.296+0000][75][trace][gc,age      ] GC(9) - age   5:     124232 bytes,   11376728 total
[2025-02-07T08:11:25.297+0000][75][trace][gc,age      ] GC(9) - age   6:    1113984 bytes,   12490712 total
[2025-02-07T08:11:25.297+0000][75][trace][gc,age      ] GC(9) - age   7:    4715904 bytes,   17206616 total
[2025-02-07T08:11:25.297+0000][75][info ][gc,heap     ] GC(9) Eden regions: 28->0(35)
[2025-02-07T08:11:25.298+0000][75][info ][gc,heap     ] GC(9) Survivor regions: 3->3(4)
[2025-02-07T08:11:25.298+0000][75][info ][gc,heap     ] GC(9) Old regions: 2->2
[2025-02-07T08:11:25.298+0000][75][info ][gc,heap     ] GC(9) Humongous regions: 0->0
[2025-02-07T08:11:25.299+0000][75][info ][gc,metaspace] GC(9) Metaspace: 30972K(32000K)->30972K(32000K) NonClass: 27444K(28032K)->27444K(28032K) Class: 3528K(3968K)->3528K(3968K)
[2025-02-07T08:11:25.299+0000][75][info ][gc          ] GC(9) Pause Young (Normal) (G1 Evacuation Pause) 248M->27M(616M) 42.974ms
[2025-02-07T08:11:25.299+0000][75][info ][gc,cpu      ] GC(9) User=0.04s Sys=0.16s Real=0.04s
[2025-02-07T08:11:25.300+0000][75][info ][safepoint   ] Safepoint "G1CollectForAllocation", Time since last: 265561121 ns, Reaching safepoint: 3660 ns, At safepoint: 43633934 ns, Total: 43637594 ns
[2025-02-07T08:11:25.729+0000][75][info ][gc,start    ] GC(10) Pause Young (Normal) (G1 Evacuation Pause)
[2025-02-07T08:11:25.729+0000][75][info ][gc,task     ] GC(10) Using 14 workers of 15 for evacuation
[2025-02-07T08:11:25.729+0000][75][debug][gc,age      ] GC(10) Desired survivor size 20971520 bytes, new threshold 15 (max threshold 15)
[2025-02-07T08:11:25.739+0000][75][info ][gc,phases   ] GC(10)   Pre Evacuate Collection Set: 0.29ms
[2025-02-07T08:11:25.739+0000][75][info ][gc,phases   ] GC(10)   Merge Heap Roots: 0.18ms
[2025-02-07T08:11:25.740+0000][75][info ][gc,phases   ] GC(10)   Evacuate Collection Set: 7.35ms
[2025-02-07T08:11:25.740+0000][75][info ][gc,phases   ] GC(10)   Post Evacuate Collection Set: 1.40ms
[2025-02-07T08:11:25.740+0000][75][info ][gc,phases   ] GC(10)   Other: 0.64ms
[2025-02-07T08:11:25.740+0000][75][trace][gc,age      ] GC(10) Age table:
[2025-02-07T08:11:25.741+0000][75][trace][gc,age      ] GC(10) - age   1:    4198208 bytes,    4198208 total
[2025-02-07T08:11:25.741+0000][75][trace][gc,age      ] GC(10) - age   2:    2648856 bytes,    6847064 total
[2025-02-07T08:11:25.741+0000][75][trace][gc,age      ] GC(10) - age   3:    2829920 bytes,    9676984 total
[2025-02-07T08:11:25.742+0000][75][trace][gc,age      ] GC(10) - age   4:    3002432 bytes,   12679416 total
[2025-02-07T08:11:25.742+0000][75][trace][gc,age      ] GC(10) - age   5:    2224352 bytes,   14903768 total
[2025-02-07T08:11:25.742+0000][75][trace][gc,age      ] GC(10) - age   6:     124232 bytes,   15028000 total
[2025-02-07T08:11:25.742+0000][75][trace][gc,age      ] GC(10) - age   7:    1113904 bytes,   16141904 total
[2025-02-07T08:11:25.742+0000][75][trace][gc,age      ] GC(10) - age   8:    4715904 bytes,   20857808 total
[2025-02-07T08:11:25.743+0000][75][info ][gc,heap     ] GC(10) Eden regions: 35->0(43)
[2025-02-07T08:11:25.743+0000][75][info ][gc,heap     ] GC(10) Survivor regions: 3->3(5)
[2025-02-07T08:11:25.743+0000][75][info ][gc,heap     ] GC(10) Old regions: 2->2
[2025-02-07T08:11:25.743+0000][75][info ][gc,heap     ] GC(10) Humongous regions: 0->0
[2025-02-07T08:11:25.743+0000][75][info ][gc,metaspace] GC(10) Metaspace: 33162K(34240K)->33162K(34240K) NonClass: 29383K(30016K)->29383K(30016K) Class: 3779K(4224K)->3779K(4224K)
[2025-02-07T08:11:25.743+0000][75][info ][gc          ] GC(10) Pause Young (Normal) (G1 Evacuation Pause) 307M->30M(616M) 14.740ms
[2025-02-07T08:11:25.743+0000][75][info ][gc,cpu      ] GC(10) User=0.07s Sys=0.00s Real=0.02s
[2025-02-07T08:11:25.744+0000][75][info ][safepoint   ] Safepoint "G1CollectForAllocation", Time since last: 428942664 ns, Reaching safepoint: 2588 ns, At safepoint: 15364174 ns, Total: 15366762 ns
[2025-02-07T08:11:25.791+0000][75][info ][gc,start    ] GC(11) Pause Young (Concurrent Start) (Metadata GC Threshold)
[2025-02-07T08:11:25.792+0000][75][info ][gc,task     ] GC(11) Using 14 workers of 15 for evacuation
[2025-02-07T08:11:25.793+0000][75][debug][gc,age      ] GC(11) Desired survivor size 25165824 bytes, new threshold 15 (max threshold 15)
[2025-02-07T08:11:25.802+0000][75][info ][gc,phases   ] GC(11)   Pre Evacuate Collection Set: 0.36ms
[2025-02-07T08:11:25.802+0000][75][info ][gc,phases   ] GC(11)   Merge Heap Roots: 0.20ms
[2025-02-07T08:11:25.803+0000][75][info ][gc,phases   ] GC(11)   Evacuate Collection Set: 6.38ms
[2025-02-07T08:11:25.803+0000][75][info ][gc,phases   ] GC(11)   Post Evacuate Collection Set: 1.42ms
[2025-02-07T08:11:25.804+0000][75][info ][gc,phases   ] GC(11)   Other: 1.32ms
[2025-02-07T08:11:25.804+0000][75][trace][gc,age      ] GC(11) Age table:
[2025-02-07T08:11:25.804+0000][75][trace][gc,age      ] GC(11) - age   1:     162760 bytes,     162760 total
[2025-02-07T08:11:25.805+0000][75][trace][gc,age      ] GC(11) - age   2:    4185856 bytes,    4348616 total
[2025-02-07T08:11:25.805+0000][75][trace][gc,age      ] GC(11) - age   3:    2648824 bytes,    6997440 total
[2025-02-07T08:11:25.805+0000][75][trace][gc,age      ] GC(11) - age   4:    2829920 bytes,    9827360 total
[2025-02-07T08:11:25.805+0000][75][trace][gc,age      ] GC(11) - age   5:    3002288 bytes,   12829648 total
[2025-02-07T08:11:25.805+0000][75][trace][gc,age      ] GC(11) - age   6:    2224352 bytes,   15054000 total
[2025-02-07T08:11:25.806+0000][75][trace][gc,age      ] GC(11) - age   7:     124232 bytes,   15178232 total
[2025-02-07T08:11:25.806+0000][75][trace][gc,age      ] GC(11) - age   8:    1113904 bytes,   16292136 total
[2025-02-07T08:11:25.806+0000][75][trace][gc,age      ] GC(11) - age   9:    4715904 bytes,   21008040 total
[2025-02-07T08:11:25.806+0000][75][info ][gc,heap     ] GC(11) Eden regions: 2->0(43)
[2025-02-07T08:11:25.806+0000][75][info ][gc,heap     ] GC(11) Survivor regions: 3->3(6)
[2025-02-07T08:11:25.806+0000][75][info ][gc,heap     ] GC(11) Old regions: 2->2
[2025-02-07T08:11:25.807+0000][75][info ][gc,heap     ] GC(11) Humongous regions: 0->0
[2025-02-07T08:11:25.807+0000][75][info ][gc,metaspace] GC(11) Metaspace: 35223K(36288K)->35223K(36288K) NonClass: 31244K(31872K)->31244K(31872K) Class: 3979K(4416K)->3979K(4416K)
[2025-02-07T08:11:25.807+0000][75][info ][gc          ] GC(11) Pause Young (Concurrent Start) (Metadata GC Threshold) 42M->31M(616M) 15.709ms
[2025-02-07T08:11:25.807+0000][75][info ][gc,cpu      ] GC(11) User=0.05s Sys=0.01s Real=0.02s
[2025-02-07T08:11:25.807+0000][75][info ][gc          ] GC(12) Concurrent Mark Cycle
[2025-02-07T08:11:25.808+0000][75][info ][gc,marking  ] GC(12) Concurrent Scan Root Regions
[2025-02-07T08:11:25.808+0000][75][info ][safepoint   ] Safepoint "CollectForMetadataAllocation", Time since last: 47477885 ns, Reaching safepoint: 3132 ns, At safepoint: 16368183 ns, Total: 16371315 ns
[2025-02-07T08:11:25.811+0000][75][info ][gc,marking  ] GC(12) Concurrent Scan Root Regions 3.567ms
[2025-02-07T08:11:25.812+0000][75][info ][gc,marking  ] GC(12) Concurrent Mark
[2025-02-07T08:11:25.812+0000][75][info ][gc,marking  ] GC(12) Concurrent Mark From Roots
[2025-02-07T08:11:25.812+0000][75][info ][gc,task     ] GC(12) Using 4 workers of 4 for marking
[2025-02-07T08:11:25.819+0000][75][info ][safepoint   ] Safepoint "CollectForMetadataAllocation", Time since last: 10815080 ns, Reaching safepoint: 571719 ns, At safepoint: 126890 ns, Total: 698609 ns
[2025-02-07T08:11:25.823+0000][75][info ][gc,marking  ] GC(12) Concurrent Mark From Roots 10.924ms
[2025-02-07T08:11:25.824+0000][75][info ][gc,marking  ] GC(12) Concurrent Preclean
[2025-02-07T08:11:25.824+0000][75][info ][gc,marking  ] GC(12) Concurrent Preclean 0.291ms
[2025-02-07T08:11:25.824+0000][75][info ][gc,start    ] GC(12) Pause Remark
[2025-02-07T08:11:25.831+0000][75][info ][gc          ] GC(12) Pause Remark 35M->35M(512M) 6.188ms
[2025-02-07T08:11:25.831+0000][75][info ][gc,cpu      ] GC(12) User=0.02s Sys=0.00s Real=0.00s
[2025-02-07T08:11:25.831+0000][75][info ][safepoint   ] Safepoint "G1PauseRemark", Time since last: 4961485 ns, Reaching safepoint: 238905 ns, At safepoint: 7031603 ns, Total: 7270508 ns
[2025-02-07T08:11:25.832+0000][75][info ][gc,marking  ] GC(12) Concurrent Mark 19.980ms
[2025-02-07T08:11:25.832+0000][75][info ][gc,marking  ] GC(12) Concurrent Rebuild Remembered Sets and Scrub Regions
[2025-02-07T08:11:25.837+0000][75][info ][gc,marking  ] GC(12) Concurrent Rebuild Remembered Sets and Scrub Regions 5.153ms
[2025-02-07T08:11:25.838+0000][75][info ][gc,start    ] GC(12) Pause Cleanup
[2025-02-07T08:11:25.838+0000][75][info ][gc          ] GC(12) Pause Cleanup 35M->35M(512M) 0.276ms
[2025-02-07T08:11:25.838+0000][75][info ][gc,cpu      ] GC(12) User=0.01s Sys=0.00s Real=0.00s
[2025-02-07T08:11:25.838+0000][75][info ][safepoint   ] Safepoint "G1PauseCleanup", Time since last: 6203179 ns, Reaching safepoint: 3140 ns, At safepoint: 723844 ns, Total: 726984 ns
[2025-02-07T08:11:25.839+0000][75][info ][gc,marking  ] GC(12) Concurrent Clear Claimed Marks
[2025-02-07T08:11:25.839+0000][75][info ][gc,marking  ] GC(12) Concurrent Clear Claimed Marks 0.306ms
[2025-02-07T08:11:25.839+0000][75][info ][gc,marking  ] GC(12) Concurrent Cleanup for Next Mark
[2025-02-07T08:11:25.840+0000][75][info ][gc,marking  ] GC(12) Concurrent Cleanup for Next Mark 0.485ms
[2025-02-07T08:11:25.840+0000][75][info ][gc          ] GC(12) Concurrent Mark Cycle 32.586ms
[2025-02-07T08:11:26.143+0000][75][info ][gc,start    ] GC(13) Pause Young (Normal) (G1 Evacuation Pause)
[2025-02-07T08:11:26.144+0000][75][info ][gc,task     ] GC(13) Using 13 workers of 15 for evacuation
[2025-02-07T08:11:26.144+0000][75][debug][gc,age      ] GC(13) Desired survivor size 20971520 bytes, new threshold 9 (max threshold 15)
[2025-02-07T08:11:26.151+0000][75][info ][gc,phases   ] GC(13)   Pre Evacuate Collection Set: 0.30ms
[2025-02-07T08:11:26.152+0000][75][info ][gc,phases   ] GC(13)   Merge Heap Roots: 0.17ms
[2025-02-07T08:11:26.152+0000][75][info ][gc,phases   ] GC(13)   Evacuate Collection Set: 5.40ms
[2025-02-07T08:11:26.152+0000][75][info ][gc,phases   ] GC(13)   Post Evacuate Collection Set: 1.01ms
[2025-02-07T08:11:26.152+0000][75][info ][gc,phases   ] GC(13)   Other: 0.71ms
[2025-02-07T08:11:26.153+0000][75][trace][gc,age      ] GC(13) Age table:
[2025-02-07T08:11:26.153+0000][75][trace][gc,age      ] GC(13) - age   1:    7320432 bytes,    7320432 total
[2025-02-07T08:11:26.153+0000][75][trace][gc,age      ] GC(13) - age   2:     135880 bytes,    7456312 total
[2025-02-07T08:11:26.153+0000][75][trace][gc,age      ] GC(13) - age   3:    4176384 bytes,   11632696 total
[2025-02-07T08:11:26.153+0000][75][trace][gc,age      ] GC(13) - age   4:    2648248 bytes,   14280944 total
[2025-02-07T08:11:26.153+0000][75][trace][gc,age      ] GC(13) - age   5:    2829200 bytes,   17110144 total
[2025-02-07T08:11:26.153+0000][75][trace][gc,age      ] GC(13) - age   6:    3002256 bytes,   20112400 total
[2025-02-07T08:11:26.154+0000][75][trace][gc,age      ] GC(13) - age   7:    2223952 bytes,   22336352 total
[2025-02-07T08:11:26.154+0000][75][trace][gc,age      ] GC(13) - age   8:     124200 bytes,   22460552 total
[2025-02-07T08:11:26.154+0000][75][trace][gc,age      ] GC(13) - age   9:    1113904 bytes,   23574456 total
[2025-02-07T08:11:26.154+0000][75][info ][gc,heap     ] GC(13) Eden regions: 35->0(34)
[2025-02-07T08:11:26.154+0000][75][info ][gc,heap     ] GC(13) Survivor regions: 3->4(5)
[2025-02-07T08:11:26.154+0000][75][info ][gc,heap     ] GC(13) Old regions: 2->3
[2025-02-07T08:11:26.154+0000][75][info ][gc,heap     ] GC(13) Humongous regions: 0->0
[2025-02-07T08:11:26.154+0000][75][info ][gc,metaspace] GC(13) Metaspace: 37259K(38400K)->37259K(38400K) NonClass: 32978K(33664K)->32978K(33664K) Class: 4280K(4736K)->4280K(4736K)
[2025-02-07T08:11:26.154+0000][75][info ][gc          ] GC(13) Pause Young (Normal) (G1 Evacuation Pause) 311M->37M(512M) 11.241ms
[2025-02-07T08:11:26.155+0000][75][info ][gc,cpu      ] GC(13) User=0.05s Sys=0.00s Real=0.01s
[2025-02-07T08:11:26.155+0000][75][info ][safepoint   ] Safepoint "G1CollectForAllocation", Time since last: 304729898 ns, Reaching safepoint: 83458 ns, At safepoint: 11528689 ns, Total: 11612147 ns
[2025-02-07T08:11:26.520+0000][75][info ][gc,start    ] GC(14) Pause Young (Normal) (G1 Evacuation Pause)
[2025-02-07T08:11:26.523+0000][75][info ][gc,task     ] GC(14) Using 12 workers of 15 for evacuation
[2025-02-07T08:11:26.524+0000][75][debug][gc,age      ] GC(14) Desired survivor size 20971520 bytes, new threshold 7 (max threshold 15)
[2025-02-07T08:11:26.531+0000][75][info ][gc,phases   ] GC(14)   Pre Evacuate Collection Set: 0.51ms
[2025-02-07T08:11:26.554+0000][75][info ][gc,phases   ] GC(14)   Merge Heap Roots: 0.18ms
[2025-02-07T08:11:26.555+0000][75][info ][gc,phases   ] GC(14)   Evacuate Collection Set: 4.51ms
[2025-02-07T08:11:26.555+0000][75][info ][gc,phases   ] GC(14)   Post Evacuate Collection Set: 0.97ms
[2025-02-07T08:11:26.556+0000][75][info ][gc,phases   ] GC(14)   Other: 1.56ms
[2025-02-07T08:11:26.556+0000][75][trace][gc,age      ] GC(14) Age table:
[2025-02-07T08:11:26.557+0000][75][trace][gc,age      ] GC(14) - age   1:    4497576 bytes,    4497576 total
[2025-02-07T08:11:26.558+0000][75][trace][gc,age      ] GC(14) - age   2:    3142032 bytes,    7639608 total
[2025-02-07T08:11:26.559+0000][75][trace][gc,age      ] GC(14) - age   3:     135880 bytes,    7775488 total
[2025-02-07T08:11:26.560+0000][75][trace][gc,age      ] GC(14) - age   4:    4176256 bytes,   11951744 total
[2025-02-07T08:11:26.560+0000][75][trace][gc,age      ] GC(14) - age   5:    2646704 bytes,   14598448 total
[2025-02-07T08:11:26.561+0000][75][trace][gc,age      ] GC(14) - age   6:    2825472 bytes,   17423920 total
[2025-02-07T08:11:26.562+0000][75][trace][gc,age      ] GC(14) - age   7:    3002072 bytes,   20425992 total
[2025-02-07T08:11:26.562+0000][75][info ][gc,heap     ] GC(14) Eden regions: 34->0(35)
[2025-02-07T08:11:26.563+0000][75][info ][gc,heap     ] GC(14) Survivor regions: 4->3(5)
[2025-02-07T08:11:26.564+0000][75][info ][gc,heap     ] GC(14) Old regions: 3->4
[2025-02-07T08:11:26.565+0000][75][info ][gc,heap     ] GC(14) Humongous regions: 0->0
[2025-02-07T08:11:26.565+0000][75][info ][gc,metaspace] GC(14) Metaspace: 39261K(40448K)->39261K(40448K) NonClass: 34734K(35456K)->34734K(35456K) Class: 4527K(4992K)->4527K(4992K)
[2025-02-07T08:11:26.566+0000][75][info ][gc          ] GC(14) Pause Young (Normal) (G1 Evacuation Pause) 309M->39M(512M) 45.457ms
[2025-02-07T08:11:26.567+0000][75][info ][gc,cpu      ] GC(14) User=0.08s Sys=0.01s Real=0.05s
[2025-02-07T08:11:26.567+0000][75][info ][safepoint   ] Safepoint "G1CollectForAllocation", Time since last: 365576104 ns, Reaching safepoint: 3587 ns, At safepoint: 47078261 ns, Total: 47081848 ns
[2025-02-07T08:11:26.857+0000][75][info ][gc,start    ] GC(15) Pause Young (Normal) (G1 Evacuation Pause)
[2025-02-07T08:11:26.858+0000][75][info ][gc,task     ] GC(15) Using 12 workers of 15 for evacuation
[2025-02-07T08:11:26.858+0000][75][debug][gc,age      ] GC(15) Desired survivor size 20971520 bytes, new threshold 15 (max threshold 15)
[2025-02-07T08:11:26.879+0000][75][info ][gc,phases   ] GC(15)   Pre Evacuate Collection Set: 0.25ms
[2025-02-07T08:11:26.880+0000][75][info ][gc,phases   ] GC(15)   Merge Heap Roots: 0.15ms
[2025-02-07T08:11:26.880+0000][75][info ][gc,phases   ] GC(15)   Evacuate Collection Set: 4.80ms
[2025-02-07T08:11:26.880+0000][75][info ][gc,phases   ] GC(15)   Post Evacuate Collection Set: 15.68ms
[2025-02-07T08:11:26.880+0000][75][info ][gc,phases   ] GC(15)   Other: 0.69ms
[2025-02-07T08:11:26.881+0000][75][trace][gc,age      ] GC(15) Age table:
[2025-02-07T08:11:26.881+0000][75][trace][gc,age      ] GC(15) - age   1:    5592552 bytes,    5592552 total
[2025-02-07T08:11:26.882+0000][75][trace][gc,age      ] GC(15) - age   2:    4469344 bytes,   10061896 total
[2025-02-07T08:11:26.882+0000][75][trace][gc,age      ] GC(15) - age   3:    3141824 bytes,   13203720 total
[2025-02-07T08:11:26.883+0000][75][trace][gc,age      ] GC(15) - age   4:     135848 bytes,   13339568 total
[2025-02-07T08:11:26.883+0000][75][trace][gc,age      ] GC(15) - age   5:    4174192 bytes,   17513760 total
[2025-02-07T08:11:26.884+0000][75][trace][gc,age      ] GC(15) - age   6:    2646368 bytes,   20160128 total
[2025-02-07T08:11:26.884+0000][75][trace][gc,age      ] GC(15) - age   7:    2825440 bytes,   22985568 total
[2025-02-07T08:11:26.885+0000][75][trace][gc,age      ] GC(15) - age   8:    3002072 bytes,   25987640 total
[2025-02-07T08:11:26.886+0000][75][info ][gc,heap     ] GC(15) Eden regions: 35->0(47)
[2025-02-07T08:11:26.886+0000][75][info ][gc,heap     ] GC(15) Survivor regions: 3->4(5)
[2025-02-07T08:11:26.887+0000][75][info ][gc,heap     ] GC(15) Old regions: 4->4
[2025-02-07T08:11:26.887+0000][75][info ][gc,heap     ] GC(15) Humongous regions: 0->0
[2025-02-07T08:11:26.888+0000][75][info ][gc,metaspace] GC(15) Metaspace: 39561K(40768K)->39561K(40768K) NonClass: 34987K(35712K)->34987K(35712K) Class: 4574K(5056K)->4574K(5056K)
[2025-02-07T08:11:26.888+0000][75][info ][gc          ] GC(15) Pause Young (Normal) (G1 Evacuation Pause) 319M->44M(680M) 31.232ms
[2025-02-07T08:11:26.889+0000][75][info ][gc,cpu      ] GC(15) User=0.06s Sys=0.14s Real=0.03s
[2025-02-07T08:11:26.889+0000][75][info ][safepoint   ] Safepoint "G1CollectForAllocation", Time since last: 289739414 ns, Reaching safepoint: 2979 ns, At safepoint: 32340635 ns, Total: 32343614 ns
[2025-02-07T08:11:28.332+0000][75][info ][gc,start    ] GC(16) Pause Young (Normal) (G1 Evacuation Pause)
[2025-02-07T08:11:28.334+0000][75][info ][gc,task     ] GC(16) Using 15 workers of 15 for evacuation
[2025-02-07T08:11:28.335+0000][75][debug][gc,age      ] GC(16) Desired survivor size 29360128 bytes, new threshold 15 (max threshold 15)
[2025-02-07T08:11:28.348+0000][75][info ][gc,phases   ] GC(16)   Pre Evacuate Collection Set: 0.33ms
[2025-02-07T08:11:28.348+0000][75][info ][gc,phases   ] GC(16)   Merge Heap Roots: 0.21ms
[2025-02-07T08:11:28.348+0000][75][info ][gc,phases   ] GC(16)   Evacuate Collection Set: 10.50ms
[2025-02-07T08:11:28.349+0000][75][info ][gc,phases   ] GC(16)   Post Evacuate Collection Set: 1.44ms
[2025-02-07T08:11:28.349+0000][75][info ][gc,phases   ] GC(16)   Other: 1.07ms
[2025-02-07T08:11:28.349+0000][75][trace][gc,age      ] GC(16) Age table:
[2025-02-07T08:11:28.349+0000][75][trace][gc,age      ] GC(16) - age   1:    5854320 bytes,    5854320 total
[2025-02-07T08:11:28.350+0000][75][trace][gc,age      ] GC(16) - age   2:    5247816 bytes,   11102136 total
[2025-02-07T08:11:28.350+0000][75][trace][gc,age      ] GC(16) - age   3:    4445640 bytes,   15547776 total
[2025-02-07T08:11:28.350+0000][75][trace][gc,age      ] GC(16) - age   4:    3134584 bytes,   18682360 total
[2025-02-07T08:11:28.351+0000][75][trace][gc,age      ] GC(16) - age   5:     135848 bytes,   18818208 total
[2025-02-07T08:11:28.351+0000][75][trace][gc,age      ] GC(16) - age   6:    4167472 bytes,   22985680 total
[2025-02-07T08:11:28.351+0000][75][trace][gc,age      ] GC(16) - age   7:    2643680 bytes,   25629360 total
[2025-02-07T08:11:28.352+0000][75][trace][gc,age      ] GC(16) - age   8:    2817832 bytes,   28447192 total
[2025-02-07T08:11:28.352+0000][75][trace][gc,age      ] GC(16) - age   9:    2997704 bytes,   31444896 total
[2025-02-07T08:11:28.352+0000][75][info ][gc,heap     ] GC(16) Eden regions: 47->0(46)
[2025-02-07T08:11:28.352+0000][75][info ][gc,heap     ] GC(16) Survivor regions: 4->5(7)
[2025-02-07T08:11:28.353+0000][75][info ][gc,heap     ] GC(16) Old regions: 4->4
[2025-02-07T08:11:28.353+0000][75][info ][gc,heap     ] GC(16) Humongous regions: 0->0
[2025-02-07T08:11:28.353+0000][75][info ][gc,metaspace] GC(16) Metaspace: 51480K(52992K)->51480K(52992K) NonClass: 45325K(46208K)->45325K(46208K) Class: 6154K(6784K)->6154K(6784K)
[2025-02-07T08:11:28.354+0000][75][info ][gc          ] GC(16) Pause Young (Normal) (G1 Evacuation Pause) 420M->50M(680M) 21.624ms
[2025-02-07T08:11:28.354+0000][75][info ][gc,cpu      ] GC(16) User=0.12s Sys=0.00s Real=0.03s
[2025-02-07T08:11:28.355+0000][75][info ][safepoint   ] Safepoint "G1CollectForAllocation", Time since last: 1442674170 ns, Reaching safepoint: 4351 ns, At safepoint: 22560238 ns, Total: 22564589 ns
[2025-02-07T08:11:28.824+0000][75][info ][gc,start    ] GC(17) Pause Young (Concurrent Start) (Metadata GC Threshold)
[2025-02-07T08:11:28.824+0000][75][info ][gc,task     ] GC(17) Using 15 workers of 15 for evacuation
[2025-02-07T08:11:28.825+0000][75][debug][gc,age      ] GC(17) Desired survivor size 29360128 bytes, new threshold 9 (max threshold 15)
[2025-02-07T08:11:28.834+0000][75][info ][gc,phases   ] GC(17)   Pre Evacuate Collection Set: 0.46ms
[2025-02-07T08:11:28.834+0000][75][info ][gc,phases   ] GC(17)   Merge Heap Roots: 0.19ms
[2025-02-07T08:11:28.835+0000][75][info ][gc,phases   ] GC(17)   Evacuate Collection Set: 6.35ms
[2025-02-07T08:11:28.836+0000][75][info ][gc,phases   ] GC(17)   Post Evacuate Collection Set: 1.22ms
[2025-02-07T08:11:28.836+0000][75][info ][gc,phases   ] GC(17)   Other: 1.19ms
[2025-02-07T08:11:28.836+0000][75][trace][gc,age      ] GC(17) Age table:
[2025-02-07T08:11:28.836+0000][75][trace][gc,age      ] GC(17) - age   1:    1859392 bytes,    1859392 total
[2025-02-07T08:11:28.837+0000][75][trace][gc,age      ] GC(17) - age   2:    5658992 bytes,    7518384 total
[2025-02-07T08:11:28.837+0000][75][trace][gc,age      ] GC(17) - age   3:    5246112 bytes,   12764496 total
[2025-02-07T08:11:28.837+0000][75][trace][gc,age      ] GC(17) - age   4:    4445608 bytes,   17210104 total
[2025-02-07T08:11:28.838+0000][75][trace][gc,age      ] GC(17) - age   5:    3132656 bytes,   20342760 total
[2025-02-07T08:11:28.839+0000][75][trace][gc,age      ] GC(17) - age   6:     135848 bytes,   20478608 total
[2025-02-07T08:11:28.839+0000][75][trace][gc,age      ] GC(17) - age   7:    4166984 bytes,   24645592 total
[2025-02-07T08:11:28.839+0000][75][trace][gc,age      ] GC(17) - age   8:    2642680 bytes,   27288272 total
[2025-02-07T08:11:28.840+0000][75][trace][gc,age      ] GC(17) - age   9:    2817400 bytes,   30105672 total
[2025-02-07T08:11:28.840+0000][75][info ][gc,heap     ] GC(17) Eden regions: 12->0(47)
[2025-02-07T08:11:28.840+0000][75][info ][gc,heap     ] GC(17) Survivor regions: 5->4(7)
[2025-02-07T08:11:28.841+0000][75][info ][gc,heap     ] GC(17) Old regions: 4->4
[2025-02-07T08:11:28.841+0000][75][info ][gc,heap     ] GC(17) Humongous regions: 0->0
[2025-02-07T08:11:28.841+0000][75][info ][gc,metaspace] GC(17) Metaspace: 59635K(61248K)->59635K(61248K) NonClass: 52207K(53184K)->52207K(53184K) Class: 7428K(8064K)->7428K(8064K)
[2025-02-07T08:11:28.842+0000][75][info ][gc          ] GC(17) Pause Young (Concurrent Start) (Metadata GC Threshold) 146M->51M(680M) 18.457ms
[2025-02-07T08:11:28.843+0000][75][info ][gc          ] GC(18) Concurrent Mark Cycle
[2025-02-07T08:11:28.843+0000][75][info ][gc,cpu      ] GC(17) User=0.05s Sys=0.00s Real=0.02s
[2025-02-07T08:11:28.843+0000][75][info ][gc,marking  ] GC(18) Concurrent Scan Root Regions
[2025-02-07T08:11:28.844+0000][75][info ][safepoint   ] Safepoint "CollectForMetadataAllocation", Time since last: 468889520 ns, Reaching safepoint: 46806 ns, At safepoint: 20080036 ns, Total: 20126842 ns
[2025-02-07T08:11:28.848+0000][75][info ][gc,marking  ] GC(18) Concurrent Scan Root Regions 4.813ms
[2025-02-07T08:11:28.853+0000][75][info ][gc,marking  ] GC(18) Concurrent Mark
[2025-02-07T08:11:28.853+0000][75][info ][gc,marking  ] GC(18) Concurrent Mark From Roots
[2025-02-07T08:11:28.853+0000][75][info ][gc,task     ] GC(18) Using 4 workers of 4 for marking
[2025-02-07T08:11:28.865+0000][75][info ][gc,marking  ] GC(18) Concurrent Mark From Roots 12.157ms
[2025-02-07T08:11:28.866+0000][75][info ][gc,marking  ] GC(18) Concurrent Preclean
[2025-02-07T08:11:28.867+0000][75][info ][gc,marking  ] GC(18) Concurrent Preclean 0.866ms
[2025-02-07T08:11:28.868+0000][75][info ][gc,start    ] GC(18) Pause Remark
[2025-02-07T08:11:28.877+0000][75][info ][gc          ] GC(18) Pause Remark 55M->55M(512M) 9.621ms
[2025-02-07T08:11:28.878+0000][75][info ][gc,cpu      ] GC(18) User=0.08s Sys=0.00s Real=0.01s
[2025-02-07T08:11:28.879+0000][75][info ][safepoint   ] Safepoint "G1PauseRemark", Time since last: 23847199 ns, Reaching safepoint: 96354 ns, At safepoint: 11097056 ns, Total: 11193410 ns
[2025-02-07T08:11:28.880+0000][75][info ][gc,marking  ] GC(18) Concurrent Mark 27.108ms
[2025-02-07T08:11:28.880+0000][75][info ][gc,marking  ] GC(18) Concurrent Rebuild Remembered Sets and Scrub Regions
[2025-02-07T08:11:28.889+0000][75][info ][gc,marking  ] GC(18) Concurrent Rebuild Remembered Sets and Scrub Regions 8.092ms
[2025-02-07T08:11:28.890+0000][75][info ][gc,start    ] GC(18) Pause Cleanup
[2025-02-07T08:11:28.890+0000][75][info ][gc          ] GC(18) Pause Cleanup 55M->55M(512M) 0.641ms
[2025-02-07T08:11:28.891+0000][75][info ][gc,cpu      ] GC(18) User=0.00s Sys=0.00s Real=0.00s
[2025-02-07T08:11:28.892+0000][75][info ][safepoint   ] Safepoint "G1PauseCleanup", Time since last: 10796654 ns, Reaching safepoint: 101111 ns, At safepoint: 2438315 ns, Total: 2539426 ns
[2025-02-07T08:11:28.893+0000][75][info ][gc,marking  ] GC(18) Concurrent Clear Claimed Marks
[2025-02-07T08:11:28.893+0000][75][info ][gc,marking  ] GC(18) Concurrent Clear Claimed Marks 0.502ms
[2025-02-07T08:11:28.894+0000][75][info ][gc,marking  ] GC(18) Concurrent Cleanup for Next Mark
[2025-02-07T08:11:28.895+0000][75][info ][gc,marking  ] GC(18) Concurrent Cleanup for Next Mark 1.111ms
[2025-02-07T08:11:28.896+0000][75][info ][gc          ] GC(18) Concurrent Mark Cycle 52.783ms
[2025-02-07T08:11:30.649+0000][75][info ][gc,start    ] GC(19) Pause Young (Prepare Mixed) (G1 Evacuation Pause)
[2025-02-07T08:11:30.649+0000][75][info ][gc,task     ] GC(19) Using 13 workers of 15 for evacuation
[2025-02-07T08:11:30.650+0000][75][debug][gc,age      ] GC(19) Desired survivor size 20971520 bytes, new threshold 7 (max threshold 15)
[2025-02-07T08:11:30.660+0000][75][info ][gc,phases   ] GC(19)   Pre Evacuate Collection Set: 0.25ms
[2025-02-07T08:11:30.661+0000][75][info ][gc,phases   ] GC(19)   Merge Heap Roots: 0.20ms
[2025-02-07T08:11:30.661+0000][75][info ][gc,phases   ] GC(19)   Evacuate Collection Set: 7.85ms
[2025-02-07T08:11:30.662+0000][75][info ][gc,phases   ] GC(19)   Post Evacuate Collection Set: 1.97ms
[2025-02-07T08:11:30.662+0000][75][info ][gc,phases   ] GC(19)   Other: 0.82ms
[2025-02-07T08:11:30.662+0000][75][trace][gc,age      ] GC(19) Age table:
[2025-02-07T08:11:30.662+0000][75][trace][gc,age      ] GC(19) - age   1:    9177000 bytes,    9177000 total
[2025-02-07T08:11:30.663+0000][75][trace][gc,age      ] GC(19) - age   2:    1701104 bytes,   10878104 total
[2025-02-07T08:11:30.663+0000][75][trace][gc,age      ] GC(19) - age   3:    5547768 bytes,   16425872 total
[2025-02-07T08:11:30.663+0000][75][trace][gc,age      ] GC(19) - age   4:    5231584 bytes,   21657456 total
[2025-02-07T08:11:30.663+0000][75][trace][gc,age      ] GC(19) - age   5:    4430504 bytes,   26087960 total
[2025-02-07T08:11:30.664+0000][75][trace][gc,age      ] GC(19) - age   6:    3123160 bytes,   29211120 total
[2025-02-07T08:11:30.664+0000][75][trace][gc,age      ] GC(19) - age   7:     135784 bytes,   29346904 total
[2025-02-07T08:11:30.664+0000][75][info ][gc,heap     ] GC(19) Eden regions: 34->0(34)
[2025-02-07T08:11:30.664+0000][75][info ][gc,heap     ] GC(19) Survivor regions: 4->4(5)
[2025-02-07T08:11:30.665+0000][75][info ][gc,heap     ] GC(19) Old regions: 4->6
[2025-02-07T08:11:30.665+0000][75][info ][gc,heap     ] GC(19) Humongous regions: 0->0
[2025-02-07T08:11:30.665+0000][75][info ][gc,metaspace] GC(19) Metaspace: 72431K(74432K)->72431K(74432K) NonClass: 62802K(64000K)->62802K(64000K) Class: 9628K(10432K)->9628K(10432K)
[2025-02-07T08:11:30.666+0000][75][info ][gc          ] GC(19) Pause Young (Prepare Mixed) (G1 Evacuation Pause) 323M->60M(512M) 16.807ms
[2025-02-07T08:11:30.666+0000][75][info ][gc,cpu      ] GC(19) User=0.11s Sys=0.00s Real=0.02s
[2025-02-07T08:11:30.667+0000][75][info ][safepoint   ] Safepoint "G1CollectForAllocation", Time since last: 1756749604 ns, Reaching safepoint: 5566 ns, At safepoint: 17714403 ns, Total: 17719969 ns
[2025-02-07T08:11:31.593+0000][75][info ][gc,start    ] GC(20) Pause Young (Mixed) (G1 Evacuation Pause)
[2025-02-07T08:11:31.595+0000][75][info ][gc,task     ] GC(20) Using 12 workers of 15 for evacuation
[2025-02-07T08:11:31.598+0000][75][debug][gc,age      ] GC(20) Desired survivor size 20971520 bytes, new threshold 4 (max threshold 15)
[2025-02-07T08:11:31.610+0000][75][info ][gc,phases   ] GC(20)   Pre Evacuate Collection Set: 0.36ms
[2025-02-07T08:11:31.612+0000][75][info ][gc,phases   ] GC(20)   Merge Heap Roots: 0.25ms
[2025-02-07T08:11:31.616+0000][75][info ][gc,phases   ] GC(20)   Evacuate Collection Set: 7.01ms
[2025-02-07T08:11:31.620+0000][75][info ][gc,phases   ] GC(20)   Post Evacuate Collection Set: 2.20ms
[2025-02-07T08:11:31.622+0000][75][info ][gc,phases   ] GC(20)   Other: 4.90ms
[2025-02-07T08:11:31.623+0000][75][trace][gc,age      ] GC(20) Age table:
[2025-02-07T08:11:31.624+0000][75][trace][gc,age      ] GC(20) - age   1:    3925008 bytes,    3925008 total
[2025-02-07T08:11:31.624+0000][75][trace][gc,age      ] GC(20) - age   2:    7263192 bytes,   11188200 total
[2025-02-07T08:11:31.624+0000][75][trace][gc,age      ] GC(20) - age   3:    1693472 bytes,   12881672 total
[2025-02-07T08:11:31.625+0000][75][trace][gc,age      ] GC(20) - age   4:    5396184 bytes,   18277856 total
[2025-02-07T08:11:31.625+0000][75][info ][gc,heap     ] GC(20) Eden regions: 34->0(35)
[2025-02-07T08:11:31.626+0000][75][info ][gc,heap     ] GC(20) Survivor regions: 4->3(5)
[2025-02-07T08:11:31.630+0000][75][info ][gc,heap     ] GC(20) Old regions: 6->6
[2025-02-07T08:11:31.633+0000][75][info ][gc,heap     ] GC(20) Humongous regions: 0->0
[2025-02-07T08:11:31.635+0000][75][info ][gc,metaspace] GC(20) Metaspace: 77142K(79168K)->77142K(79168K) NonClass: 66757K(67968K)->66757K(67968K) Class: 10385K(11200K)->10385K(11200K)
[2025-02-07T08:11:31.637+0000][75][info ][gc          ] GC(20) Pause Young (Mixed) (G1 Evacuation Pause) 332M->62M(512M) 43.522ms
[2025-02-07T08:11:31.638+0000][75][info ][gc,cpu      ] GC(20) User=0.13s Sys=0.00s Real=0.04s
[2025-02-07T08:11:31.639+0000][75][info ][safepoint   ] Safepoint "G1CollectForAllocation", Time since last: 926398860 ns, Reaching safepoint: 7523 ns, At safepoint: 46346276 ns, Total: 46353799 ns
[2025-02-07T08:11:32.747+0000][75][info ][gc,start    ] GC(21) Pause Young (Normal) (G1 Evacuation Pause)
[2025-02-07T08:11:32.747+0000][75][info ][gc,task     ] GC(21) Using 12 workers of 15 for evacuation
[2025-02-07T08:11:32.748+0000][75][debug][gc,age      ] GC(21) Desired survivor size 20971520 bytes, new threshold 15 (max threshold 15)
[2025-02-07T08:11:32.758+0000][75][info ][gc,phases   ] GC(21)   Pre Evacuate Collection Set: 0.43ms
[2025-02-07T08:11:32.759+0000][75][info ][gc,phases   ] GC(21)   Merge Heap Roots: 0.18ms
[2025-02-07T08:11:32.759+0000][75][info ][gc,phases   ] GC(21)   Evacuate Collection Set: 6.93ms
[2025-02-07T08:11:32.759+0000][75][info ][gc,phases   ] GC(21)   Post Evacuate Collection Set: 2.13ms
[2025-02-07T08:11:32.759+0000][75][info ][gc,phases   ] GC(21)   Other: 1.20ms
[2025-02-07T08:11:32.760+0000][75][trace][gc,age      ] GC(21) Age table:
[2025-02-07T08:11:32.760+0000][75][trace][gc,age      ] GC(21) - age   1:    5490344 bytes,    5490344 total
[2025-02-07T08:11:32.761+0000][75][trace][gc,age      ] GC(21) - age   2:    3810128 bytes,    9300472 total
[2025-02-07T08:11:32.761+0000][75][trace][gc,age      ] GC(21) - age   3:    7242920 bytes,   16543392 total
[2025-02-07T08:11:32.762+0000][75][trace][gc,age      ] GC(21) - age   4:    1690064 bytes,   18233456 total
[2025-02-07T08:11:32.762+0000][75][trace][gc,age      ] GC(21) - age   5:    5333216 bytes,   23566672 total
[2025-02-07T08:11:32.763+0000][75][info ][gc,heap     ] GC(21) Eden regions: 35->0(34)
[2025-02-07T08:11:32.764+0000][75][info ][gc,heap     ] GC(21) Survivor regions: 3->4(5)
[2025-02-07T08:11:32.764+0000][75][info ][gc,heap     ] GC(21) Old regions: 6->6
[2025-02-07T08:11:32.765+0000][75][info ][gc,heap     ] GC(21) Humongous regions: 0->0
[2025-02-07T08:11:32.766+0000][75][info ][gc,metaspace] GC(21) Metaspace: 89347K(91392K)->89347K(91392K) NonClass: 77315K(78528K)->77315K(78528K) Class: 12032K(12864K)->12032K(12864K)
[2025-02-07T08:11:32.766+0000][75][info ][gc          ] GC(21) Pause Young (Normal) (G1 Evacuation Pause) 342M->67M(512M) 19.438ms
[2025-02-07T08:11:32.767+0000][75][info ][gc,cpu      ] GC(21) User=0.13s Sys=0.00s Real=0.02s
[2025-02-07T08:11:32.768+0000][75][info ][safepoint   ] Safepoint "G1CollectForAllocation", Time since last: 1107225061 ns, Reaching safepoint: 167952 ns, At safepoint: 21061129 ns, Total: 21229081 ns
[2025-02-07T08:11:33.519+0000][75][info ][gc,start    ] GC(22) Pause Young (Concurrent Start) (Metadata GC Threshold)
[2025-02-07T08:11:33.520+0000][75][info ][gc,task     ] GC(22) Using 12 workers of 15 for evacuation
[2025-02-07T08:11:33.520+0000][75][debug][gc,age      ] GC(22) Desired survivor size 20971520 bytes, new threshold 5 (max threshold 15)
[2025-02-07T08:11:33.530+0000][75][info ][gc,phases   ] GC(22)   Pre Evacuate Collection Set: 0.42ms
[2025-02-07T08:11:33.531+0000][75][info ][gc,phases   ] GC(22)   Merge Heap Roots: 0.19ms
[2025-02-07T08:11:33.531+0000][75][info ][gc,phases   ] GC(22)   Evacuate Collection Set: 7.02ms
[2025-02-07T08:11:33.531+0000][75][info ][gc,phases   ] GC(22)   Post Evacuate Collection Set: 1.79ms
[2025-02-07T08:11:33.532+0000][75][info ][gc,phases   ] GC(22)   Other: 1.20ms
[2025-02-07T08:11:33.532+0000][75][trace][gc,age      ] GC(22) Age table:
[2025-02-07T08:11:33.532+0000][75][trace][gc,age      ] GC(22) - age   1:    3574400 bytes,    3574400 total
[2025-02-07T08:11:33.532+0000][75][trace][gc,age      ] GC(22) - age   2:    5243248 bytes,    8817648 total
[2025-02-07T08:11:33.533+0000][75][trace][gc,age      ] GC(22) - age   3:    3802032 bytes,   12619680 total
[2025-02-07T08:11:33.533+0000][75][trace][gc,age      ] GC(22) - age   4:    7205840 bytes,   19825520 total
[2025-02-07T08:11:33.533+0000][75][trace][gc,age      ] GC(22) - age   5:    1688432 bytes,   21513952 total
[2025-02-07T08:11:33.533+0000][75][info ][gc,heap     ] GC(22) Eden regions: 11->0(35)
[2025-02-07T08:11:33.534+0000][75][info ][gc,heap     ] GC(22) Survivor regions: 4->3(5)
[2025-02-07T08:11:33.534+0000][75][info ][gc,heap     ] GC(22) Old regions: 6->7
[2025-02-07T08:11:33.535+0000][75][info ][gc,heap     ] GC(22) Humongous regions: 0->0
[2025-02-07T08:11:33.535+0000][75][info ][gc,metaspace] GC(22) Metaspace: 100210K(102336K)->100210K(102336K) NonClass: 86656K(87936K)->86656K(87936K) Class: 13554K(14400K)->13554K(14400K)
[2025-02-07T08:11:33.535+0000][75][info ][gc          ] GC(22) Pause Young (Concurrent Start) (Metadata GC Threshold) 155M->70M(512M) 15.941ms
[2025-02-07T08:11:33.535+0000][75][info ][gc,cpu      ] GC(22) User=0.07s Sys=0.01s Real=0.02s
[2025-02-07T08:11:33.535+0000][75][info ][gc          ] GC(23) Concurrent Mark Cycle
[2025-02-07T08:11:33.536+0000][75][info ][safepoint   ] Safepoint "CollectForMetadataAllocation", Time since last: 751347595 ns, Reaching safepoint: 4312 ns, At safepoint: 16661542 ns, Total: 16665854 ns
[2025-02-07T08:11:33.536+0000][75][info ][gc,marking  ] GC(23) Concurrent Scan Root Regions
[2025-02-07T08:11:33.545+0000][75][info ][gc,marking  ] GC(23) Concurrent Scan Root Regions 8.708ms
[2025-02-07T08:11:33.545+0000][75][info ][gc,marking  ] GC(23) Concurrent Mark
[2025-02-07T08:11:33.545+0000][75][info ][gc,marking  ] GC(23) Concurrent Mark From Roots
[2025-02-07T08:11:33.546+0000][75][info ][gc,task     ] GC(23) Using 4 workers of 4 for marking
[2025-02-07T08:11:33.553+0000][75][info ][safepoint   ] Safepoint "CollectForMetadataAllocation", Time since last: 16654086 ns, Reaching safepoint: 77010 ns, At safepoint: 163625 ns, Total: 240635 ns
[2025-02-07T08:11:33.557+0000][75][info ][gc,marking  ] GC(23) Concurrent Mark From Roots 12.031ms
[2025-02-07T08:11:33.558+0000][75][info ][gc,marking  ] GC(23) Concurrent Preclean
[2025-02-07T08:11:33.558+0000][75][info ][gc,marking  ] GC(23) Concurrent Preclean 0.430ms
[2025-02-07T08:11:33.559+0000][75][info ][gc,start    ] GC(23) Pause Remark
[2025-02-07T08:11:33.565+0000][75][info ][gc          ] GC(23) Pause Remark 77M->77M(512M) 5.843ms
[2025-02-07T08:11:33.565+0000][75][info ][gc,cpu      ] GC(23) User=0.02s Sys=0.00s Real=0.01s
[2025-02-07T08:11:33.565+0000][75][info ][safepoint   ] Safepoint "G1PauseRemark", Time since last: 5967203 ns, Reaching safepoint: 102303 ns, At safepoint: 6544772 ns, Total: 6647075 ns
[2025-02-07T08:11:33.566+0000][75][info ][gc,marking  ] GC(23) Concurrent Mark 20.602ms
[2025-02-07T08:11:33.566+0000][75][info ][gc,marking  ] GC(23) Concurrent Rebuild Remembered Sets and Scrub Regions
[2025-02-07T08:11:33.571+0000][75][info ][gc,marking  ] GC(23) Concurrent Rebuild Remembered Sets and Scrub Regions 5.031ms
[2025-02-07T08:11:33.571+0000][75][info ][gc,start    ] GC(23) Pause Cleanup
[2025-02-07T08:11:33.572+0000][75][info ][gc          ] GC(23) Pause Cleanup 78M->78M(512M) 0.272ms
[2025-02-07T08:11:33.572+0000][75][info ][gc,cpu      ] GC(23) User=0.01s Sys=0.00s Real=0.00s
[2025-02-07T08:11:33.572+0000][75][info ][safepoint   ] Safepoint "G1PauseCleanup", Time since last: 6137858 ns, Reaching safepoint: 4300 ns, At safepoint: 765272 ns, Total: 769572 ns
[2025-02-07T08:11:33.573+0000][75][info ][gc,marking  ] GC(23) Concurrent Clear Claimed Marks
[2025-02-07T08:11:33.573+0000][75][info ][gc,marking  ] GC(23) Concurrent Clear Claimed Marks 0.735ms
[2025-02-07T08:11:33.574+0000][75][info ][gc,marking  ] GC(23) Concurrent Cleanup for Next Mark
[2025-02-07T08:11:33.574+0000][75][info ][gc,marking  ] GC(23) Concurrent Cleanup for Next Mark 0.722ms
[2025-02-07T08:11:33.575+0000][75][info ][gc          ] GC(23) Concurrent Mark Cycle 39.359ms
[2025-02-07T08:11:35.906+0000][75][info ][gc,start    ] GC(24) Pause Young (Prepare Mixed) (G1 Evacuation Pause)
[2025-02-07T08:11:35.907+0000][75][info ][gc,task     ] GC(24) Using 12 workers of 15 for evacuation
[2025-02-07T08:11:35.907+0000][75][debug][gc,age      ] GC(24) Desired survivor size 20971520 bytes, new threshold 5 (max threshold 15)
[2025-02-07T08:11:35.924+0000][75][info ][gc,phases   ] GC(24)   Pre Evacuate Collection Set: 0.28ms
[2025-02-07T08:11:35.924+0000][75][info ][gc,phases   ] GC(24)   Merge Heap Roots: 0.18ms
[2025-02-07T08:11:35.924+0000][75][info ][gc,phases   ] GC(24)   Evacuate Collection Set: 13.02ms
[2025-02-07T08:11:35.925+0000][75][info ][gc,phases   ] GC(24)   Post Evacuate Collection Set: 2.65ms
[2025-02-07T08:11:35.925+0000][75][info ][gc,phases   ] GC(24)   Other: 0.69ms
[2025-02-07T08:11:35.925+0000][75][trace][gc,age      ] GC(24) Age table:
[2025-02-07T08:11:35.925+0000][75][trace][gc,age      ] GC(24) - age   1:   18039264 bytes,   18039264 total
[2025-02-07T08:11:35.925+0000][75][trace][gc,age      ] GC(24) - age   2:    3319992 bytes,   21359256 total
[2025-02-07T08:11:35.926+0000][75][trace][gc,age      ] GC(24) - age   3:    5217272 bytes,   26576528 total
[2025-02-07T08:11:35.926+0000][75][trace][gc,age      ] GC(24) - age   4:    3760952 bytes,   30337480 total
[2025-02-07T08:11:35.926+0000][75][trace][gc,age      ] GC(24) - age   5:    7040248 bytes,   37377728 total
[2025-02-07T08:11:35.926+0000][75][info ][gc,heap     ] GC(24) Eden regions: 35->0(33)
[2025-02-07T08:11:35.927+0000][75][info ][gc,heap     ] GC(24) Survivor regions: 3->5(5)
[2025-02-07T08:11:35.927+0000][75][info ][gc,heap     ] GC(24) Old regions: 7->7
[2025-02-07T08:11:35.927+0000][75][info ][gc,heap     ] GC(24) Humongous regions: 0->0
[2025-02-07T08:11:35.927+0000][75][info ][gc,metaspace] GC(24) Metaspace: 132935K(136896K)->132935K(136896K) NonClass: 114008K(116096K)->114008K(116096K) Class: 18926K(20800K)->18926K(20800K)
[2025-02-07T08:11:35.927+0000][75][info ][gc          ] GC(24) Pause Young (Prepare Mixed) (G1 Evacuation Pause) 350M->88M(512M) 21.047ms
[2025-02-07T08:11:35.928+0000][75][info ][gc,cpu      ] GC(24) User=0.16s Sys=0.01s Real=0.02s
[2025-02-07T08:11:35.928+0000][75][info ][safepoint   ] Safepoint "G1CollectForAllocation", Time since last: 2334057563 ns, Reaching safepoint: 98578 ns, At safepoint: 21709504 ns, Total: 21808082 ns
[2025-02-07T08:11:39.374+0000][75][info ][gc,start    ] GC(25) Pause Young (Mixed) (G1 Evacuation Pause)
[2025-02-07T08:11:39.375+0000][75][info ][gc,task     ] GC(25) Using 12 workers of 15 for evacuation
[2025-02-07T08:11:39.375+0000][75][debug][gc,age      ] GC(25) Desired survivor size 20971520 bytes, new threshold 2 (max threshold 15)
[2025-02-07T08:11:39.394+0000][75][info ][gc,phases   ] GC(25)   Pre Evacuate Collection Set: 0.32ms
[2025-02-07T08:11:39.394+0000][75][info ][gc,phases   ] GC(25)   Merge Heap Roots: 0.22ms
[2025-02-07T08:11:39.395+0000][75][info ][gc,phases   ] GC(25)   Evacuate Collection Set: 16.47ms
[2025-02-07T08:11:39.400+0000][75][info ][gc,phases   ] GC(25)   Post Evacuate Collection Set: 1.55ms
[2025-02-07T08:11:39.403+0000][75][info ][gc,phases   ] GC(25)   Other: 0.55ms
[2025-02-07T08:11:39.408+0000][75][trace][gc,age      ] GC(25) Age table:
[2025-02-07T08:11:39.411+0000][75][trace][gc,age      ] GC(25) - age   1:    1842256 bytes,    1842256 total
[2025-02-07T08:11:39.413+0000][75][trace][gc,age      ] GC(25) - age   2:   17177768 bytes,   19020024 total
[2025-02-07T08:11:39.417+0000][75][info ][gc,heap     ] GC(25) Eden regions: 33->0(35)
[2025-02-07T08:11:39.418+0000][75][info ][gc,heap     ] GC(25) Survivor regions: 5->3(5)
[2025-02-07T08:11:39.419+0000][75][info ][gc,heap     ] GC(25) Old regions: 7->9
[2025-02-07T08:11:39.420+0000][75][info ][gc,heap     ] GC(25) Humongous regions: 0->0
[2025-02-07T08:11:39.420+0000][75][info ][gc,metaspace] GC(25) Metaspace: 135613K(139520K)->135613K(139520K) NonClass: 116438K(118464K)->116438K(118464K) Class: 19174K(21056K)->19174K(21056K)
[2025-02-07T08:11:39.421+0000][75][info ][gc          ] GC(25) Pause Young (Mixed) (G1 Evacuation Pause) 352M->91M(512M) 46.988ms
[2025-02-07T08:11:39.422+0000][75][info ][gc,cpu      ] GC(25) User=0.10s Sys=0.01s Real=0.04s
[2025-02-07T08:11:39.423+0000][75][info ][safepoint   ] Safepoint "G1CollectForAllocation", Time since last: 3446020366 ns, Reaching safepoint: 7593 ns, At safepoint: 49133371 ns, Total: 49140964 ns
