[2025-02-07T09:28:57.528+0000][78][info][gc,init] CardTable entry size: 512
[2025-02-07T09:28:57.529+0000][78][info][gc     ] Using G1
[2025-02-07T09:28:57.569+0000][78][info][gc,init] Version: 23+37-2369 (release)
[2025-02-07T09:28:57.569+0000][78][info][gc,init] CPUs: 16 total, 16 available
[2025-02-07T09:28:57.569+0000][78][info][gc,init] Memory: 15866M
[2025-02-07T09:28:57.569+0000][78][info][gc,init] Large Page Support: Disabled
[2025-02-07T09:28:57.570+0000][78][info][gc,init] NUMA Support: Disabled
[2025-02-07T09:28:57.570+0000][78][info][gc,init] Compressed Oops: Enabled (Zero based)
[2025-02-07T09:28:57.570+0000][78][info][gc,init] Heap Region Size: 8M
[2025-02-07T09:28:57.570+0000][78][info][gc,init] Heap Min Capacity: 512M
[2025-02-07T09:28:57.571+0000][78][info][gc,init] Heap Initial Capacity: 512M
[2025-02-07T09:28:57.571+0000][78][info][gc,init] Heap Max Capacity: 15G
[2025-02-07T09:28:57.571+0000][78][info][gc,init] Pre-touch: Enabled
[2025-02-07T09:28:57.572+0000][78][info][gc,init] Parallel Workers: 13
[2025-02-07T09:28:57.572+0000][78][info][gc,init] Concurrent Workers: 3
[2025-02-07T09:28:57.572+0000][78][info][gc,init] Concurrent Refinement Workers: 13
[2025-02-07T09:28:57.573+0000][78][info][gc,init] Periodic GC: Disabled
[2025-02-07T09:28:57.582+0000][78][info][gc,metaspace] CDS archive(s) mapped at: [0x00007f9216000000-0x00007f9216d8e000-0x00007f9216d8e000), size 14213120, SharedBaseAddress: 0x00007f9216000000, ArchiveRelocationMode: 1.
[2025-02-07T09:28:57.583+0000][78][info][gc,metaspace] Compressed class space mapped at: 0x00007f9217000000-0x00007f9257000000, reserved size: 1073741824
[2025-02-07T09:28:57.583+0000][78][info][gc,metaspace] Narrow klass base: 0x00007f9216000000, Narrow klass shift: 0, Narrow klass range: 0x100000000
[2025-02-07T09:28:57.778+0000][78][info][gc,start    ] GC(0) Pause Young (Normal) (G1 Evacuation Pause)
[2025-02-07T09:28:57.778+0000][78][info][gc,task     ] GC(0) Using 12 workers of 13 for evacuation
[2025-02-07T09:28:57.779+0000][78][debug][gc,age      ] GC(0) Desired survivor size 4194304 bytes, new threshold 15 (max threshold 15)
[2025-02-07T09:28:57.782+0000][78][info ][gc,phases   ] GC(0)   Pre Evacuate Collection Set: 0.39ms
[2025-02-07T09:28:57.782+0000][78][info ][gc,phases   ] GC(0)   Merge Heap Roots: 0.31ms
[2025-02-07T09:28:57.782+0000][78][info ][gc,phases   ] GC(0)   Evacuate Collection Set: 0.72ms
[2025-02-07T09:28:57.782+0000][78][info ][gc,phases   ] GC(0)   Post Evacuate Collection Set: 0.91ms
[2025-02-07T09:28:57.782+0000][78][info ][gc,phases   ] GC(0)   Other: 0.96ms
[2025-02-07T09:28:57.783+0000][78][trace][gc,age      ] GC(0) Age table:
[2025-02-07T09:28:57.783+0000][78][trace][gc,age      ] GC(0) - age   1:     612944 bytes,     612944 total
[2025-02-07T09:28:57.783+0000][78][info ][gc,heap     ] GC(0) Eden regions: 3->0(3)
[2025-02-07T09:28:57.783+0000][78][info ][gc,heap     ] GC(0) Survivor regions: 0->1(1)
[2025-02-07T09:28:57.783+0000][78][info ][gc,heap     ] GC(0) Old regions: 1->1
[2025-02-07T09:28:57.783+0000][78][info ][gc,heap     ] GC(0) Humongous regions: 0->0
[2025-02-07T09:28:57.784+0000][78][info ][gc,metaspace] GC(0) Metaspace: 857K(1024K)->857K(1024K) NonClass: 802K(896K)->802K(896K) Class: 55K(128K)->55K(128K)
[2025-02-07T09:28:57.784+0000][78][info ][gc          ] GC(0) Pause Young (Normal) (G1 Evacuation Pause) 25M->1M(520M) 5.928ms
[2025-02-07T09:28:57.784+0000][78][info ][gc,cpu      ] GC(0) User=0.01s Sys=0.01s Real=0.00s
[2025-02-07T09:28:57.784+0000][78][info ][safepoint   ] Safepoint "G1CollectForAllocation", Time since last: 189996385 ns, Reaching safepoint: 3656 ns, At safepoint: 6363171 ns, Total: 6366827 ns
[2025-02-07T09:28:58.119+0000][78][info ][gc,start    ] GC(1) Pause Young (Normal) (G1 Evacuation Pause)
[2025-02-07T09:28:58.119+0000][78][info ][gc,task     ] GC(1) Using 12 workers of 13 for evacuation
[2025-02-07T09:28:58.119+0000][78][debug][gc,age      ] GC(1) Desired survivor size 4194304 bytes, new threshold 15 (max threshold 15)
[2025-02-07T09:28:58.122+0000][78][info ][gc,phases   ] GC(1)   Pre Evacuate Collection Set: 0.22ms
[2025-02-07T09:28:58.122+0000][78][info ][gc,phases   ] GC(1)   Merge Heap Roots: 0.27ms
[2025-02-07T09:28:58.122+0000][78][info ][gc,phases   ] GC(1)   Evacuate Collection Set: 1.64ms
[2025-02-07T09:28:58.123+0000][78][info ][gc,phases   ] GC(1)   Post Evacuate Collection Set: 0.53ms
[2025-02-07T09:28:58.123+0000][78][info ][gc,phases   ] GC(1)   Other: 0.22ms
[2025-02-07T09:28:58.123+0000][78][trace][gc,age      ] GC(1) Age table:
[2025-02-07T09:28:58.123+0000][78][trace][gc,age      ] GC(1) - age   1:    3920504 bytes,    3920504 total
[2025-02-07T09:28:58.123+0000][78][trace][gc,age      ] GC(1) - age   2:     579312 bytes,    4499816 total
[2025-02-07T09:28:58.123+0000][78][info ][gc,heap     ] GC(1) Eden regions: 3->0(7)
[2025-02-07T09:28:58.123+0000][78][info ][gc,heap     ] GC(1) Survivor regions: 1->1(1)
[2025-02-07T09:28:58.123+0000][78][info ][gc,heap     ] GC(1) Old regions: 1->1
[2025-02-07T09:28:58.123+0000][78][info ][gc,heap     ] GC(1) Humongous regions: 0->0
[2025-02-07T09:28:58.123+0000][78][info ][gc,metaspace] GC(1) Metaspace: 7225K(7488K)->7225K(7488K) NonClass: 6377K(6528K)->6377K(6528K) Class: 847K(960K)->847K(960K)
[2025-02-07T09:28:58.124+0000][78][info ][gc          ] GC(1) Pause Young (Normal) (G1 Evacuation Pause) 25M->5M(520M) 4.843ms
[2025-02-07T09:28:58.124+0000][78][info ][gc,cpu      ] GC(1) User=0.01s Sys=0.00s Real=0.00s
[2025-02-07T09:28:58.124+0000][78][info ][safepoint   ] Safepoint "G1CollectForAllocation", Time since last: 334570865 ns, Reaching safepoint: 86281 ns, At safepoint: 5110273 ns, Total: 5196554 ns
[2025-02-07T09:28:58.993+0000][78][info ][gc,start    ] GC(2) Pause Young (Normal) (G1 Evacuation Pause)
[2025-02-07T09:28:58.993+0000][78][info ][gc,task     ] GC(2) Using 12 workers of 13 for evacuation
[2025-02-07T09:28:58.993+0000][78][debug][gc,age      ] GC(2) Desired survivor size 4194304 bytes, new threshold 2 (max threshold 15)
[2025-02-07T09:28:58.998+0000][78][info ][gc,phases   ] GC(2)   Pre Evacuate Collection Set: 0.25ms
[2025-02-07T09:28:58.999+0000][78][info ][gc,phases   ] GC(2)   Merge Heap Roots: 0.15ms
[2025-02-07T09:28:58.999+0000][78][info ][gc,phases   ] GC(2)   Evacuate Collection Set: 3.54ms
[2025-02-07T09:28:58.999+0000][78][info ][gc,phases   ] GC(2)   Post Evacuate Collection Set: 0.93ms
[2025-02-07T09:28:58.999+0000][78][info ][gc,phases   ] GC(2)   Other: 0.49ms
[2025-02-07T09:28:58.999+0000][78][trace][gc,age      ] GC(2) Age table:
[2025-02-07T09:28:58.999+0000][78][trace][gc,age      ] GC(2) - age   1:    4724472 bytes,    4724472 total
[2025-02-07T09:28:58.999+0000][78][trace][gc,age      ] GC(2) - age   2:    3625232 bytes,    8349704 total
[2025-02-07T09:28:59.000+0000][78][info ][gc,heap     ] GC(2) Eden regions: 7->0(8)
[2025-02-07T09:28:59.000+0000][78][info ][gc,heap     ] GC(2) Survivor regions: 1->1(1)
[2025-02-07T09:28:59.000+0000][78][info ][gc,heap     ] GC(2) Old regions: 1->2
[2025-02-07T09:28:59.000+0000][78][info ][gc,heap     ] GC(2) Humongous regions: 0->0
[2025-02-07T09:28:59.000+0000][78][info ][gc,metaspace] GC(2) Metaspace: 17228K(18112K)->17228K(18112K) NonClass: 15255K(15744K)->15255K(15744K) Class: 1972K(2368K)->1972K(2368K)
[2025-02-07T09:28:59.000+0000][78][info ][gc          ] GC(2) Pause Young (Normal) (G1 Evacuation Pause) 61M->12M(520M) 7.532ms
[2025-02-07T09:28:59.000+0000][78][info ][gc,cpu      ] GC(2) User=0.03s Sys=0.00s Real=0.01s
[2025-02-07T09:28:59.001+0000][78][info ][safepoint   ] Safepoint "G1CollectForAllocation", Time since last: 868773952 ns, Reaching safepoint: 3493 ns, At safepoint: 7895994 ns, Total: 7899487 ns
[2025-02-07T09:28:59.568+0000][78][info ][gc,start    ] GC(3) Pause Young (Normal) (G1 Evacuation Pause)
[2025-02-07T09:28:59.569+0000][78][info ][gc,task     ] GC(3) Using 12 workers of 13 for evacuation
[2025-02-07T09:28:59.569+0000][78][debug][gc,age      ] GC(3) Desired survivor size 8388608 bytes, new threshold 15 (max threshold 15)
[2025-02-07T09:28:59.575+0000][78][info ][gc,phases   ] GC(3)   Pre Evacuate Collection Set: 0.30ms
[2025-02-07T09:28:59.575+0000][78][info ][gc,phases   ] GC(3)   Merge Heap Roots: 0.35ms
[2025-02-07T09:28:59.575+0000][78][info ][gc,phases   ] GC(3)   Evacuate Collection Set: 3.74ms
[2025-02-07T09:28:59.576+0000][78][info ][gc,phases   ] GC(3)   Post Evacuate Collection Set: 1.25ms
[2025-02-07T09:28:59.576+0000][78][info ][gc,phases   ] GC(3)   Other: 0.33ms
[2025-02-07T09:28:59.576+0000][78][trace][gc,age      ] GC(3) Age table:
[2025-02-07T09:28:59.576+0000][78][trace][gc,age      ] GC(3) - age   1:    2313640 bytes,    2313640 total
[2025-02-07T09:28:59.576+0000][78][trace][gc,age      ] GC(3) - age   2:    4642384 bytes,    6956024 total
[2025-02-07T09:28:59.576+0000][78][trace][gc,age      ] GC(3) - age   3:    3624032 bytes,   10580056 total
[2025-02-07T09:28:59.577+0000][78][info ][gc,heap     ] GC(3) Eden regions: 8->0(10)
[2025-02-07T09:28:59.577+0000][78][info ][gc,heap     ] GC(3) Survivor regions: 1->2(2)
[2025-02-07T09:28:59.577+0000][78][info ][gc,heap     ] GC(3) Old regions: 2->2
[2025-02-07T09:28:59.577+0000][78][info ][gc,heap     ] GC(3) Humongous regions: 0->0
[2025-02-07T09:28:59.577+0000][78][info ][gc,metaspace] GC(3) Metaspace: 19362K(20224K)->19362K(20224K) NonClass: 17175K(17664K)->17175K(17664K) Class: 2187K(2560K)->2187K(2560K)
[2025-02-07T09:28:59.577+0000][78][info ][gc          ] GC(3) Pause Young (Normal) (G1 Evacuation Pause) 76M->15M(520M) 8.985ms
[2025-02-07T09:28:59.578+0000][78][info ][gc,cpu      ] GC(3) User=0.05s Sys=0.02s Real=0.01s
[2025-02-07T09:28:59.578+0000][78][info ][safepoint   ] Safepoint "G1CollectForAllocation", Time since last: 567792815 ns, Reaching safepoint: 4338 ns, At safepoint: 9577911 ns, Total: 9582249 ns
[2025-02-07T09:28:59.640+0000][78][info ][gc,start    ] GC(4) Pause Young (Concurrent Start) (Metadata GC Threshold)
[2025-02-07T09:28:59.640+0000][78][info ][gc,task     ] GC(4) Using 12 workers of 13 for evacuation
[2025-02-07T09:28:59.641+0000][78][debug][gc,age      ] GC(4) Desired survivor size 8388608 bytes, new threshold 3 (max threshold 15)
[2025-02-07T09:28:59.646+0000][78][info ][gc,phases   ] GC(4)   Pre Evacuate Collection Set: 0.28ms
[2025-02-07T09:28:59.647+0000][78][info ][gc,phases   ] GC(4)   Merge Heap Roots: 0.18ms
[2025-02-07T09:28:59.647+0000][78][info ][gc,phases   ] GC(4)   Evacuate Collection Set: 3.90ms
[2025-02-07T09:28:59.647+0000][78][info ][gc,phases   ] GC(4)   Post Evacuate Collection Set: 1.12ms
[2025-02-07T09:28:59.647+0000][78][info ][gc,phases   ] GC(4)   Other: 0.58ms
[2025-02-07T09:28:59.647+0000][78][trace][gc,age      ] GC(4) Age table:
[2025-02-07T09:28:59.647+0000][78][trace][gc,age      ] GC(4) - age   1:     203776 bytes,     203776 total
[2025-02-07T09:28:59.647+0000][78][trace][gc,age      ] GC(4) - age   2:    1429616 bytes,    1633392 total
[2025-02-07T09:28:59.648+0000][78][trace][gc,age      ] GC(4) - age   3:    4641576 bytes,    6274968 total
[2025-02-07T09:28:59.648+0000][78][info ][gc,heap     ] GC(4) Eden regions: 1->0(20)
[2025-02-07T09:28:59.648+0000][78][info ][gc,heap     ] GC(4) Survivor regions: 2->1(2)
[2025-02-07T09:28:59.648+0000][78][info ][gc,heap     ] GC(4) Old regions: 2->2
[2025-02-07T09:28:59.648+0000][78][info ][gc,heap     ] GC(4) Humongous regions: 0->0
[2025-02-07T09:28:59.648+0000][78][info ][gc,metaspace] GC(4) Metaspace: 20671K(21504K)->20671K(21504K) NonClass: 18353K(18816K)->18353K(18816K) Class: 2317K(2688K)->2317K(2688K)
[2025-02-07T09:28:59.649+0000][78][info ][gc          ] GC(4) Pause Young (Concurrent Start) (Metadata GC Threshold) 22M->14M(520M) 8.684ms
[2025-02-07T09:28:59.649+0000][78][info ][gc,cpu      ] GC(4) User=0.06s Sys=0.01s Real=0.01s
[2025-02-07T09:28:59.649+0000][78][info ][gc          ] GC(5) Concurrent Mark Cycle
[2025-02-07T09:28:59.649+0000][78][info ][gc,marking  ] GC(5) Concurrent Scan Root Regions
[2025-02-07T09:28:59.649+0000][78][info ][safepoint   ] Safepoint "CollectForMetadataAllocation", Time since last: 61833402 ns, Reaching safepoint: 3660 ns, At safepoint: 9260132 ns, Total: 9263792 ns
[2025-02-07T09:28:59.653+0000][78][info ][gc,marking  ] GC(5) Concurrent Scan Root Regions 4.385ms
[2025-02-07T09:28:59.654+0000][78][info ][gc,marking  ] GC(5) Concurrent Mark
[2025-02-07T09:28:59.654+0000][78][info ][gc,marking  ] GC(5) Concurrent Mark From Roots
[2025-02-07T09:28:59.654+0000][78][info ][gc,task     ] GC(5) Using 3 workers of 3 for marking
[2025-02-07T09:28:59.659+0000][78][info ][gc,marking  ] GC(5) Concurrent Mark From Roots 5.470ms
[2025-02-07T09:28:59.659+0000][78][info ][gc,marking  ] GC(5) Concurrent Preclean
[2025-02-07T09:28:59.660+0000][78][info ][gc,marking  ] GC(5) Concurrent Preclean 0.176ms
[2025-02-07T09:28:59.660+0000][78][info ][gc,start    ] GC(5) Pause Remark
[2025-02-07T09:28:59.663+0000][78][info ][gc          ] GC(5) Pause Remark 16M->16M(512M) 2.848ms
[2025-02-07T09:28:59.663+0000][78][info ][gc,cpu      ] GC(5) User=0.01s Sys=0.00s Real=0.00s
[2025-02-07T09:28:59.663+0000][78][info ][safepoint   ] Safepoint "G1PauseRemark", Time since last: 10598378 ns, Reaching safepoint: 80014 ns, At safepoint: 3422517 ns, Total: 3502531 ns
[2025-02-07T09:28:59.663+0000][78][info ][gc,marking  ] GC(5) Concurrent Mark 9.947ms
[2025-02-07T09:28:59.664+0000][78][info ][gc,marking  ] GC(5) Concurrent Rebuild Remembered Sets and Scrub Regions
[2025-02-07T09:28:59.667+0000][78][info ][gc,marking  ] GC(5) Concurrent Rebuild Remembered Sets and Scrub Regions 3.315ms
[2025-02-07T09:28:59.667+0000][78][info ][gc,start    ] GC(5) Pause Cleanup
[2025-02-07T09:28:59.667+0000][78][info ][gc          ] GC(5) Pause Cleanup 16M->16M(512M) 0.160ms
[2025-02-07T09:28:59.668+0000][78][info ][gc,cpu      ] GC(5) User=0.00s Sys=0.00s Real=0.00s
[2025-02-07T09:28:59.668+0000][78][info ][safepoint   ] Safepoint "G1PauseCleanup", Time since last: 3998113 ns, Reaching safepoint: 85479 ns, At safepoint: 577225 ns, Total: 662704 ns
[2025-02-07T09:28:59.668+0000][78][info ][gc,marking  ] GC(5) Concurrent Clear Claimed Marks
[2025-02-07T09:28:59.668+0000][78][info ][gc,marking  ] GC(5) Concurrent Clear Claimed Marks 0.186ms
[2025-02-07T09:28:59.668+0000][78][info ][gc,marking  ] GC(5) Concurrent Cleanup for Next Mark
[2025-02-07T09:28:59.669+0000][78][info ][gc,marking  ] GC(5) Concurrent Cleanup for Next Mark 0.562ms
[2025-02-07T09:28:59.669+0000][78][info ][gc          ] GC(5) Concurrent Mark Cycle 20.350ms
[2025-02-07T09:29:00.314+0000][78][info ][gc,start    ] GC(6) Pause Young (Prepare Mixed) (G1 Evacuation Pause)
[2025-02-07T09:29:00.315+0000][78][info ][gc,task     ] GC(6) Using 12 workers of 13 for evacuation
[2025-02-07T09:29:00.315+0000][78][debug][gc,age      ] GC(6) Desired survivor size 12582912 bytes, new threshold 15 (max threshold 15)
[2025-02-07T09:29:00.319+0000][78][info ][gc,phases   ] GC(6)   Pre Evacuate Collection Set: 0.29ms
[2025-02-07T09:29:00.320+0000][78][info ][gc,phases   ] GC(6)   Merge Heap Roots: 0.21ms
[2025-02-07T09:29:00.320+0000][78][info ][gc,phases   ] GC(6)   Evacuate Collection Set: 2.98ms
[2025-02-07T09:29:00.320+0000][78][info ][gc,phases   ] GC(6)   Post Evacuate Collection Set: 0.74ms
[2025-02-07T09:29:00.320+0000][78][info ][gc,phases   ] GC(6)   Other: 0.48ms
[2025-02-07T09:29:00.320+0000][78][trace][gc,age      ] GC(6) Age table:
[2025-02-07T09:29:00.321+0000][78][trace][gc,age      ] GC(6) - age   1:    2797592 bytes,    2797592 total
[2025-02-07T09:29:00.321+0000][78][trace][gc,age      ] GC(6) - age   2:     193488 bytes,    2991080 total
[2025-02-07T09:29:00.321+0000][78][trace][gc,age      ] GC(6) - age   3:    1310952 bytes,    4302032 total
[2025-02-07T09:29:00.321+0000][78][trace][gc,age      ] GC(6) - age   4:    4615752 bytes,    8917784 total
[2025-02-07T09:29:00.321+0000][78][info ][gc,heap     ] GC(6) Eden regions: 18->0(18)
[2025-02-07T09:29:00.322+0000][78][info ][gc,heap     ] GC(6) Survivor regions: 1->2(3)
[2025-02-07T09:29:00.322+0000][78][info ][gc,heap     ] GC(6) Old regions: 2->2
[2025-02-07T09:29:00.322+0000][78][info ][gc,heap     ] GC(6) Humongous regions: 0->0
[2025-02-07T09:29:00.322+0000][78][info ][gc,metaspace] GC(6) Metaspace: 23829K(24704K)->23829K(24704K) NonClass: 21140K(21632K)->21140K(21632K) Class: 2688K(3072K)->2688K(3072K)
[2025-02-07T09:29:00.322+0000][78][info ][gc          ] GC(6) Pause Young (Prepare Mixed) (G1 Evacuation Pause) 158M->17M(512M) 8.264ms
[2025-02-07T09:29:00.323+0000][78][info ][gc,cpu      ] GC(6) User=0.03s Sys=0.00s Real=0.01s
[2025-02-07T09:29:00.323+0000][78][info ][safepoint   ] Safepoint "G1CollectForAllocation", Time since last: 646322747 ns, Reaching safepoint: 4243 ns, At safepoint: 8877060 ns, Total: 8881303 ns
[2025-02-07T09:29:00.801+0000][78][info ][gc,start    ] GC(7) Pause Young (Mixed) (G1 Evacuation Pause)
[2025-02-07T09:29:00.801+0000][78][info ][gc,task     ] GC(7) Using 12 workers of 13 for evacuation
[2025-02-07T09:29:00.801+0000][78][debug][gc,age      ] GC(7) Desired survivor size 12582912 bytes, new threshold 15 (max threshold 15)
[2025-02-07T09:29:00.809+0000][78][info ][gc,phases   ] GC(7)   Pre Evacuate Collection Set: 0.22ms
[2025-02-07T09:29:00.809+0000][78][info ][gc,phases   ] GC(7)   Merge Heap Roots: 0.16ms
[2025-02-07T09:29:00.809+0000][78][info ][gc,phases   ] GC(7)   Evacuate Collection Set: 5.74ms
[2025-02-07T09:29:00.809+0000][78][info ][gc,phases   ] GC(7)   Post Evacuate Collection Set: 1.18ms
[2025-02-07T09:29:00.810+0000][78][info ][gc,phases   ] GC(7)   Other: 0.26ms
[2025-02-07T09:29:00.810+0000][78][trace][gc,age      ] GC(7) Age table:
[2025-02-07T09:29:00.810+0000][78][trace][gc,age      ] GC(7) - age   1:    3383832 bytes,    3383832 total
[2025-02-07T09:29:00.810+0000][78][trace][gc,age      ] GC(7) - age   2:    2218880 bytes,    5602712 total
[2025-02-07T09:29:00.810+0000][78][trace][gc,age      ] GC(7) - age   3:     188704 bytes,    5791416 total
[2025-02-07T09:29:00.810+0000][78][trace][gc,age      ] GC(7) - age   4:    1306568 bytes,    7097984 total
[2025-02-07T09:29:00.811+0000][78][trace][gc,age      ] GC(7) - age   5:    4615304 bytes,   11713288 total
[2025-02-07T09:29:00.811+0000][78][info ][gc,heap     ] GC(7) Eden regions: 18->0(26)
[2025-02-07T09:29:00.811+0000][78][info ][gc,heap     ] GC(7) Survivor regions: 2->2(3)
[2025-02-07T09:29:00.811+0000][78][info ][gc,heap     ] GC(7) Old regions: 2->2
[2025-02-07T09:29:00.811+0000][78][info ][gc,heap     ] GC(7) Humongous regions: 0->0
[2025-02-07T09:29:00.812+0000][78][info ][gc,metaspace] GC(7) Metaspace: 29249K(30272K)->29249K(30272K) NonClass: 25968K(26560K)->25968K(26560K) Class: 3280K(3712K)->3280K(3712K)
[2025-02-07T09:29:00.812+0000][78][info ][gc          ] GC(7) Pause Young (Mixed) (G1 Evacuation Pause) 161M->20M(512M) 10.761ms
[2025-02-07T09:29:00.812+0000][78][info ][gc,cpu      ] GC(7) User=0.06s Sys=0.00s Real=0.01s
[2025-02-07T09:29:00.812+0000][78][info ][safepoint   ] Safepoint "G1CollectForAllocation", Time since last: 477868782 ns, Reaching safepoint: 2864 ns, At safepoint: 11213272 ns, Total: 11216136 ns
[2025-02-07T09:29:01.244+0000][78][info ][gc,start    ] GC(8) Pause Young (Normal) (G1 Evacuation Pause)
[2025-02-07T09:29:01.244+0000][78][info ][gc,task     ] GC(8) Using 12 workers of 13 for evacuation
[2025-02-07T09:29:01.244+0000][78][debug][gc,age      ] GC(8) Desired survivor size 16777216 bytes, new threshold 15 (max threshold 15)
[2025-02-07T09:29:01.254+0000][78][info ][gc,phases   ] GC(8)   Pre Evacuate Collection Set: 0.28ms
[2025-02-07T09:29:01.255+0000][78][info ][gc,phases   ] GC(8)   Merge Heap Roots: 0.23ms
[2025-02-07T09:29:01.255+0000][78][info ][gc,phases   ] GC(8)   Evacuate Collection Set: 8.33ms
[2025-02-07T09:29:01.255+0000][78][info ][gc,phases   ] GC(8)   Post Evacuate Collection Set: 1.00ms
[2025-02-07T09:29:01.255+0000][78][info ][gc,phases   ] GC(8)   Other: 0.59ms
[2025-02-07T09:29:01.256+0000][78][trace][gc,age      ] GC(8) Age table:
[2025-02-07T09:29:01.256+0000][78][trace][gc,age      ] GC(8) - age   1:    5072904 bytes,    5072904 total
[2025-02-07T09:29:01.256+0000][78][trace][gc,age      ] GC(8) - age   2:    3006304 bytes,    8079208 total
[2025-02-07T09:29:01.256+0000][78][trace][gc,age      ] GC(8) - age   3:    2215960 bytes,   10295168 total
[2025-02-07T09:29:01.257+0000][78][trace][gc,age      ] GC(8) - age   4:     188704 bytes,   10483872 total
[2025-02-07T09:29:01.257+0000][78][trace][gc,age      ] GC(8) - age   5:    1304600 bytes,   11788472 total
[2025-02-07T09:29:01.257+0000][78][trace][gc,age      ] GC(8) - age   6:    4615208 bytes,   16403680 total
[2025-02-07T09:29:01.257+0000][78][info ][gc,heap     ] GC(8) Eden regions: 27->0(28)
[2025-02-07T09:29:01.257+0000][78][info ][gc,heap     ] GC(8) Survivor regions: 2->3(4)
[2025-02-07T09:29:01.258+0000][78][info ][gc,heap     ] GC(8) Old regions: 2->2
[2025-02-07T09:29:01.258+0000][78][info ][gc,heap     ] GC(8) Humongous regions: 0->0
[2025-02-07T09:29:01.258+0000][78][info ][gc,metaspace] GC(8) Metaspace: 30536K(31552K)->30536K(31552K) NonClass: 27056K(27648K)->27056K(27648K) Class: 3479K(3904K)->3479K(3904K)
[2025-02-07T09:29:01.258+0000][78][info ][gc          ] GC(8) Pause Young (Normal) (G1 Evacuation Pause) 236M->24M(512M) 14.614ms
[2025-02-07T09:29:01.259+0000][78][info ][gc,cpu      ] GC(8) User=0.03s Sys=0.02s Real=0.02s
[2025-02-07T09:29:01.259+0000][78][info ][safepoint   ] Safepoint "G1CollectForAllocation", Time since last: 431519725 ns, Reaching safepoint: 3292 ns, At safepoint: 15168126 ns, Total: 15171418 ns
[2025-02-07T09:29:01.532+0000][78][info ][gc,start    ] GC(9) Pause Young (Normal) (G1 Evacuation Pause)
[2025-02-07T09:29:01.532+0000][78][info ][gc,task     ] GC(9) Using 12 workers of 13 for evacuation
[2025-02-07T09:29:01.533+0000][78][debug][gc,age      ] GC(9) Desired survivor size 16777216 bytes, new threshold 15 (max threshold 15)
[2025-02-07T09:29:01.548+0000][78][info ][gc,phases   ] GC(9)   Pre Evacuate Collection Set: 0.24ms
[2025-02-07T09:29:01.549+0000][78][info ][gc,phases   ] GC(9)   Merge Heap Roots: 0.18ms
[2025-02-07T09:29:01.549+0000][78][info ][gc,phases   ] GC(9)   Evacuate Collection Set: 4.67ms
[2025-02-07T09:29:01.549+0000][78][info ][gc,phases   ] GC(9)   Post Evacuate Collection Set: 10.42ms
[2025-02-07T09:29:01.549+0000][78][info ][gc,phases   ] GC(9)   Other: 0.46ms
[2025-02-07T09:29:01.549+0000][78][trace][gc,age      ] GC(9) Age table:
[2025-02-07T09:29:01.550+0000][78][trace][gc,age      ] GC(9) - age   1:    2718144 bytes,    2718144 total
[2025-02-07T09:29:01.550+0000][78][trace][gc,age      ] GC(9) - age   2:    2965592 bytes,    5683736 total
[2025-02-07T09:29:01.550+0000][78][trace][gc,age      ] GC(9) - age   3:    3005952 bytes,    8689688 total
[2025-02-07T09:29:01.550+0000][78][trace][gc,age      ] GC(9) - age   4:    2215472 bytes,   10905160 total
[2025-02-07T09:29:01.551+0000][78][trace][gc,age      ] GC(9) - age   5:     188704 bytes,   11093864 total
[2025-02-07T09:29:01.551+0000][78][trace][gc,age      ] GC(9) - age   6:    1304600 bytes,   12398464 total
[2025-02-07T09:29:01.551+0000][78][trace][gc,age      ] GC(9) - age   7:    4615176 bytes,   17013640 total
[2025-02-07T09:29:01.552+0000][78][info ][gc,heap     ] GC(9) Eden regions: 28->0(38)
[2025-02-07T09:29:01.552+0000][78][info ][gc,heap     ] GC(9) Survivor regions: 3->3(4)
[2025-02-07T09:29:01.552+0000][78][info ][gc,heap     ] GC(9) Old regions: 2->2
[2025-02-07T09:29:01.552+0000][78][info ][gc,heap     ] GC(9) Humongous regions: 0->0
[2025-02-07T09:29:01.552+0000][78][info ][gc,metaspace] GC(9) Metaspace: 30971K(32000K)->30971K(32000K) NonClass: 27442K(28032K)->27442K(28032K) Class: 3529K(3968K)->3529K(3968K)
[2025-02-07T09:29:01.553+0000][78][info ][gc          ] GC(9) Pause Young (Normal) (G1 Evacuation Pause) 248M->26M(616M) 20.701ms
[2025-02-07T09:29:01.553+0000][78][info ][gc,cpu      ] GC(9) User=0.00s Sys=0.10s Real=0.02s
[2025-02-07T09:29:01.553+0000][78][info ][safepoint   ] Safepoint "G1CollectForAllocation", Time since last: 273107429 ns, Reaching safepoint: 3181 ns, At safepoint: 21208998 ns, Total: 21212179 ns
[2025-02-07T09:29:02.193+0000][78][info ][gc,start    ] GC(10) Pause Young (Concurrent Start) (Metadata GC Threshold)
[2025-02-07T09:29:02.194+0000][78][info ][gc,task     ] GC(10) Using 13 workers of 13 for evacuation
[2025-02-07T09:29:02.194+0000][78][debug][gc,age      ] GC(10) Desired survivor size 25165824 bytes, new threshold 15 (max threshold 15)
[2025-02-07T09:29:02.203+0000][78][info ][gc,phases   ] GC(10)   Pre Evacuate Collection Set: 0.29ms
[2025-02-07T09:29:02.203+0000][78][info ][gc,phases   ] GC(10)   Merge Heap Roots: 0.18ms
[2025-02-07T09:29:02.204+0000][78][info ][gc,phases   ] GC(10)   Evacuate Collection Set: 8.05ms
[2025-02-07T09:29:02.204+0000][78][info ][gc,phases   ] GC(10)   Post Evacuate Collection Set: 0.83ms
[2025-02-07T09:29:02.204+0000][78][info ][gc,phases   ] GC(10)   Other: 0.38ms
[2025-02-07T09:29:02.204+0000][78][trace][gc,age      ] GC(10) Age table:
[2025-02-07T09:29:02.204+0000][78][trace][gc,age      ] GC(10) - age   1:    4316240 bytes,    4316240 total
[2025-02-07T09:29:02.204+0000][78][trace][gc,age      ] GC(10) - age   2:    2537256 bytes,    6853496 total
[2025-02-07T09:29:02.204+0000][78][trace][gc,age      ] GC(10) - age   3:    2959496 bytes,    9812992 total
[2025-02-07T09:29:02.204+0000][78][trace][gc,age      ] GC(10) - age   4:    3005616 bytes,   12818608 total
[2025-02-07T09:29:02.204+0000][78][trace][gc,age      ] GC(10) - age   5:    2214240 bytes,   15032848 total
[2025-02-07T09:29:02.205+0000][78][trace][gc,age      ] GC(10) - age   6:     188704 bytes,   15221552 total
[2025-02-07T09:29:02.205+0000][78][trace][gc,age      ] GC(10) - age   7:    1303960 bytes,   16525512 total
[2025-02-07T09:29:02.205+0000][78][trace][gc,age      ] GC(10) - age   8:    4615176 bytes,   21140688 total
[2025-02-07T09:29:02.205+0000][78][info ][gc,heap     ] GC(10) Eden regions: 33->0(43)
[2025-02-07T09:29:02.206+0000][78][info ][gc,heap     ] GC(10) Survivor regions: 3->3(6)
[2025-02-07T09:29:02.206+0000][78][info ][gc,heap     ] GC(10) Old regions: 2->2
[2025-02-07T09:29:02.206+0000][78][info ][gc,heap     ] GC(10) Humongous regions: 0->0
[2025-02-07T09:29:02.206+0000][78][info ][gc,metaspace] GC(10) Metaspace: 35165K(36288K)->35165K(36288K) NonClass: 31195K(31872K)->31195K(31872K) Class: 3970K(4416K)->3970K(4416K)
[2025-02-07T09:29:02.206+0000][78][info ][gc          ] GC(10) Pause Young (Concurrent Start) (Metadata GC Threshold) 290M->30M(616M) 13.059ms
[2025-02-07T09:29:02.207+0000][78][info ][gc          ] GC(11) Concurrent Mark Cycle
[2025-02-07T09:29:02.207+0000][78][info ][gc,marking  ] GC(11) Concurrent Scan Root Regions
[2025-02-07T09:29:02.207+0000][78][info ][gc,cpu      ] GC(10) User=0.04s Sys=0.01s Real=0.02s
[2025-02-07T09:29:02.207+0000][78][info ][safepoint   ] Safepoint "CollectForMetadataAllocation", Time since last: 640084512 ns, Reaching safepoint: 2096 ns, At safepoint: 13928559 ns, Total: 13930655 ns
[2025-02-07T09:29:02.210+0000][78][info ][gc,marking  ] GC(11) Concurrent Scan Root Regions 3.713ms
[2025-02-07T09:29:02.211+0000][78][info ][gc,marking  ] GC(11) Concurrent Mark
[2025-02-07T09:29:02.211+0000][78][info ][gc,marking  ] GC(11) Concurrent Mark From Roots
[2025-02-07T09:29:02.211+0000][78][info ][gc,task     ] GC(11) Using 3 workers of 3 for marking
[2025-02-07T09:29:02.218+0000][78][info ][gc,marking  ] GC(11) Concurrent Mark From Roots 6.722ms
[2025-02-07T09:29:02.218+0000][78][info ][gc,marking  ] GC(11) Concurrent Preclean
[2025-02-07T09:29:02.218+0000][78][info ][gc,marking  ] GC(11) Concurrent Preclean 0.178ms
[2025-02-07T09:29:02.218+0000][78][info ][gc,start    ] GC(11) Pause Remark
[2025-02-07T09:29:02.222+0000][78][info ][gc          ] GC(11) Pause Remark 34M->34M(512M) 3.876ms
[2025-02-07T09:29:02.223+0000][78][info ][gc,cpu      ] GC(11) User=0.01s Sys=0.01s Real=0.00s
[2025-02-07T09:29:02.223+0000][78][info ][safepoint   ] Safepoint "G1PauseRemark", Time since last: 11247533 ns, Reaching safepoint: 2623 ns, At safepoint: 4394686 ns, Total: 4397309 ns
[2025-02-07T09:29:02.223+0000][78][info ][gc,marking  ] GC(11) Concurrent Mark 12.314ms
[2025-02-07T09:29:02.223+0000][78][info ][gc,marking  ] GC(11) Concurrent Rebuild Remembered Sets and Scrub Regions
[2025-02-07T09:29:02.226+0000][78][info ][gc,marking  ] GC(11) Concurrent Rebuild Remembered Sets and Scrub Regions 2.895ms
[2025-02-07T09:29:02.227+0000][78][info ][gc,start    ] GC(11) Pause Cleanup
[2025-02-07T09:29:02.227+0000][78][info ][gc          ] GC(11) Pause Cleanup 34M->34M(512M) 0.251ms
[2025-02-07T09:29:02.227+0000][78][info ][gc,cpu      ] GC(11) User=0.00s Sys=0.00s Real=0.00s
[2025-02-07T09:29:02.227+0000][78][info ][safepoint   ] Safepoint "G1PauseCleanup", Time since last: 3693848 ns, Reaching safepoint: 2115 ns, At safepoint: 662687 ns, Total: 664802 ns
[2025-02-07T09:29:02.228+0000][78][info ][gc,marking  ] GC(11) Concurrent Clear Claimed Marks
[2025-02-07T09:29:02.228+0000][78][info ][gc,marking  ] GC(11) Concurrent Clear Claimed Marks 0.321ms
[2025-02-07T09:29:02.228+0000][78][info ][gc,marking  ] GC(11) Concurrent Cleanup for Next Mark
[2025-02-07T09:29:02.229+0000][78][info ][gc,marking  ] GC(11) Concurrent Cleanup for Next Mark 0.548ms
[2025-02-07T09:29:02.229+0000][78][info ][gc          ] GC(11) Concurrent Mark Cycle 22.475ms
[2025-02-07T09:29:02.602+0000][78][info ][gc,start    ] GC(12) Pause Young (Prepare Mixed) (G1 Evacuation Pause)
[2025-02-07T09:29:02.602+0000][78][info ][gc,task     ] GC(12) Using 12 workers of 13 for evacuation
[2025-02-07T09:29:02.602+0000][78][debug][gc,age      ] GC(12) Desired survivor size 20971520 bytes, new threshold 8 (max threshold 15)
[2025-02-07T09:29:02.611+0000][78][info ][gc,phases   ] GC(12)   Pre Evacuate Collection Set: 0.25ms
[2025-02-07T09:29:02.611+0000][78][info ][gc,phases   ] GC(12)   Merge Heap Roots: 0.20ms
[2025-02-07T09:29:02.611+0000][78][info ][gc,phases   ] GC(12)   Evacuate Collection Set: 6.68ms
[2025-02-07T09:29:02.611+0000][78][info ][gc,phases   ] GC(12)   Post Evacuate Collection Set: 1.19ms
[2025-02-07T09:29:02.611+0000][78][info ][gc,phases   ] GC(12)   Other: 0.39ms
[2025-02-07T09:29:02.611+0000][78][trace][gc,age      ] GC(12) Age table:
[2025-02-07T09:29:02.611+0000][78][trace][gc,age      ] GC(12) - age   1:    7156488 bytes,    7156488 total
[2025-02-07T09:29:02.612+0000][78][trace][gc,age      ] GC(12) - age   2:    4291776 bytes,   11448264 total
[2025-02-07T09:29:02.612+0000][78][trace][gc,age      ] GC(12) - age   3:    2536616 bytes,   13984880 total
[2025-02-07T09:29:02.612+0000][78][trace][gc,age      ] GC(12) - age   4:    2958776 bytes,   16943656 total
[2025-02-07T09:29:02.612+0000][78][trace][gc,age      ] GC(12) - age   5:    3005584 bytes,   19949240 total
[2025-02-07T09:29:02.612+0000][78][trace][gc,age      ] GC(12) - age   6:    2213456 bytes,   22162696 total
[2025-02-07T09:29:02.612+0000][78][trace][gc,age      ] GC(12) - age   7:     188672 bytes,   22351368 total
[2025-02-07T09:29:02.612+0000][78][trace][gc,age      ] GC(12) - age   8:    1303928 bytes,   23655296 total
[2025-02-07T09:29:02.612+0000][78][info ][gc,heap     ] GC(12) Eden regions: 35->0(35)
[2025-02-07T09:29:02.612+0000][78][info ][gc,heap     ] GC(12) Survivor regions: 3->3(5)
[2025-02-07T09:29:02.612+0000][78][info ][gc,heap     ] GC(12) Old regions: 2->3
[2025-02-07T09:29:02.613+0000][78][info ][gc,heap     ] GC(12) Humongous regions: 0->0
[2025-02-07T09:29:02.613+0000][78][info ][gc,metaspace] GC(12) Metaspace: 37255K(38464K)->37255K(38464K) NonClass: 32973K(33664K)->32973K(33664K) Class: 4281K(4800K)->4281K(4800K)
[2025-02-07T09:29:02.613+0000][78][info ][gc          ] GC(12) Pause Young (Prepare Mixed) (G1 Evacuation Pause) 310M->36M(512M) 11.006ms
[2025-02-07T09:29:02.613+0000][78][info ][gc,cpu      ] GC(12) User=0.05s Sys=0.00s Real=0.01s
[2025-02-07T09:29:02.613+0000][78][info ][safepoint   ] Safepoint "G1CollectForAllocation", Time since last: 374410443 ns, Reaching safepoint: 89171 ns, At safepoint: 11437763 ns, Total: 11526934 ns
[2025-02-07T09:29:03.093+0000][78][info ][gc,start    ] GC(13) Pause Young (Mixed) (G1 Evacuation Pause)
[2025-02-07T09:29:03.093+0000][78][info ][gc,task     ] GC(13) Using 12 workers of 13 for evacuation
[2025-02-07T09:29:03.093+0000][78][debug][gc,age      ] GC(13) Desired survivor size 20971520 bytes, new threshold 6 (max threshold 15)
[2025-02-07T09:29:03.102+0000][78][info ][gc,phases   ] GC(13)   Pre Evacuate Collection Set: 0.25ms
[2025-02-07T09:29:03.102+0000][78][info ][gc,phases   ] GC(13)   Merge Heap Roots: 0.17ms
[2025-02-07T09:29:03.102+0000][78][info ][gc,phases   ] GC(13)   Evacuate Collection Set: 6.83ms
[2025-02-07T09:29:03.103+0000][78][info ][gc,phases   ] GC(13)   Post Evacuate Collection Set: 1.25ms
[2025-02-07T09:29:03.103+0000][78][info ][gc,phases   ] GC(13)   Other: 0.36ms
[2025-02-07T09:29:03.103+0000][78][trace][gc,age      ] GC(13) Age table:
[2025-02-07T09:29:03.103+0000][78][trace][gc,age      ] GC(13) - age   1:    4174096 bytes,    4174096 total
[2025-02-07T09:29:03.103+0000][78][trace][gc,age      ] GC(13) - age   2:    3145232 bytes,    7319328 total
[2025-02-07T09:29:03.103+0000][78][trace][gc,age      ] GC(13) - age   3:    4291712 bytes,   11611040 total
[2025-02-07T09:29:03.104+0000][78][trace][gc,age      ] GC(13) - age   4:    2535104 bytes,   14146144 total
[2025-02-07T09:29:03.104+0000][78][trace][gc,age      ] GC(13) - age   5:    2954920 bytes,   17101064 total
[2025-02-07T09:29:03.104+0000][78][trace][gc,age      ] GC(13) - age   6:    3005432 bytes,   20106496 total
[2025-02-07T09:29:03.104+0000][78][info ][gc,heap     ] GC(13) Eden regions: 35->0(35)
[2025-02-07T09:29:03.104+0000][78][info ][gc,heap     ] GC(13) Survivor regions: 3->3(5)
[2025-02-07T09:29:03.104+0000][78][info ][gc,heap     ] GC(13) Old regions: 3->3
[2025-02-07T09:29:03.105+0000][78][info ][gc,heap     ] GC(13) Humongous regions: 0->0
[2025-02-07T09:29:03.105+0000][78][info ][gc,metaspace] GC(13) Metaspace: 39314K(40512K)->39314K(40512K) NonClass: 34772K(35456K)->34772K(35456K) Class: 4541K(5056K)->4541K(5056K)
[2025-02-07T09:29:03.105+0000][78][info ][gc          ] GC(13) Pause Young (Mixed) (G1 Evacuation Pause) 316M->38M(512M) 12.313ms
[2025-02-07T09:29:03.105+0000][78][info ][gc,cpu      ] GC(13) User=0.06s Sys=0.00s Real=0.02s
[2025-02-07T09:29:03.105+0000][78][info ][safepoint   ] Safepoint "G1CollectForAllocation", Time since last: 479376416 ns, Reaching safepoint: 92487 ns, At safepoint: 12715062 ns, Total: 12807549 ns
[2025-02-07T09:29:03.419+0000][78][info ][gc,start    ] GC(14) Pause Young (Normal) (G1 Evacuation Pause)
[2025-02-07T09:29:03.419+0000][78][info ][gc,task     ] GC(14) Using 12 workers of 13 for evacuation
[2025-02-07T09:29:03.419+0000][78][debug][gc,age      ] GC(14) Desired survivor size 20971520 bytes, new threshold 15 (max threshold 15)
[2025-02-07T09:29:03.426+0000][78][info ][gc,phases   ] GC(14)   Pre Evacuate Collection Set: 0.37ms
[2025-02-07T09:29:03.427+0000][78][info ][gc,phases   ] GC(14)   Merge Heap Roots: 0.20ms
[2025-02-07T09:29:03.427+0000][78][info ][gc,phases   ] GC(14)   Evacuate Collection Set: 4.96ms
[2025-02-07T09:29:03.427+0000][78][info ][gc,phases   ] GC(14)   Post Evacuate Collection Set: 0.98ms
[2025-02-07T09:29:03.427+0000][78][info ][gc,phases   ] GC(14)   Other: 0.67ms
[2025-02-07T09:29:03.428+0000][78][trace][gc,age      ] GC(14) Age table:
[2025-02-07T09:29:03.428+0000][78][trace][gc,age      ] GC(14) - age   1:    6615632 bytes,    6615632 total
[2025-02-07T09:29:03.428+0000][78][trace][gc,age      ] GC(14) - age   2:    4102856 bytes,   10718488 total
[2025-02-07T09:29:03.428+0000][78][trace][gc,age      ] GC(14) - age   3:    3144960 bytes,   13863448 total
[2025-02-07T09:29:03.429+0000][78][trace][gc,age      ] GC(14) - age   4:    4289648 bytes,   18153096 total
[2025-02-07T09:29:03.429+0000][78][trace][gc,age      ] GC(14) - age   5:    2534832 bytes,   20687928 total
[2025-02-07T09:29:03.429+0000][78][trace][gc,age      ] GC(14) - age   6:    2954824 bytes,   23642752 total
[2025-02-07T09:29:03.430+0000][78][trace][gc,age      ] GC(14) - age   7:    3005432 bytes,   26648184 total
[2025-02-07T09:29:03.430+0000][78][info ][gc,heap     ] GC(14) Eden regions: 35->0(34)
[2025-02-07T09:29:03.430+0000][78][info ][gc,heap     ] GC(14) Survivor regions: 3->4(5)
[2025-02-07T09:29:03.430+0000][78][info ][gc,heap     ] GC(14) Old regions: 3->3
[2025-02-07T09:29:03.430+0000][78][info ][gc,heap     ] GC(14) Humongous regions: 0->0
[2025-02-07T09:29:03.430+0000][78][info ][gc,metaspace] GC(14) Metaspace: 39551K(40768K)->39551K(40768K) NonClass: 34978K(35712K)->34978K(35712K) Class: 4573K(5056K)->4573K(5056K)
[2025-02-07T09:29:03.431+0000][78][info ][gc          ] GC(14) Pause Young (Normal) (G1 Evacuation Pause) 318M->45M(512M) 11.960ms
[2025-02-07T09:29:03.431+0000][78][info ][gc,cpu      ] GC(14) User=0.05s Sys=0.00s Real=0.01s
[2025-02-07T09:29:03.431+0000][78][info ][safepoint   ] Safepoint "G1CollectForAllocation", Time since last: 313383559 ns, Reaching safepoint: 4184 ns, At safepoint: 12382778 ns, Total: 12386962 ns
[2025-02-07T09:29:04.797+0000][78][info ][gc,start    ] GC(15) Pause Young (Normal) (G1 Evacuation Pause)
[2025-02-07T09:29:04.798+0000][78][info ][gc,task     ] GC(15) Using 12 workers of 13 for evacuation
[2025-02-07T09:29:04.798+0000][78][debug][gc,age      ] GC(15) Desired survivor size 20971520 bytes, new threshold 6 (max threshold 15)
[2025-02-07T09:29:04.817+0000][78][info ][gc,phases   ] GC(15)   Pre Evacuate Collection Set: 0.33ms
[2025-02-07T09:29:04.818+0000][78][info ][gc,phases   ] GC(15)   Merge Heap Roots: 0.24ms
[2025-02-07T09:29:04.818+0000][78][info ][gc,phases   ] GC(15)   Evacuate Collection Set: 6.29ms
[2025-02-07T09:29:04.818+0000][78][info ][gc,phases   ] GC(15)   Post Evacuate Collection Set: 11.53ms
[2025-02-07T09:29:04.818+0000][78][info ][gc,phases   ] GC(15)   Other: 0.52ms
[2025-02-07T09:29:04.819+0000][78][trace][gc,age      ] GC(15) Age table:
[2025-02-07T09:29:04.819+0000][78][trace][gc,age      ] GC(15) - age   1:    4567848 bytes,    4567848 total
[2025-02-07T09:29:04.819+0000][78][trace][gc,age      ] GC(15) - age   2:    5615640 bytes,   10183488 total
[2025-02-07T09:29:04.820+0000][78][trace][gc,age      ] GC(15) - age   3:    4082912 bytes,   14266400 total
[2025-02-07T09:29:04.820+0000][78][trace][gc,age      ] GC(15) - age   4:    3137816 bytes,   17404216 total
[2025-02-07T09:29:04.820+0000][78][trace][gc,age      ] GC(15) - age   5:    4283080 bytes,   21687296 total
[2025-02-07T09:29:04.821+0000][78][trace][gc,age      ] GC(15) - age   6:    2532272 bytes,   24219568 total
[2025-02-07T09:29:04.821+0000][78][info ][gc,heap     ] GC(15) Eden regions: 34->0(44)
[2025-02-07T09:29:04.821+0000][78][info ][gc,heap     ] GC(15) Survivor regions: 4->4(5)
[2025-02-07T09:29:04.822+0000][78][info ][gc,heap     ] GC(15) Old regions: 3->4
[2025-02-07T09:29:04.822+0000][78][info ][gc,heap     ] GC(15) Humongous regions: 0->0
[2025-02-07T09:29:04.822+0000][78][info ][gc,metaspace] GC(15) Metaspace: 45918K(47424K)->45918K(47424K) NonClass: 40411K(41280K)->40411K(41280K) Class: 5506K(6144K)->5506K(6144K)
[2025-02-07T09:29:04.823+0000][78][info ][gc          ] GC(15) Pause Young (Normal) (G1 Evacuation Pause) 317M->48M(640M) 25.290ms
[2025-02-07T09:29:04.823+0000][78][info ][gc,cpu      ] GC(15) User=0.11s Sys=0.10s Real=0.02s
[2025-02-07T09:29:04.823+0000][78][info ][safepoint   ] Safepoint "G1CollectForAllocation", Time since last: 1366273255 ns, Reaching safepoint: 4492 ns, At safepoint: 26057380 ns, Total: 26061872 ns
[2025-02-07T09:29:05.706+0000][78][info ][gc,start    ] GC(16) Pause Young (Concurrent Start) (Metadata GC Threshold)
[2025-02-07T09:29:05.707+0000][78][info ][gc,task     ] GC(16) Using 13 workers of 13 for evacuation
[2025-02-07T09:29:05.707+0000][78][debug][gc,age      ] GC(16) Desired survivor size 25165824 bytes, new threshold 15 (max threshold 15)
[2025-02-07T09:29:05.718+0000][78][info ][gc,phases   ] GC(16)   Pre Evacuate Collection Set: 0.27ms
[2025-02-07T09:29:05.719+0000][78][info ][gc,phases   ] GC(16)   Merge Heap Roots: 0.17ms
[2025-02-07T09:29:05.719+0000][78][info ][gc,phases   ] GC(16)   Evacuate Collection Set: 9.36ms
[2025-02-07T09:29:05.719+0000][78][info ][gc,phases   ] GC(16)   Post Evacuate Collection Set: 1.39ms
[2025-02-07T09:29:05.719+0000][78][info ][gc,phases   ] GC(16)   Other: 0.58ms
[2025-02-07T09:29:05.720+0000][78][trace][gc,age      ] GC(16) Age table:
[2025-02-07T09:29:05.720+0000][78][trace][gc,age      ] GC(16) - age   1:    3118832 bytes,    3118832 total
[2025-02-07T09:29:05.720+0000][78][trace][gc,age      ] GC(16) - age   2:    4397440 bytes,    7516272 total
[2025-02-07T09:29:05.720+0000][78][trace][gc,age      ] GC(16) - age   3:    5612408 bytes,   13128680 total
[2025-02-07T09:29:05.721+0000][78][trace][gc,age      ] GC(16) - age   4:    4079088 bytes,   17207768 total
[2025-02-07T09:29:05.721+0000][78][trace][gc,age      ] GC(16) - age   5:    3135824 bytes,   20343592 total
[2025-02-07T09:29:05.721+0000][78][trace][gc,age      ] GC(16) - age   6:    4282560 bytes,   24626152 total
[2025-02-07T09:29:05.721+0000][78][trace][gc,age      ] GC(16) - age   7:    2532240 bytes,   27158392 total
[2025-02-07T09:29:05.722+0000][78][info ][gc,heap     ] GC(16) Eden regions: 22->0(44)
[2025-02-07T09:29:05.722+0000][78][info ][gc,heap     ] GC(16) Survivor regions: 4->4(6)
[2025-02-07T09:29:05.722+0000][78][info ][gc,heap     ] GC(16) Old regions: 4->4
[2025-02-07T09:29:05.723+0000][78][info ][gc,heap     ] GC(16) Humongous regions: 0->0
[2025-02-07T09:29:05.723+0000][78][info ][gc,metaspace] GC(16) Metaspace: 59332K(60928K)->59332K(60928K) NonClass: 51956K(52928K)->51956K(52928K) Class: 7376K(8000K)->7376K(8000K)
[2025-02-07T09:29:05.723+0000][78][info ][gc          ] GC(16) Pause Young (Concurrent Start) (Metadata GC Threshold) 220M->51M(640M) 16.864ms
[2025-02-07T09:29:05.724+0000][78][info ][gc,cpu      ] GC(16) User=0.06s Sys=0.01s Real=0.01s
[2025-02-07T09:29:05.724+0000][78][info ][gc          ] GC(17) Concurrent Mark Cycle
[2025-02-07T09:29:05.724+0000][78][info ][gc,marking  ] GC(17) Concurrent Scan Root Regions
[2025-02-07T09:29:05.724+0000][78][info ][safepoint   ] Safepoint "CollectForMetadataAllocation", Time since last: 882869867 ns, Reaching safepoint: 2351 ns, At safepoint: 17593776 ns, Total: 17596127 ns
[2025-02-07T09:29:05.728+0000][78][info ][gc,marking  ] GC(17) Concurrent Scan Root Regions 4.197ms
[2025-02-07T09:29:05.728+0000][78][info ][gc,marking  ] GC(17) Concurrent Mark
[2025-02-07T09:29:05.729+0000][78][info ][gc,marking  ] GC(17) Concurrent Mark From Roots
[2025-02-07T09:29:05.729+0000][78][info ][gc,task     ] GC(17) Using 3 workers of 3 for marking
[2025-02-07T09:29:05.740+0000][78][info ][gc,marking  ] GC(17) Concurrent Mark From Roots 11.265ms
[2025-02-07T09:29:05.740+0000][78][info ][gc,marking  ] GC(17) Concurrent Preclean
[2025-02-07T09:29:05.740+0000][78][info ][gc,marking  ] GC(17) Concurrent Preclean 0.255ms
[2025-02-07T09:29:05.741+0000][78][info ][gc,start    ] GC(17) Pause Remark
[2025-02-07T09:29:05.748+0000][78][info ][gc          ] GC(17) Pause Remark 55M->55M(512M) 7.378ms
[2025-02-07T09:29:05.749+0000][78][info ][gc,cpu      ] GC(17) User=0.06s Sys=0.00s Real=0.01s
[2025-02-07T09:29:05.749+0000][78][info ][safepoint   ] Safepoint "G1PauseRemark", Time since last: 17021672 ns, Reaching safepoint: 80494 ns, At safepoint: 7987672 ns, Total: 8068166 ns
[2025-02-07T09:29:05.749+0000][78][info ][gc,marking  ] GC(17) Concurrent Mark 20.798ms
[2025-02-07T09:29:05.749+0000][78][info ][gc,marking  ] GC(17) Concurrent Rebuild Remembered Sets and Scrub Regions
[2025-02-07T09:29:05.755+0000][78][info ][gc,marking  ] GC(17) Concurrent Rebuild Remembered Sets and Scrub Regions 5.492ms
[2025-02-07T09:29:05.755+0000][78][info ][gc,start    ] GC(17) Pause Cleanup
[2025-02-07T09:29:05.756+0000][78][info ][gc          ] GC(17) Pause Cleanup 55M->55M(512M) 0.435ms
[2025-02-07T09:29:05.756+0000][78][info ][gc,cpu      ] GC(17) User=0.00s Sys=0.00s Real=0.00s
[2025-02-07T09:29:05.756+0000][78][info ][safepoint   ] Safepoint "G1PauseCleanup", Time since last: 6173653 ns, Reaching safepoint: 117255 ns, At safepoint: 1061333 ns, Total: 1178588 ns
[2025-02-07T09:29:05.757+0000][78][info ][gc,marking  ] GC(17) Concurrent Clear Claimed Marks
[2025-02-07T09:29:05.757+0000][78][info ][gc,marking  ] GC(17) Concurrent Clear Claimed Marks 0.318ms
[2025-02-07T09:29:05.757+0000][78][info ][gc,marking  ] GC(17) Concurrent Cleanup for Next Mark
[2025-02-07T09:29:05.758+0000][78][info ][gc,marking  ] GC(17) Concurrent Cleanup for Next Mark 0.511ms
[2025-02-07T09:29:05.758+0000][78][info ][gc          ] GC(17) Concurrent Mark Cycle 34.441ms
[2025-02-07T09:29:07.387+0000][78][info ][gc,start    ] GC(18) Pause Young (Prepare Mixed) (G1 Evacuation Pause)
[2025-02-07T09:29:07.388+0000][78][info ][gc,task     ] GC(18) Using 12 workers of 13 for evacuation
[2025-02-07T09:29:07.388+0000][78][debug][gc,age      ] GC(18) Desired survivor size 20971520 bytes, new threshold 6 (max threshold 15)
[2025-02-07T09:29:07.399+0000][78][info ][gc,phases   ] GC(18)   Pre Evacuate Collection Set: 0.23ms
[2025-02-07T09:29:07.399+0000][78][info ][gc,phases   ] GC(18)   Merge Heap Roots: 0.18ms
[2025-02-07T09:29:07.399+0000][78][info ][gc,phases   ] GC(18)   Evacuate Collection Set: 8.36ms
[2025-02-07T09:29:07.399+0000][78][info ][gc,phases   ] GC(18)   Post Evacuate Collection Set: 1.75ms
[2025-02-07T09:29:07.399+0000][78][info ][gc,phases   ] GC(18)   Other: 0.42ms
[2025-02-07T09:29:07.400+0000][78][trace][gc,age      ] GC(18) Age table:
[2025-02-07T09:29:07.400+0000][78][trace][gc,age      ] GC(18) - age   1:    9184752 bytes,    9184752 total
[2025-02-07T09:29:07.400+0000][78][trace][gc,age      ] GC(18) - age   2:    2901696 bytes,   12086448 total
[2025-02-07T09:29:07.400+0000][78][trace][gc,age      ] GC(18) - age   3:    4290232 bytes,   16376680 total
[2025-02-07T09:29:07.400+0000][78][trace][gc,age      ] GC(18) - age   4:    5598472 bytes,   21975152 total
[2025-02-07T09:29:07.400+0000][78][trace][gc,age      ] GC(18) - age   5:    4066256 bytes,   26041408 total
[2025-02-07T09:29:07.401+0000][78][trace][gc,age      ] GC(18) - age   6:    3126680 bytes,   29168088 total
[2025-02-07T09:29:07.401+0000][78][info ][gc,heap     ] GC(18) Eden regions: 34->0(34)
[2025-02-07T09:29:07.401+0000][78][info ][gc,heap     ] GC(18) Survivor regions: 4->4(5)
[2025-02-07T09:29:07.401+0000][78][info ][gc,heap     ] GC(18) Old regions: 4->5
[2025-02-07T09:29:07.401+0000][78][info ][gc,heap     ] GC(18) Humongous regions: 0->0
[2025-02-07T09:29:07.401+0000][78][info ][gc,metaspace] GC(18) Metaspace: 72410K(74432K)->72410K(74432K) NonClass: 62784K(64000K)->62784K(64000K) Class: 9625K(10432K)->9625K(10432K)
[2025-02-07T09:29:07.402+0000][78][info ][gc          ] GC(18) Pause Young (Prepare Mixed) (G1 Evacuation Pause) 323M->60M(512M) 14.304ms
[2025-02-07T09:29:07.402+0000][78][info ][gc,cpu      ] GC(18) User=0.09s Sys=0.00s Real=0.01s
[2025-02-07T09:29:07.402+0000][78][info ][safepoint   ] Safepoint "G1CollectForAllocation", Time since last: 1630918924 ns, Reaching safepoint: 3352 ns, At safepoint: 14679839 ns, Total: 14683191 ns
[2025-02-07T09:29:08.437+0000][78][info ][gc,start    ] GC(19) Pause Young (Mixed) (G1 Evacuation Pause)
[2025-02-07T09:29:08.438+0000][78][info ][gc,task     ] GC(19) Using 12 workers of 13 for evacuation
[2025-02-07T09:29:08.438+0000][78][debug][gc,age      ] GC(19) Desired survivor size 20971520 bytes, new threshold 4 (max threshold 15)
[2025-02-07T09:29:08.448+0000][78][info ][gc,phases   ] GC(19)   Pre Evacuate Collection Set: 0.31ms
[2025-02-07T09:29:08.449+0000][78][info ][gc,phases   ] GC(19)   Merge Heap Roots: 0.23ms
[2025-02-07T09:29:08.449+0000][78][info ][gc,phases   ] GC(19)   Evacuate Collection Set: 7.71ms
[2025-02-07T09:29:08.449+0000][78][info ][gc,phases   ] GC(19)   Post Evacuate Collection Set: 1.83ms
[2025-02-07T09:29:08.449+0000][78][info ][gc,phases   ] GC(19)   Other: 0.43ms
[2025-02-07T09:29:08.449+0000][78][trace][gc,age      ] GC(19) Age table:
[2025-02-07T09:29:08.449+0000][78][trace][gc,age      ] GC(19) - age   1:    3929120 bytes,    3929120 total
[2025-02-07T09:29:08.449+0000][78][trace][gc,age      ] GC(19) - age   2:    7322888 bytes,   11252008 total
[2025-02-07T09:29:08.449+0000][78][trace][gc,age      ] GC(19) - age   3:    2858256 bytes,   14110264 total
[2025-02-07T09:29:08.449+0000][78][trace][gc,age      ] GC(19) - age   4:    4176760 bytes,   18287024 total
[2025-02-07T09:29:08.449+0000][78][info ][gc,heap     ] GC(19) Eden regions: 34->0(35)
[2025-02-07T09:29:08.450+0000][78][info ][gc,heap     ] GC(19) Survivor regions: 4->3(5)
[2025-02-07T09:29:08.450+0000][78][info ][gc,heap     ] GC(19) Old regions: 5->6
[2025-02-07T09:29:08.450+0000][78][info ][gc,heap     ] GC(19) Humongous regions: 0->0
[2025-02-07T09:29:08.450+0000][78][info ][gc,metaspace] GC(19) Metaspace: 77134K(79104K)->77134K(79104K) NonClass: 66751K(67904K)->66751K(67904K) Class: 10382K(11200K)->10382K(11200K)
[2025-02-07T09:29:08.450+0000][78][info ][gc          ] GC(19) Pause Young (Mixed) (G1 Evacuation Pause) 332M->62M(512M) 12.720ms
[2025-02-07T09:29:08.450+0000][78][info ][gc,cpu      ] GC(19) User=0.07s Sys=0.01s Real=0.01s
[2025-02-07T09:29:08.450+0000][78][info ][safepoint   ] Safepoint "G1CollectForAllocation", Time since last: 1035494464 ns, Reaching safepoint: 3935 ns, At safepoint: 12943475 ns, Total: 12947410 ns
[2025-02-07T09:29:09.754+0000][78][info ][gc,start    ] GC(20) Pause Young (Normal) (G1 Evacuation Pause)
[2025-02-07T09:29:09.755+0000][78][info ][gc,task     ] GC(20) Using 12 workers of 13 for evacuation
[2025-02-07T09:29:09.755+0000][78][debug][gc,age      ] GC(20) Desired survivor size 20971520 bytes, new threshold 15 (max threshold 15)
[2025-02-07T09:29:09.768+0000][78][info ][gc,phases   ] GC(20)   Pre Evacuate Collection Set: 0.29ms
[2025-02-07T09:29:09.769+0000][78][info ][gc,phases   ] GC(20)   Merge Heap Roots: 0.24ms
[2025-02-07T09:29:09.769+0000][78][info ][gc,phases   ] GC(20)   Evacuate Collection Set: 9.61ms
[2025-02-07T09:29:09.769+0000][78][info ][gc,phases   ] GC(20)   Post Evacuate Collection Set: 2.58ms
[2025-02-07T09:29:09.769+0000][78][info ][gc,phases   ] GC(20)   Other: 0.72ms
[2025-02-07T09:29:09.769+0000][78][trace][gc,age      ] GC(20) Age table:
[2025-02-07T09:29:09.770+0000][78][trace][gc,age      ] GC(20) - age   1:    5835304 bytes,    5835304 total
[2025-02-07T09:29:09.770+0000][78][trace][gc,age      ] GC(20) - age   2:    3810520 bytes,    9645824 total
[2025-02-07T09:29:09.770+0000][78][trace][gc,age      ] GC(20) - age   3:    7302584 bytes,   16948408 total
[2025-02-07T09:29:09.770+0000][78][trace][gc,age      ] GC(20) - age   4:    2847912 bytes,   19796320 total
[2025-02-07T09:29:09.770+0000][78][trace][gc,age      ] GC(20) - age   5:    4116256 bytes,   23912576 total
[2025-02-07T09:29:09.771+0000][78][info ][gc,heap     ] GC(20) Eden regions: 35->0(34)
[2025-02-07T09:29:09.771+0000][78][info ][gc,heap     ] GC(20) Survivor regions: 3->4(5)
[2025-02-07T09:29:09.771+0000][78][info ][gc,heap     ] GC(20) Old regions: 6->6
[2025-02-07T09:29:09.771+0000][78][info ][gc,heap     ] GC(20) Humongous regions: 0->0
[2025-02-07T09:29:09.771+0000][78][info ][gc,metaspace] GC(20) Metaspace: 91228K(93376K)->91228K(93376K) NonClass: 78976K(80192K)->78976K(80192K) Class: 12252K(13184K)->12252K(13184K)
[2025-02-07T09:29:09.771+0000][78][info ][gc          ] GC(20) Pause Young (Normal) (G1 Evacuation Pause) 342M->68M(512M) 17.025ms
[2025-02-07T09:29:09.772+0000][78][info ][gc,cpu      ] GC(20) User=0.07s Sys=0.02s Real=0.01s
[2025-02-07T09:29:09.772+0000][78][info ][safepoint   ] Safepoint "G1CollectForAllocation", Time since last: 1303946690 ns, Reaching safepoint: 66989 ns, At safepoint: 17533021 ns, Total: 17600010 ns
[2025-02-07T09:29:10.328+0000][78][info ][gc,start    ] GC(21) Pause Young (Concurrent Start) (Metadata GC Threshold)
[2025-02-07T09:29:10.328+0000][78][info ][gc,task     ] GC(21) Using 12 workers of 13 for evacuation
[2025-02-07T09:29:10.328+0000][78][debug][gc,age      ] GC(21) Desired survivor size 20971520 bytes, new threshold 5 (max threshold 15)
[2025-02-07T09:29:10.340+0000][78][info ][gc,phases   ] GC(21)   Pre Evacuate Collection Set: 0.36ms
[2025-02-07T09:29:10.340+0000][78][info ][gc,phases   ] GC(21)   Merge Heap Roots: 0.14ms
[2025-02-07T09:29:10.341+0000][78][info ][gc,phases   ] GC(21)   Evacuate Collection Set: 8.87ms
[2025-02-07T09:29:10.341+0000][78][info ][gc,phases   ] GC(21)   Post Evacuate Collection Set: 2.06ms
[2025-02-07T09:29:10.341+0000][78][info ][gc,phases   ] GC(21)   Other: 0.58ms
[2025-02-07T09:29:10.341+0000][78][trace][gc,age      ] GC(21) Age table:
[2025-02-07T09:29:10.342+0000][78][trace][gc,age      ] GC(21) - age   1:    2989816 bytes,    2989816 total
[2025-02-07T09:29:10.342+0000][78][trace][gc,age      ] GC(21) - age   2:    5577736 bytes,    8567552 total
[2025-02-07T09:29:10.342+0000][78][trace][gc,age      ] GC(21) - age   3:    3802472 bytes,   12370024 total
[2025-02-07T09:29:10.343+0000][78][trace][gc,age      ] GC(21) - age   4:    7266832 bytes,   19636856 total
[2025-02-07T09:29:10.343+0000][78][trace][gc,age      ] GC(21) - age   5:    2839912 bytes,   22476768 total
[2025-02-07T09:29:10.343+0000][78][info ][gc,heap     ] GC(21) Eden regions: 9->0(34)
[2025-02-07T09:29:10.344+0000][78][info ][gc,heap     ] GC(21) Survivor regions: 4->4(5)
[2025-02-07T09:29:10.344+0000][78][info ][gc,heap     ] GC(21) Old regions: 6->7
[2025-02-07T09:29:10.344+0000][78][info ][gc,heap     ] GC(21) Humongous regions: 0->0
[2025-02-07T09:29:10.344+0000][78][info ][gc,metaspace] GC(21) Metaspace: 99715K(101888K)->99715K(101888K) NonClass: 86214K(87488K)->86214K(87488K) Class: 13500K(14400K)->13500K(14400K)
[2025-02-07T09:29:10.345+0000][78][info ][gc          ] GC(21) Pause Young (Concurrent Start) (Metadata GC Threshold) 140M->72M(512M) 16.964ms
[2025-02-07T09:29:10.345+0000][78][info ][gc,cpu      ] GC(21) User=0.06s Sys=0.00s Real=0.02s
[2025-02-07T09:29:10.345+0000][78][info ][gc          ] GC(22) Concurrent Mark Cycle
[2025-02-07T09:29:10.345+0000][78][info ][safepoint   ] Safepoint "CollectForMetadataAllocation", Time since last: 555708883 ns, Reaching safepoint: 3022 ns, At safepoint: 17666664 ns, Total: 17669686 ns
[2025-02-07T09:29:10.345+0000][78][info ][gc,marking  ] GC(22) Concurrent Scan Root Regions
[2025-02-07T09:29:10.352+0000][78][info ][gc,marking  ] GC(22) Concurrent Scan Root Regions 6.727ms
[2025-02-07T09:29:10.352+0000][78][info ][gc,marking  ] GC(22) Concurrent Mark
[2025-02-07T09:29:10.353+0000][78][info ][gc,marking  ] GC(22) Concurrent Mark From Roots
[2025-02-07T09:29:10.353+0000][78][info ][gc,task     ] GC(22) Using 3 workers of 3 for marking
[2025-02-07T09:29:10.360+0000][78][info ][safepoint   ] Safepoint "CollectForMetadataAllocation", Time since last: 14812264 ns, Reaching safepoint: 68566 ns, At safepoint: 102223 ns, Total: 170789 ns
[2025-02-07T09:29:10.365+0000][78][info ][gc,marking  ] GC(22) Concurrent Mark From Roots 12.117ms
[2025-02-07T09:29:10.365+0000][78][info ][gc,marking  ] GC(22) Concurrent Preclean
[2025-02-07T09:29:10.365+0000][78][info ][gc,marking  ] GC(22) Concurrent Preclean 0.370ms
[2025-02-07T09:29:10.366+0000][78][info ][gc,start    ] GC(22) Pause Remark
[2025-02-07T09:29:10.370+0000][78][info ][gc          ] GC(22) Pause Remark 77M->77M(512M) 4.724ms
[2025-02-07T09:29:10.371+0000][78][info ][gc,cpu      ] GC(22) User=0.02s Sys=0.00s Real=0.00s
[2025-02-07T09:29:10.371+0000][78][info ][safepoint   ] Safepoint "G1PauseRemark", Time since last: 5360425 ns, Reaching safepoint: 1768 ns, At safepoint: 5612254 ns, Total: 5614022 ns
[2025-02-07T09:29:10.372+0000][78][info ][gc,marking  ] GC(22) Concurrent Mark 19.392ms
[2025-02-07T09:29:10.372+0000][78][info ][gc,marking  ] GC(22) Concurrent Rebuild Remembered Sets and Scrub Regions
[2025-02-07T09:29:10.377+0000][78][info ][gc,marking  ] GC(22) Concurrent Rebuild Remembered Sets and Scrub Regions 5.037ms
[2025-02-07T09:29:10.377+0000][78][info ][gc,start    ] GC(22) Pause Cleanup
[2025-02-07T09:29:10.378+0000][78][info ][gc          ] GC(22) Pause Cleanup 77M->77M(512M) 0.332ms
[2025-02-07T09:29:10.378+0000][78][info ][gc,cpu      ] GC(22) User=0.00s Sys=0.00s Real=0.00s
[2025-02-07T09:29:10.378+0000][78][info ][safepoint   ] Safepoint "G1PauseCleanup", Time since last: 6209358 ns, Reaching safepoint: 3865 ns, At safepoint: 895193 ns, Total: 899058 ns
[2025-02-07T09:29:10.379+0000][78][info ][gc,marking  ] GC(22) Concurrent Clear Claimed Marks
[2025-02-07T09:29:10.379+0000][78][info ][gc,marking  ] GC(22) Concurrent Clear Claimed Marks 0.266ms
[2025-02-07T09:29:10.379+0000][78][info ][gc,marking  ] GC(22) Concurrent Cleanup for Next Mark
[2025-02-07T09:29:10.380+0000][78][info ][gc,marking  ] GC(22) Concurrent Cleanup for Next Mark 0.568ms
[2025-02-07T09:29:10.380+0000][78][info ][gc          ] GC(22) Concurrent Mark Cycle 35.025ms
[2025-02-07T09:29:12.346+0000][78][info ][gc,start    ] GC(23) Pause Young (Prepare Mixed) (G1 Evacuation Pause)
[2025-02-07T09:29:12.347+0000][78][info ][gc,task     ] GC(23) Using 12 workers of 13 for evacuation
[2025-02-07T09:29:12.347+0000][78][debug][gc,age      ] GC(23) Desired survivor size 20971520 bytes, new threshold 5 (max threshold 15)
[2025-02-07T09:29:12.367+0000][78][info ][gc,phases   ] GC(23)   Pre Evacuate Collection Set: 0.30ms
[2025-02-07T09:29:12.367+0000][78][info ][gc,phases   ] GC(23)   Merge Heap Roots: 0.18ms
[2025-02-07T09:29:12.367+0000][78][info ][gc,phases   ] GC(23)   Evacuate Collection Set: 17.05ms
[2025-02-07T09:29:12.367+0000][78][info ][gc,phases   ] GC(23)   Post Evacuate Collection Set: 2.13ms
[2025-02-07T09:29:12.367+0000][78][info ][gc,phases   ] GC(23)   Other: 0.36ms
[2025-02-07T09:29:12.368+0000][78][trace][gc,age      ] GC(23) Age table:
[2025-02-07T09:29:12.368+0000][78][trace][gc,age      ] GC(23) - age   1:   17875080 bytes,   17875080 total
[2025-02-07T09:29:12.368+0000][78][trace][gc,age      ] GC(23) - age   2:    2780496 bytes,   20655576 total
[2025-02-07T09:29:12.368+0000][78][trace][gc,age      ] GC(23) - age   3:    5542304 bytes,   26197880 total
[2025-02-07T09:29:12.368+0000][78][trace][gc,age      ] GC(23) - age   4:    3756680 bytes,   29954560 total
[2025-02-07T09:29:12.369+0000][78][trace][gc,age      ] GC(23) - age   5:    7096128 bytes,   37050688 total
[2025-02-07T09:29:12.369+0000][78][info ][gc,heap     ] GC(23) Eden regions: 34->0(33)
[2025-02-07T09:29:12.369+0000][78][info ][gc,heap     ] GC(23) Survivor regions: 4->5(5)
[2025-02-07T09:29:12.369+0000][78][info ][gc,heap     ] GC(23) Old regions: 7->7
[2025-02-07T09:29:12.369+0000][78][info ][gc,heap     ] GC(23) Humongous regions: 0->0
[2025-02-07T09:29:12.369+0000][78][info ][gc,metaspace] GC(23) Metaspace: 132673K(136576K)->132673K(136576K) NonClass: 113780K(115904K)->113780K(115904K) Class: 18893K(20672K)->18893K(20672K)
[2025-02-07T09:29:12.369+0000][78][info ][gc          ] GC(23) Pause Young (Prepare Mixed) (G1 Evacuation Pause) 344M->89M(512M) 22.853ms
[2025-02-07T09:29:12.369+0000][78][info ][gc,cpu      ] GC(23) User=0.22s Sys=0.02s Real=0.02s
[2025-02-07T09:29:12.370+0000][78][info ][safepoint   ] Safepoint "G1CollectForAllocation", Time since last: 1968021353 ns, Reaching safepoint: 12656 ns, At safepoint: 23164498 ns, Total: 23177154 ns
[2025-02-07T09:29:14.705+0000][78][info ][gc,start    ] GC(24) Pause Young (Mixed) (G1 Evacuation Pause)
[2025-02-07T09:29:14.705+0000][78][info ][gc,task     ] GC(24) Using 12 workers of 13 for evacuation
[2025-02-07T09:29:14.706+0000][78][debug][gc,age      ] GC(24) Desired survivor size 20971520 bytes, new threshold 3 (max threshold 15)
[2025-02-07T09:29:14.729+0000][78][info ][gc,phases   ] GC(24)   Pre Evacuate Collection Set: 0.42ms
[2025-02-07T09:29:14.729+0000][78][info ][gc,phases   ] GC(24)   Merge Heap Roots: 0.20ms
[2025-02-07T09:29:14.729+0000][78][info ][gc,phases   ] GC(24)   Evacuate Collection Set: 19.23ms
[2025-02-07T09:29:14.729+0000][78][info ][gc,phases   ] GC(24)   Post Evacuate Collection Set: 2.82ms
[2025-02-07T09:29:14.730+0000][78][info ][gc,phases   ] GC(24)   Other: 0.68ms
[2025-02-07T09:29:14.730+0000][78][trace][gc,age      ] GC(24) Age table:
[2025-02-07T09:29:14.730+0000][78][trace][gc,age      ] GC(24) - age   1:    1849488 bytes,    1849488 total
[2025-02-07T09:29:14.731+0000][78][trace][gc,age      ] GC(24) - age   2:   16967320 bytes,   18816808 total
[2025-02-07T09:29:14.731+0000][78][trace][gc,age      ] GC(24) - age   3:    2780376 bytes,   21597184 total
[2025-02-07T09:29:14.732+0000][78][info ][gc,heap     ] GC(24) Eden regions: 33->0(35)
[2025-02-07T09:29:14.732+0000][78][info ][gc,heap     ] GC(24) Survivor regions: 5->3(5)
[2025-02-07T09:29:14.732+0000][78][info ][gc,heap     ] GC(24) Old regions: 7->9
[2025-02-07T09:29:14.733+0000][78][info ][gc,heap     ] GC(24) Humongous regions: 0->0
[2025-02-07T09:29:14.733+0000][78][info ][gc,metaspace] GC(24) Metaspace: 135622K(139584K)->135622K(139584K) NonClass: 116434K(118592K)->116434K(118592K) Class: 19187K(20992K)->19187K(20992K)
[2025-02-07T09:29:14.733+0000][78][info ][gc          ] GC(24) Pause Young (Mixed) (G1 Evacuation Pause) 353M->90M(512M) 28.555ms
[2025-02-07T09:29:14.734+0000][78][info ][gc,cpu      ] GC(24) User=0.10s Sys=0.00s Real=0.02s
[2025-02-07T09:29:14.734+0000][78][info ][safepoint   ] Safepoint "G1CollectForAllocation", Time since last: 2335190316 ns, Reaching safepoint: 6992 ns, At safepoint: 29270164 ns, Total: 29277156 ns
